<?xml version="1.0" encoding="utf-8"?>
<CoverageSession xmlns:xsd="http://www.w3.org/2001/XMLSchema" xmlns:xsi="http://www.w3.org/2001/XMLSchema-instance">
  <Summary numSequencePoints="688" visitedSequencePoints="65" numBranchPoints="243" visitedBranchPoints="30" sequenceCoverage="9.45" branchCoverage="12.35" maxCyclomaticComplexity="12" minCyclomaticComplexity="1" visitedClasses="1" numClasses="12" visitedMethods="14" numMethods="135" />
  <Modules>
    <Module skippedDueTo="Filter" hash="6F-48-75-3A-68-30-6D-C2-46-54-F6-21-CA-4A-AE-63-37-2A-84-31">
      <ModulePath>C:\Windows\assembly\GAC_64\mscorlib\2.0.0.0__b77a5c561934e089\mscorlib.dll</ModulePath>
      <ModuleTime>2017-09-13T07:05:50.1238597Z</ModuleTime>
      <ModuleName>mscorlib</ModuleName>
      <Classes />
    </Module>
    <Module skippedDueTo="Filter" hash="F9-04-A8-31-CD-FB-23-72-95-63-5D-14-9A-A0-66-8E-7F-44-93-7A">
      <ModulePath>C:\Windows\assembly\GAC_64\mscorlib\2.0.0.0__b77a5c561934e089\sorttbls.nlp</ModulePath>
      <ModuleTime>2009-06-10T20:40:02.3042907Z</ModuleTime>
      <ModuleName>mscorlib</ModuleName>
      <Classes />
    </Module>
    <Module skippedDueTo="Filter" hash="6E-30-2E-50-36-FB-60-2C-8E-50-C0-83-54-8B-CC-EA-A8-91-B6-CC">
      <ModulePath>C:\Windows\assembly\GAC_64\mscorlib\2.0.0.0__b77a5c561934e089\sortkey.nlp</ModulePath>
      <ModuleTime>2009-06-10T20:40:02.2886909Z</ModuleTime>
      <ModuleName>mscorlib</ModuleName>
      <Classes />
    </Module>
    <Module skippedDueTo="MissingPdb" hash="9F-C3-2E-51-B5-EB-69-B9-60-21-42-1F-17-25-12-07-16-11-20-50">
      <ModulePath>C:\Users\Mark\Documents\GitHub\CSharp\Sierra-Guidebook\DB-Location-XReferencer\tools\NUnit.Runners.2.6.4\tools\nunit-console.exe</ModulePath>
      <ModuleTime>2014-12-17T05:04:36Z</ModuleTime>
      <ModuleName>nunit-console</ModuleName>
      <Classes />
    </Module>
    <Module skippedDueTo="MissingPdb" hash="F2-ED-FF-09-01-C9-D7-BC-29-AC-A6-93-C5-97-8A-0D-43-DD-8D-F2">
      <ModulePath>C:\Users\Mark\Documents\GitHub\CSharp\Sierra-Guidebook\DB-Location-XReferencer\tools\NUnit.Runners.2.6.4\tools\lib\nunit-console-runner.dll</ModulePath>
      <ModuleTime>2014-12-17T05:04:36Z</ModuleTime>
      <ModuleName>nunit-console-runner</ModuleName>
      <Classes />
    </Module>
    <Module skippedDueTo="MissingPdb" hash="36-B9-FF-C0-07-EA-59-4D-23-2E-FD-CD-5A-45-CF-C0-2C-42-2A-98">
      <ModulePath>C:\Users\Mark\Documents\GitHub\CSharp\Sierra-Guidebook\DB-Location-XReferencer\tools\NUnit.Runners.2.6.4\tools\lib\nunit.core.dll</ModulePath>
      <ModuleTime>2014-12-17T05:04:36Z</ModuleTime>
      <ModuleName>nunit.core</ModuleName>
      <Classes />
    </Module>
    <Module skippedDueTo="MissingPdb" hash="14-C3-4B-3E-39-7A-EE-C0-B9-2F-83-44-2F-04-8A-F7-48-7B-67-DE">
      <ModulePath>C:\Users\Mark\Documents\GitHub\CSharp\Sierra-Guidebook\DB-Location-XReferencer\tools\NUnit.Runners.2.6.4\tools\lib\nunit.util.dll</ModulePath>
      <ModuleTime>2014-12-17T05:04:36Z</ModuleTime>
      <ModuleName>nunit.util</ModuleName>
      <Classes />
    </Module>
    <Module skippedDueTo="MissingPdb" hash="5E-95-A6-AD-88-48-98-B1-62-7F-4E-5A-C1-0E-F3-B7-85-56-44-E8">
      <ModulePath>C:\Users\Mark\Documents\GitHub\CSharp\Sierra-Guidebook\DB-Location-XReferencer\tools\NUnit.Runners.2.6.4\tools\lib\nunit.core.interfaces.dll</ModulePath>
      <ModuleTime>2014-12-17T05:04:36Z</ModuleTime>
      <ModuleName>nunit.core.interfaces</ModuleName>
      <Classes />
    </Module>
    <Module skippedDueTo="Filter" hash="A8-11-D7-52-4C-12-FE-1E-D5-1D-AD-35-BD-8E-E7-0A-41-48-A9-CD">
      <ModulePath>C:\Windows\assembly\GAC_MSIL\System.Configuration\2.0.0.0__b03f5f7f11d50a3a\System.Configuration.dll</ModulePath>
      <ModuleTime>2014-03-20T22:49:19.4176787Z</ModuleTime>
      <ModuleName>System.Configuration</ModuleName>
      <Classes />
    </Module>
    <Module skippedDueTo="Filter" hash="01-2A-7E-68-64-77-CE-46-F9-1B-26-8C-06-EF-D8-3B-8C-E0-70-90">
      <ModulePath>C:\Windows\assembly\GAC_MSIL\System\2.0.0.0__b77a5c561934e089\System.dll</ModulePath>
      <ModuleTime>2017-09-13T07:05:49.2208081Z</ModuleTime>
      <ModuleName>System</ModuleName>
      <Classes />
    </Module>
    <Module skippedDueTo="Filter" hash="4E-0B-B4-E8-45-32-C8-4E-8D-8F-B2-31-7F-72-BA-A4-EC-E6-8E-FF">
      <ModulePath>C:\Windows\assembly\GAC_MSIL\System.Xml\2.0.0.0__b77a5c561934e089\System.Xml.dll</ModulePath>
      <ModuleTime>2018-01-15T10:04:21.9847878Z</ModuleTime>
      <ModuleName>System.Xml</ModuleName>
      <Classes />
    </Module>
    <Module skippedDueTo="Filter" hash="F8-5F-04-7D-EC-2C-1F-2A-76-38-E1-E1-DB-2E-88-9C-D0-7E-B6-AC">
      <ModulePath>C:\Windows\assembly\GAC_MSIL\System.Runtime.Remoting\2.0.0.0__b77a5c561934e089\System.Runtime.Remoting.dll</ModulePath>
      <ModuleTime>2017-09-13T07:05:50.1538614Z</ModuleTime>
      <ModuleName>System.Runtime.Remoting</ModuleName>
      <Classes />
    </Module>
    <Module skippedDueTo="Filter" hash="B6-88-2F-6A-73-9A-B9-04-16-73-6F-A6-CC-88-F6-1B-DF-7D-A9-FD">
      <ModulePath>C:\Windows\Microsoft.Net\assembly\GAC_64\mscorlib\v4.0_4.0.0.0__b77a5c561934e089\mscorlib.dll</ModulePath>
      <ModuleTime>2017-12-15T06:54:56Z</ModuleTime>
      <ModuleName>mscorlib</ModuleName>
      <Classes />
    </Module>
    <Module skippedDueTo="MissingPdb" hash="E8-07-A4-A1-06-33-5B-A6-17-CF-DC-6F-28-47-58-85-D6-9F-6B-46">
      <ModulePath>C:\Users\Mark\Documents\GitHub\CSharp\Sierra-Guidebook\DB-Location-XReferencer\tools\NUnit.Runners.2.6.4\tools\nunit-agent.exe</ModulePath>
      <ModuleTime>2014-12-17T05:04:36Z</ModuleTime>
      <ModuleName>nunit-agent</ModuleName>
      <Classes />
    </Module>
    <Module skippedDueTo="MissingPdb" hash="36-B9-FF-C0-07-EA-59-4D-23-2E-FD-CD-5A-45-CF-C0-2C-42-2A-98">
      <ModulePath>C:\Users\Mark\Documents\GitHub\CSharp\Sierra-Guidebook\DB-Location-XReferencer\tools\NUnit.Runners.2.6.4\tools\lib\nunit.core.dll</ModulePath>
      <ModuleTime>2014-12-17T05:04:36Z</ModuleTime>
      <ModuleName>nunit.core</ModuleName>
      <Classes />
    </Module>
    <Module skippedDueTo="MissingPdb" hash="14-C3-4B-3E-39-7A-EE-C0-B9-2F-83-44-2F-04-8A-F7-48-7B-67-DE">
      <ModulePath>C:\Users\Mark\Documents\GitHub\CSharp\Sierra-Guidebook\DB-Location-XReferencer\tools\NUnit.Runners.2.6.4\tools\lib\nunit.util.dll</ModulePath>
      <ModuleTime>2014-12-17T05:04:36Z</ModuleTime>
      <ModuleName>nunit.util</ModuleName>
      <Classes />
    </Module>
    <Module skippedDueTo="MissingPdb" hash="5E-95-A6-AD-88-48-98-B1-62-7F-4E-5A-C1-0E-F3-B7-85-56-44-E8">
      <ModulePath>C:\Users\Mark\Documents\GitHub\CSharp\Sierra-Guidebook\DB-Location-XReferencer\tools\NUnit.Runners.2.6.4\tools\lib\nunit.core.interfaces.dll</ModulePath>
      <ModuleTime>2014-12-17T05:04:36Z</ModuleTime>
      <ModuleName>nunit.core.interfaces</ModuleName>
      <Classes />
    </Module>
    <Module skippedDueTo="Filter" hash="63-AF-39-ED-07-00-7F-DA-71-B4-3A-2C-F3-C1-2A-76-68-13-8C-EA">
      <ModulePath>C:\Windows\Microsoft.Net\assembly\GAC_MSIL\System\v4.0_4.0.0.0__b77a5c561934e089\System.dll</ModulePath>
      <ModuleTime>2017-10-04T08:21:36Z</ModuleTime>
      <ModuleName>System</ModuleName>
      <Classes />
    </Module>
    <Module skippedDueTo="Filter" hash="FD-31-0F-15-D6-8D-05-C2-38-FF-29-C3-4B-AD-84-15-76-81-12-E7">
      <ModulePath>C:\Windows\Microsoft.Net\assembly\GAC_MSIL\System.Runtime.Remoting\v4.0_4.0.0.0__b77a5c561934e089\System.Runtime.Remoting.dll</ModulePath>
      <ModuleTime>2017-10-04T08:21:36Z</ModuleTime>
      <ModuleName>System.Runtime.Remoting</ModuleName>
      <Classes />
    </Module>
    <Module skippedDueTo="Filter" hash="81-DE-41-E4-CF-35-79-0F-0A-D0-B6-43-FC-EB-6A-47-5F-D8-69-04">
      <ModulePath>C:\Windows\Microsoft.Net\assembly\GAC_MSIL\System.Configuration\v4.0_4.0.0.0__b03f5f7f11d50a3a\System.Configuration.dll</ModulePath>
      <ModuleTime>2017-10-04T08:21:36Z</ModuleTime>
      <ModuleName>System.Configuration</ModuleName>
      <Classes />
    </Module>
    <Module skippedDueTo="Filter" hash="58-2A-4C-0C-25-69-3C-E5-E8-8F-0E-35-DB-19-D0-78-0E-D1-10-FA">
      <ModulePath>C:\Windows\Microsoft.Net\assembly\GAC_MSIL\System.Xml\v4.0_4.0.0.0__b77a5c561934e089\System.Xml.dll</ModulePath>
      <ModuleTime>2017-11-22T19:59:08Z</ModuleTime>
      <ModuleName>System.Xml</ModuleName>
      <Classes />
    </Module>
    <Module skippedDueTo="Filter" hash="4B-0D-94-77-D3-E4-F2-B7-17-28-12-A3-75-B1-33-2A-7F-A3-6B-B1">
      <ModulePath>C:\Windows\Microsoft.Net\assembly\GAC_64\System.Web\v4.0_4.0.0.0__b03f5f7f11d50a3a\System.Web.dll</ModulePath>
      <ModuleTime>2017-11-30T03:12:02Z</ModuleTime>
      <ModuleName>System.Web</ModuleName>
      <Classes />
    </Module>
    <Module skippedDueTo="Filter" hash="06-CA-A6-69-EE-73-9A-D8-3F-05-E3-2A-81-33-5E-4C-D7-74-FF-03">
      <ModulePath>C:\Windows\assembly\GAC_64\System.Web\2.0.0.0__b03f5f7f11d50a3a\System.Web.dll</ModulePath>
      <ModuleTime>2017-09-13T07:05:50.2408664Z</ModuleTime>
      <ModuleName>System.Web</ModuleName>
      <Classes />
    </Module>
    <Module skippedDueTo="MissingPdb" hash="36-B9-FF-C0-07-EA-59-4D-23-2E-FD-CD-5A-45-CF-C0-2C-42-2A-98">
      <ModulePath>C:\Users\Mark\Documents\GitHub\CSharp\Sierra-Guidebook\DB-Location-XReferencer\tools\NUnit.Runners.2.6.4\tools\lib\nunit.core.dll</ModulePath>
      <ModuleTime>2014-12-17T05:04:36Z</ModuleTime>
      <ModuleName>nunit.core</ModuleName>
      <Classes />
    </Module>
    <Module skippedDueTo="Filter" hash="63-AF-39-ED-07-00-7F-DA-71-B4-3A-2C-F3-C1-2A-76-68-13-8C-EA">
      <ModulePath>C:\Windows\Microsoft.Net\assembly\GAC_MSIL\System\v4.0_4.0.0.0__b77a5c561934e089\System.dll</ModulePath>
      <ModuleTime>2017-10-04T08:21:36Z</ModuleTime>
      <ModuleName>System</ModuleName>
      <Classes />
    </Module>
    <Module skippedDueTo="MissingPdb" hash="53-25-23-C6-63-70-35-C6-0C-82-04-1A-0A-BF-1A-E7-1F-EA-74-A3">
      <ModulePath>C:\Users\Mark\Documents\GitHub\CSharp\Sierra-Guidebook\DB-Location-XReferencer\tools\NUnit.Runners.2.6.4\tools\pnunit.framework.dll</ModulePath>
      <ModuleTime>2014-12-17T05:04:36Z</ModuleTime>
      <ModuleName>pnunit.framework</ModuleName>
      <Classes />
    </Module>
    <Module skippedDueTo="MissingPdb" hash="21-69-E9-47-C6-F8-02-12-31-E6-18-DE-8E-43-24-C9-AB-F7-C2-BE">
      <ModulePath>C:\Users\Mark\Documents\GitHub\CSharp\Sierra-Guidebook\DB-Location-XReferencer\tools\NUnit.Runners.2.6.4\tools\pnunit-agent.exe</ModulePath>
      <ModuleTime>2014-12-17T05:04:36Z</ModuleTime>
      <ModuleName>pnunit-agent</ModuleName>
      <Classes />
    </Module>
    <Module skippedDueTo="MissingPdb" hash="5E-95-A6-AD-88-48-98-B1-62-7F-4E-5A-C1-0E-F3-B7-85-56-44-E8">
      <ModulePath>C:\Users\Mark\Documents\GitHub\CSharp\Sierra-Guidebook\DB-Location-XReferencer\tools\NUnit.Runners.2.6.4\tools\lib\nunit.core.interfaces.dll</ModulePath>
      <ModuleTime>2014-12-17T05:04:36Z</ModuleTime>
      <ModuleName>nunit.core.interfaces</ModuleName>
      <Classes />
    </Module>
    <Module skippedDueTo="Filter" hash="80-0F-B4-3D-1B-8F-26-88-06-3F-E9-A8-F3-1C-54-1D-98-8C-9D-23">
      <ModulePath>C:\Users\Mark\Documents\GitHub\CSharp\Sierra-Guidebook\DB-Location-XReferencer\DB-Location-XReferences.Tests\bin\Debug\DB_Location_XReferences.Tests.dll</ModulePath>
      <ModuleTime>2018-05-12T01:09:31.1732688Z</ModuleTime>
      <ModuleName>DB_Location_XReferences.Tests</ModuleName>
      <Classes />
    </Module>
    <Module skippedDueTo="MissingPdb" hash="42-83-FE-A6-9F-01-8E-2C-E8-41-E9-25-3E-1E-0D-99-81-76-6B-C9">
      <ModulePath>C:\Users\Mark\Documents\GitHub\CSharp\Sierra-Guidebook\DB-Location-XReferencer\DB-Location-XReferences.Tests\bin\Debug\nunit.framework.dll</ModulePath>
      <ModuleTime>2013-10-11T00:01:22Z</ModuleTime>
      <ModuleName>nunit.framework</ModuleName>
      <Classes />
    </Module>
    <Module skippedDueTo="MissingPdb" hash="F2-ED-FF-09-01-C9-D7-BC-29-AC-A6-93-C5-97-8A-0D-43-DD-8D-F2">
      <ModulePath>C:\Users\Mark\Documents\GitHub\CSharp\Sierra-Guidebook\DB-Location-XReferencer\tools\NUnit.Runners.2.6.4\tools\lib\nunit-console-runner.dll</ModulePath>
      <ModuleTime>2014-12-17T05:04:36Z</ModuleTime>
      <ModuleName>nunit-console-runner</ModuleName>
      <Classes />
    </Module>
    <Module skippedDueTo="Filter" hash="FD-31-0F-15-D6-8D-05-C2-38-FF-29-C3-4B-AD-84-15-76-81-12-E7">
      <ModulePath>C:\Windows\Microsoft.Net\assembly\GAC_MSIL\System.Runtime.Remoting\v4.0_4.0.0.0__b77a5c561934e089\System.Runtime.Remoting.dll</ModulePath>
      <ModuleTime>2017-10-04T08:21:36Z</ModuleTime>
      <ModuleName>System.Runtime.Remoting</ModuleName>
      <Classes />
    </Module>
    <Module skippedDueTo="Filter" hash="81-DE-41-E4-CF-35-79-0F-0A-D0-B6-43-FC-EB-6A-47-5F-D8-69-04">
      <ModulePath>C:\Windows\Microsoft.Net\assembly\GAC_MSIL\System.Configuration\v4.0_4.0.0.0__b03f5f7f11d50a3a\System.Configuration.dll</ModulePath>
      <ModuleTime>2017-10-04T08:21:36Z</ModuleTime>
      <ModuleName>System.Configuration</ModuleName>
      <Classes />
    </Module>
    <Module skippedDueTo="Filter" hash="58-2A-4C-0C-25-69-3C-E5-E8-8F-0E-35-DB-19-D0-78-0E-D1-10-FA">
      <ModulePath>C:\Windows\Microsoft.Net\assembly\GAC_MSIL\System.Xml\v4.0_4.0.0.0__b77a5c561934e089\System.Xml.dll</ModulePath>
      <ModuleTime>2017-11-22T19:59:08Z</ModuleTime>
      <ModuleName>System.Xml</ModuleName>
      <Classes />
    </Module>
    <Module skippedDueTo="MissingPdb" hash="F6-63-52-81-FA-99-34-02-49-B4-55-24-29-AF-15-FB-35-55-8C-32">
      <ModulePath>C:\Users\Mark\Documents\GitHub\CSharp\Sierra-Guidebook\DB-Location-XReferencer\DB-Location-XReferences.Tests\bin\Debug\SharpKml.dll</ModulePath>
      <ModuleTime>2016-07-30T13:47:50Z</ModuleTime>
      <ModuleName>SharpKml</ModuleName>
      <Classes />
    </Module>
    <Module skippedDueTo="Filter" hash="83-B5-A5-3D-C5-EE-5B-11-96-A7-D4-EF-E5-B8-69-05-D9-8E-82-DC">
      <ModulePath>C:\Windows\Microsoft.Net\assembly\GAC_MSIL\System.Runtime\v4.0_4.0.0.0__b03f5f7f11d50a3a\System.Runtime.dll</ModulePath>
      <ModuleTime>2017-10-04T08:21:36Z</ModuleTime>
      <ModuleName>System.Runtime</ModuleName>
      <Classes />
    </Module>
    <Module hash="0E-C2-1A-47-9E-12-D5-7F-C0-FC-12-F8-3B-B9-58-9B-97-E9-ED-EA">
      <Summary numSequencePoints="688" visitedSequencePoints="65" numBranchPoints="243" visitedBranchPoints="30" sequenceCoverage="9.45" branchCoverage="12.35" maxCyclomaticComplexity="12" minCyclomaticComplexity="1" visitedClasses="1" numClasses="12" visitedMethods="14" numMethods="135" />
      <ModulePath>C:\Users\Mark\Documents\GitHub\CSharp\Sierra-Guidebook\DB-Location-XReferencer\DB-Location-XReferences.Tests\bin\Debug\DB-Location-XReferencer.Core.dll</ModulePath>
      <ModuleTime>2018-05-12T01:07:11.8452997Z</ModuleTime>
      <ModuleName>DB-Location-XReferencer.Core</ModuleName>
      <Files>
        <File uid="1" fullPath="C:\Users\Mark\Documents\GitHub\CSharp\Sierra-Guidebook\DB-Location-XReferencer\DB-Location-XReferencer.Core\FormationMatcher.cs" />
        <File uid="3" fullPath="C:\Users\Mark\Documents\GitHub\CSharp\Sierra-Guidebook\DB-Location-XReferencer\DB-Location-XReferencer.Core\Formation.cs" />
        <File uid="4" fullPath="C:\Users\Mark\Documents\GitHub\CSharp\Sierra-Guidebook\DB-Location-XReferencer\DB-Location-XReferencer.Core\Region.cs" />
        <File uid="5" fullPath="C:\Users\Mark\Documents\GitHub\CSharp\Sierra-Guidebook\DB-Location-XReferencer\DB-Location-XReferencer.Core\Excel.cs" />
        <File uid="6" fullPath="C:\Users\Mark\Documents\GitHub\CSharp\Sierra-Guidebook\DB-Location-XReferencer\DB-Location-XReferencer.Core\Extents.cs" />
        <File uid="7" fullPath="C:\Users\Mark\Documents\GitHub\CSharp\Sierra-Guidebook\DB-Location-XReferencer\DB-Location-XReferencer.Core\Kml.cs" />
        <File uid="9" fullPath="C:\Users\Mark\Documents\GitHub\CSharp\Sierra-Guidebook\DB-Location-XReferencer\DB-Location-XReferencer.Core\Merger.cs" />
        <File uid="11" fullPath="C:\Users\Mark\Documents\GitHub\CSharp\Sierra-Guidebook\DB-Location-XReferencer\DB-Location-XReferencer.Core\Location.cs" />
        <File uid="12" fullPath="C:\Users\Mark\Documents\GitHub\CSharp\Sierra-Guidebook\DB-Location-XReferencer\DB-Location-XReferencer.Core\PeakbaggerLocation.cs" />
      </Files>
      <Classes>
        <Class>
          <Summary numSequencePoints="0" visitedSequencePoints="0" numBranchPoints="0" visitedBranchPoints="0" sequenceCoverage="0" branchCoverage="0" maxCyclomaticComplexity="0" minCyclomaticComplexity="0" visitedClasses="0" numClasses="0" visitedMethods="0" numMethods="0" />
          <FullName>&lt;Module&gt;</FullName>
          <Methods />
        </Class>
        <Class>
          <Summary numSequencePoints="0" visitedSequencePoints="0" numBranchPoints="0" visitedBranchPoints="0" sequenceCoverage="0" branchCoverage="0" maxCyclomaticComplexity="7" minCyclomaticComplexity="1" visitedClasses="0" numClasses="0" visitedMethods="0" numMethods="0" />
          <FullName>&lt;&gt;f__AnonymousType0`2</FullName>
          <Methods>
            <Method visited="false" cyclomaticComplexity="1" nPathComplexity="0" sequenceCoverage="0" branchCoverage="0" isConstructor="false" isStatic="false" isGetter="true" isSetter="false">
              <Summary numSequencePoints="0" visitedSequencePoints="0" numBranchPoints="0" visitedBranchPoints="0" sequenceCoverage="0" branchCoverage="0" maxCyclomaticComplexity="1" minCyclomaticComplexity="1" visitedClasses="0" numClasses="0" visitedMethods="0" numMethods="0" />
              <MetadataToken>100663297</MetadataToken>
              <Name>&lt;placemark&gt;j__TPar &lt;&gt;f__AnonymousType0`2::get_placemark()</Name>
              <SequencePoints />
              <BranchPoints />
              <MethodPoint vc="0" uspid="1" ordinal="0" offset="0" />
            </Method>
            <Method visited="false" cyclomaticComplexity="1" nPathComplexity="0" sequenceCoverage="0" branchCoverage="0" isConstructor="false" isStatic="false" isGetter="true" isSetter="false">
              <Summary numSequencePoints="0" visitedSequencePoints="0" numBranchPoints="0" visitedBranchPoints="0" sequenceCoverage="0" branchCoverage="0" maxCyclomaticComplexity="1" minCyclomaticComplexity="1" visitedClasses="0" numClasses="0" visitedMethods="0" numMethods="0" />
              <MetadataToken>100663298</MetadataToken>
              <Name>&lt;polygon&gt;j__TPar &lt;&gt;f__AnonymousType0`2::get_polygon()</Name>
              <SequencePoints />
              <BranchPoints />
              <MethodPoint vc="0" uspid="2" ordinal="0" offset="0" />
            </Method>
            <Method visited="false" cyclomaticComplexity="1" nPathComplexity="0" sequenceCoverage="0" branchCoverage="0" isConstructor="true" isStatic="false" isGetter="false" isSetter="false">
              <Summary numSequencePoints="0" visitedSequencePoints="0" numBranchPoints="0" visitedBranchPoints="0" sequenceCoverage="0" branchCoverage="0" maxCyclomaticComplexity="1" minCyclomaticComplexity="1" visitedClasses="0" numClasses="0" visitedMethods="0" numMethods="0" />
              <MetadataToken>100663299</MetadataToken>
              <Name>System.Void &lt;&gt;f__AnonymousType0`2::.ctor(&lt;placemark&gt;j__TPar,&lt;polygon&gt;j__TPar)</Name>
              <SequencePoints />
              <BranchPoints />
              <MethodPoint vc="0" uspid="3" ordinal="0" offset="0" />
            </Method>
            <Method visited="false" cyclomaticComplexity="3" nPathComplexity="0" sequenceCoverage="0" branchCoverage="0" isConstructor="false" isStatic="false" isGetter="false" isSetter="false">
              <Summary numSequencePoints="0" visitedSequencePoints="0" numBranchPoints="0" visitedBranchPoints="0" sequenceCoverage="0" branchCoverage="0" maxCyclomaticComplexity="3" minCyclomaticComplexity="3" visitedClasses="0" numClasses="0" visitedMethods="0" numMethods="0" />
              <MetadataToken>100663300</MetadataToken>
              <Name>System.Boolean &lt;&gt;f__AnonymousType0`2::Equals(System.Object)</Name>
              <SequencePoints />
              <BranchPoints />
              <MethodPoint vc="0" uspid="4" ordinal="0" offset="0" />
            </Method>
            <Method visited="false" cyclomaticComplexity="1" nPathComplexity="0" sequenceCoverage="0" branchCoverage="0" isConstructor="false" isStatic="false" isGetter="false" isSetter="false">
              <Summary numSequencePoints="0" visitedSequencePoints="0" numBranchPoints="0" visitedBranchPoints="0" sequenceCoverage="0" branchCoverage="0" maxCyclomaticComplexity="1" minCyclomaticComplexity="1" visitedClasses="0" numClasses="0" visitedMethods="0" numMethods="0" />
              <MetadataToken>100663301</MetadataToken>
              <Name>System.Int32 &lt;&gt;f__AnonymousType0`2::GetHashCode()</Name>
              <SequencePoints />
              <BranchPoints />
              <MethodPoint vc="0" uspid="5" ordinal="0" offset="0" />
            </Method>
            <Method visited="false" cyclomaticComplexity="7" nPathComplexity="0" sequenceCoverage="0" branchCoverage="0" isConstructor="false" isStatic="false" isGetter="false" isSetter="false">
              <Summary numSequencePoints="0" visitedSequencePoints="0" numBranchPoints="0" visitedBranchPoints="0" sequenceCoverage="0" branchCoverage="0" maxCyclomaticComplexity="7" minCyclomaticComplexity="7" visitedClasses="0" numClasses="0" visitedMethods="0" numMethods="0" />
              <MetadataToken>100663302</MetadataToken>
              <Name>System.String &lt;&gt;f__AnonymousType0`2::ToString()</Name>
              <SequencePoints />
              <BranchPoints />
              <MethodPoint vc="0" uspid="6" ordinal="0" offset="0" />
            </Method>
          </Methods>
        </Class>
        <Class>
          <Summary numSequencePoints="0" visitedSequencePoints="0" numBranchPoints="0" visitedBranchPoints="0" sequenceCoverage="0" branchCoverage="0" maxCyclomaticComplexity="7" minCyclomaticComplexity="1" visitedClasses="0" numClasses="0" visitedMethods="0" numMethods="0" />
          <FullName>&lt;&gt;f__AnonymousType1`2</FullName>
          <Methods>
            <Method visited="false" cyclomaticComplexity="1" nPathComplexity="0" sequenceCoverage="0" branchCoverage="0" isConstructor="false" isStatic="false" isGetter="true" isSetter="false">
              <Summary numSequencePoints="0" visitedSequencePoints="0" numBranchPoints="0" visitedBranchPoints="0" sequenceCoverage="0" branchCoverage="0" maxCyclomaticComplexity="1" minCyclomaticComplexity="1" visitedClasses="0" numClasses="0" visitedMethods="0" numMethods="0" />
              <MetadataToken>100663303</MetadataToken>
              <Name>&lt;&lt;&gt;h__TransparentIdentifier0&gt;j__TPar &lt;&gt;f__AnonymousType1`2::get_&lt;&gt;h__TransparentIdentifier0()</Name>
              <SequencePoints />
              <BranchPoints />
              <MethodPoint vc="0" uspid="7" ordinal="0" offset="0" />
            </Method>
            <Method visited="false" cyclomaticComplexity="1" nPathComplexity="0" sequenceCoverage="0" branchCoverage="0" isConstructor="false" isStatic="false" isGetter="true" isSetter="false">
              <Summary numSequencePoints="0" visitedSequencePoints="0" numBranchPoints="0" visitedBranchPoints="0" sequenceCoverage="0" branchCoverage="0" maxCyclomaticComplexity="1" minCyclomaticComplexity="1" visitedClasses="0" numClasses="0" visitedMethods="0" numMethods="0" />
              <MetadataToken>100663304</MetadataToken>
              <Name>&lt;coordinateCollection&gt;j__TPar &lt;&gt;f__AnonymousType1`2::get_coordinateCollection()</Name>
              <SequencePoints />
              <BranchPoints />
              <MethodPoint vc="0" uspid="8" ordinal="0" offset="0" />
            </Method>
            <Method visited="false" cyclomaticComplexity="1" nPathComplexity="0" sequenceCoverage="0" branchCoverage="0" isConstructor="true" isStatic="false" isGetter="false" isSetter="false">
              <Summary numSequencePoints="0" visitedSequencePoints="0" numBranchPoints="0" visitedBranchPoints="0" sequenceCoverage="0" branchCoverage="0" maxCyclomaticComplexity="1" minCyclomaticComplexity="1" visitedClasses="0" numClasses="0" visitedMethods="0" numMethods="0" />
              <MetadataToken>100663305</MetadataToken>
              <Name>System.Void &lt;&gt;f__AnonymousType1`2::.ctor(&lt;&lt;&gt;h__TransparentIdentifier0&gt;j__TPar,&lt;coordinateCollection&gt;j__TPar)</Name>
              <SequencePoints />
              <BranchPoints />
              <MethodPoint vc="0" uspid="9" ordinal="0" offset="0" />
            </Method>
            <Method visited="false" cyclomaticComplexity="3" nPathComplexity="0" sequenceCoverage="0" branchCoverage="0" isConstructor="false" isStatic="false" isGetter="false" isSetter="false">
              <Summary numSequencePoints="0" visitedSequencePoints="0" numBranchPoints="0" visitedBranchPoints="0" sequenceCoverage="0" branchCoverage="0" maxCyclomaticComplexity="3" minCyclomaticComplexity="3" visitedClasses="0" numClasses="0" visitedMethods="0" numMethods="0" />
              <MetadataToken>100663306</MetadataToken>
              <Name>System.Boolean &lt;&gt;f__AnonymousType1`2::Equals(System.Object)</Name>
              <SequencePoints />
              <BranchPoints />
              <MethodPoint vc="0" uspid="10" ordinal="0" offset="0" />
            </Method>
            <Method visited="false" cyclomaticComplexity="1" nPathComplexity="0" sequenceCoverage="0" branchCoverage="0" isConstructor="false" isStatic="false" isGetter="false" isSetter="false">
              <Summary numSequencePoints="0" visitedSequencePoints="0" numBranchPoints="0" visitedBranchPoints="0" sequenceCoverage="0" branchCoverage="0" maxCyclomaticComplexity="1" minCyclomaticComplexity="1" visitedClasses="0" numClasses="0" visitedMethods="0" numMethods="0" />
              <MetadataToken>100663307</MetadataToken>
              <Name>System.Int32 &lt;&gt;f__AnonymousType1`2::GetHashCode()</Name>
              <SequencePoints />
              <BranchPoints />
              <MethodPoint vc="0" uspid="11" ordinal="0" offset="0" />
            </Method>
            <Method visited="false" cyclomaticComplexity="7" nPathComplexity="0" sequenceCoverage="0" branchCoverage="0" isConstructor="false" isStatic="false" isGetter="false" isSetter="false">
              <Summary numSequencePoints="0" visitedSequencePoints="0" numBranchPoints="0" visitedBranchPoints="0" sequenceCoverage="0" branchCoverage="0" maxCyclomaticComplexity="7" minCyclomaticComplexity="7" visitedClasses="0" numClasses="0" visitedMethods="0" numMethods="0" />
              <MetadataToken>100663308</MetadataToken>
              <Name>System.String &lt;&gt;f__AnonymousType1`2::ToString()</Name>
              <SequencePoints />
              <BranchPoints />
              <MethodPoint vc="0" uspid="12" ordinal="0" offset="0" />
            </Method>
          </Methods>
        </Class>
        <Class>
          <Summary numSequencePoints="81" visitedSequencePoints="0" numBranchPoints="37" visitedBranchPoints="0" sequenceCoverage="0" branchCoverage="0" maxCyclomaticComplexity="12" minCyclomaticComplexity="1" visitedClasses="0" numClasses="1" visitedMethods="0" numMethods="17" />
          <FullName>DB_Location_XReferencer.Core.FormationMatcher</FullName>
          <Methods>
            <Method visited="false" cyclomaticComplexity="1" nPathComplexity="0" sequenceCoverage="0" branchCoverage="0" isConstructor="false" isStatic="false" isGetter="true" isSetter="false">
              <Summary numSequencePoints="1" visitedSequencePoints="0" numBranchPoints="1" visitedBranchPoints="0" sequenceCoverage="0" branchCoverage="0" maxCyclomaticComplexity="1" minCyclomaticComplexity="1" visitedClasses="0" numClasses="0" visitedMethods="0" numMethods="1" />
              <MetadataToken>100663309</MetadataToken>
              <Name>System.String DB_Location_XReferencer.Core.FormationMatcher::get_RegionName()</Name>
              <FileRef uid="1" />
              <SequencePoints>
                <SequencePoint vc="0" uspid="13" ordinal="0" offset="0" sl="32" sc="36" el="32" ec="40" bec="0" bev="0" fileid="1" />
              </SequencePoints>
              <BranchPoints />
              <MethodPoint xsi:type="SequencePoint" vc="0" uspid="13" ordinal="0" offset="0" sl="32" sc="36" el="32" ec="40" bec="0" bev="0" fileid="1" />
            </Method>
            <Method visited="false" cyclomaticComplexity="1" nPathComplexity="0" sequenceCoverage="0" branchCoverage="0" isConstructor="false" isStatic="false" isGetter="true" isSetter="false">
              <Summary numSequencePoints="1" visitedSequencePoints="0" numBranchPoints="1" visitedBranchPoints="0" sequenceCoverage="0" branchCoverage="0" maxCyclomaticComplexity="1" minCyclomaticComplexity="1" visitedClasses="0" numClasses="0" visitedMethods="0" numMethods="1" />
              <MetadataToken>100663310</MetadataToken>
              <Name>System.String DB_Location_XReferencer.Core.FormationMatcher::get_FormationName()</Name>
              <FileRef uid="1" />
              <SequencePoints>
                <SequencePoint vc="0" uspid="14" ordinal="0" offset="0" sl="38" sc="39" el="38" ec="43" bec="0" bev="0" fileid="1" />
              </SequencePoints>
              <BranchPoints />
              <MethodPoint xsi:type="SequencePoint" vc="0" uspid="14" ordinal="0" offset="0" sl="38" sc="39" el="38" ec="43" bec="0" bev="0" fileid="1" />
            </Method>
            <Method visited="false" cyclomaticComplexity="1" nPathComplexity="0" sequenceCoverage="0" branchCoverage="0" isConstructor="false" isStatic="false" isGetter="true" isSetter="false">
              <Summary numSequencePoints="1" visitedSequencePoints="0" numBranchPoints="1" visitedBranchPoints="0" sequenceCoverage="0" branchCoverage="0" maxCyclomaticComplexity="1" minCyclomaticComplexity="1" visitedClasses="0" numClasses="0" visitedMethods="0" numMethods="1" />
              <MetadataToken>100663311</MetadataToken>
              <Name>System.String DB_Location_XReferencer.Core.FormationMatcher::get_SubFormationName()</Name>
              <FileRef uid="1" />
              <SequencePoints>
                <SequencePoint vc="0" uspid="15" ordinal="0" offset="0" sl="44" sc="42" el="44" ec="46" bec="0" bev="0" fileid="1" />
              </SequencePoints>
              <BranchPoints />
              <MethodPoint xsi:type="SequencePoint" vc="0" uspid="15" ordinal="0" offset="0" sl="44" sc="42" el="44" ec="46" bec="0" bev="0" fileid="1" />
            </Method>
            <Method visited="false" cyclomaticComplexity="1" nPathComplexity="0" sequenceCoverage="0" branchCoverage="0" isConstructor="false" isStatic="false" isGetter="true" isSetter="false">
              <Summary numSequencePoints="1" visitedSequencePoints="0" numBranchPoints="1" visitedBranchPoints="0" sequenceCoverage="0" branchCoverage="0" maxCyclomaticComplexity="1" minCyclomaticComplexity="1" visitedClasses="0" numClasses="0" visitedMethods="0" numMethods="1" />
              <MetadataToken>100663312</MetadataToken>
              <Name>DB_Location_XReferencer.Core.Location DB_Location_XReferencer.Core.FormationMatcher::get_MatchedLocation()</Name>
              <FileRef uid="1" />
              <SequencePoints>
                <SequencePoint vc="0" uspid="16" ordinal="0" offset="0" sl="51" sc="43" el="51" ec="47" bec="0" bev="0" fileid="1" />
              </SequencePoints>
              <BranchPoints />
              <MethodPoint xsi:type="SequencePoint" vc="0" uspid="16" ordinal="0" offset="0" sl="51" sc="43" el="51" ec="47" bec="0" bev="0" fileid="1" />
            </Method>
            <Method visited="false" cyclomaticComplexity="1" nPathComplexity="0" sequenceCoverage="0" branchCoverage="0" isConstructor="false" isStatic="false" isGetter="false" isSetter="true">
              <Summary numSequencePoints="1" visitedSequencePoints="0" numBranchPoints="1" visitedBranchPoints="0" sequenceCoverage="0" branchCoverage="0" maxCyclomaticComplexity="1" minCyclomaticComplexity="1" visitedClasses="0" numClasses="0" visitedMethods="0" numMethods="1" />
              <MetadataToken>100663313</MetadataToken>
              <Name>System.Void DB_Location_XReferencer.Core.FormationMatcher::set_MatchedLocation(DB_Location_XReferencer.Core.Location)</Name>
              <FileRef uid="1" />
              <SequencePoints>
                <SequencePoint vc="0" uspid="17" ordinal="0" offset="0" sl="51" sc="48" el="51" ec="60" bec="0" bev="0" fileid="1" />
              </SequencePoints>
              <BranchPoints />
              <MethodPoint xsi:type="SequencePoint" vc="0" uspid="17" ordinal="0" offset="0" sl="51" sc="48" el="51" ec="60" bec="0" bev="0" fileid="1" />
            </Method>
            <Method visited="false" cyclomaticComplexity="1" nPathComplexity="0" sequenceCoverage="0" branchCoverage="0" isConstructor="false" isStatic="false" isGetter="true" isSetter="false">
              <Summary numSequencePoints="1" visitedSequencePoints="0" numBranchPoints="1" visitedBranchPoints="0" sequenceCoverage="0" branchCoverage="0" maxCyclomaticComplexity="1" minCyclomaticComplexity="1" visitedClasses="0" numClasses="0" visitedMethods="0" numMethods="1" />
              <MetadataToken>100663314</MetadataToken>
              <Name>System.Collections.Generic.List`1&lt;DB_Location_XReferencer.Core.Location&gt; DB_Location_XReferencer.Core.FormationMatcher::get_PossibleLocations()</Name>
              <FileRef uid="1" />
              <SequencePoints>
                <SequencePoint vc="0" uspid="18" ordinal="0" offset="0" sl="57" sc="51" el="57" ec="55" bec="0" bev="0" fileid="1" />
              </SequencePoints>
              <BranchPoints />
              <MethodPoint xsi:type="SequencePoint" vc="0" uspid="18" ordinal="0" offset="0" sl="57" sc="51" el="57" ec="55" bec="0" bev="0" fileid="1" />
            </Method>
            <Method visited="false" cyclomaticComplexity="1" nPathComplexity="0" sequenceCoverage="0" branchCoverage="0" isConstructor="true" isStatic="false" isGetter="false" isSetter="false">
              <Summary numSequencePoints="7" visitedSequencePoints="0" numBranchPoints="1" visitedBranchPoints="0" sequenceCoverage="0" branchCoverage="0" maxCyclomaticComplexity="1" minCyclomaticComplexity="1" visitedClasses="0" numClasses="0" visitedMethods="0" numMethods="1" />
              <MetadataToken>100663315</MetadataToken>
              <Name>System.Void DB_Location_XReferencer.Core.FormationMatcher::.ctor(System.String,System.String,System.String)</Name>
              <FileRef uid="1" />
              <SequencePoints>
                <SequencePoint vc="0" uspid="19" ordinal="0" offset="0" sl="57" sc="60" el="57" ec="80" bec="0" bev="0" fileid="1" />
                <SequencePoint vc="0" uspid="20" ordinal="1" offset="11" sl="66" sc="9" el="68" ec="42" bec="0" bev="0" fileid="1" />
                <SequencePoint vc="0" uspid="21" ordinal="2" offset="18" sl="69" sc="9" el="69" ec="10" bec="0" bev="0" fileid="1" />
                <SequencePoint vc="0" uspid="22" ordinal="3" offset="19" sl="70" sc="13" el="70" ec="37" bec="0" bev="0" fileid="1" />
                <SequencePoint vc="0" uspid="23" ordinal="4" offset="26" sl="71" sc="13" el="71" ec="43" bec="0" bev="0" fileid="1" />
                <SequencePoint vc="0" uspid="24" ordinal="5" offset="33" sl="72" sc="13" el="72" ec="49" bec="0" bev="0" fileid="1" />
                <SequencePoint vc="0" uspid="25" ordinal="6" offset="40" sl="73" sc="9" el="73" ec="10" bec="0" bev="0" fileid="1" />
              </SequencePoints>
              <BranchPoints />
              <MethodPoint xsi:type="SequencePoint" vc="0" uspid="19" ordinal="0" offset="0" sl="57" sc="60" el="57" ec="80" bec="0" bev="0" fileid="1" />
            </Method>
            <Method visited="false" cyclomaticComplexity="2" nPathComplexity="2" sequenceCoverage="0" branchCoverage="0" isConstructor="false" isStatic="false" isGetter="false" isSetter="false">
              <Summary numSequencePoints="6" visitedSequencePoints="0" numBranchPoints="3" visitedBranchPoints="0" sequenceCoverage="0" branchCoverage="0" maxCyclomaticComplexity="2" minCyclomaticComplexity="2" visitedClasses="0" numClasses="0" visitedMethods="0" numMethods="1" />
              <MetadataToken>100663316</MetadataToken>
              <Name>System.Void DB_Location_XReferencer.Core.FormationMatcher::AddIfPotentialMatchByName(DB_Location_XReferencer.Core.Location)</Name>
              <FileRef uid="1" />
              <SequencePoints>
                <SequencePoint vc="0" uspid="26" ordinal="0" offset="0" sl="81" sc="9" el="81" ec="10" bec="0" bev="0" fileid="1" />
                <SequencePoint vc="0" uspid="27" ordinal="1" offset="1" sl="82" sc="13" el="82" ec="48" bec="2" bev="0" fileid="1" />
                <SequencePoint vc="0" uspid="28" ordinal="2" offset="12" sl="83" sc="13" el="83" ec="14" bec="0" bev="0" fileid="1" />
                <SequencePoint vc="0" uspid="29" ordinal="3" offset="13" sl="84" sc="17" el="84" ec="49" bec="0" bev="0" fileid="1" />
                <SequencePoint vc="0" uspid="30" ordinal="4" offset="26" sl="85" sc="13" el="85" ec="14" bec="0" bev="0" fileid="1" />
                <SequencePoint vc="0" uspid="31" ordinal="5" offset="27" sl="86" sc="9" el="86" ec="10" bec="0" bev="0" fileid="1" />
              </SequencePoints>
              <BranchPoints>
                <BranchPoint vc="0" uspid="32" ordinal="0" offset="10" sl="82" path="0" offsetend="12" fileid="1" />
                <BranchPoint vc="0" uspid="33" ordinal="1" offset="10" sl="82" path="1" offsetend="27" fileid="1" />
              </BranchPoints>
              <MethodPoint xsi:type="SequencePoint" vc="0" uspid="26" ordinal="0" offset="0" sl="81" sc="9" el="81" ec="10" bec="0" bev="0" fileid="1" />
            </Method>
            <Method visited="false" cyclomaticComplexity="12" nPathComplexity="4" sequenceCoverage="0" branchCoverage="0" isConstructor="false" isStatic="false" isGetter="false" isSetter="false">
              <Summary numSequencePoints="13" visitedSequencePoints="0" numBranchPoints="5" visitedBranchPoints="0" sequenceCoverage="0" branchCoverage="0" maxCyclomaticComplexity="12" minCyclomaticComplexity="12" visitedClasses="0" numClasses="0" visitedMethods="0" numMethods="1" />
              <MetadataToken>100663317</MetadataToken>
              <Name>System.Boolean DB_Location_XReferencer.Core.FormationMatcher::potentialMatchByName(DB_Location_XReferencer.Core.Location)</Name>
              <FileRef uid="1" />
              <SequencePoints>
                <SequencePoint vc="0" uspid="34" ordinal="0" offset="0" sl="95" sc="9" el="95" ec="10" bec="0" bev="0" fileid="1" />
                <SequencePoint vc="0" uspid="35" ordinal="1" offset="1" sl="96" sc="13" el="97" ec="113" bec="2" bev="0" fileid="1" />
                <SequencePoint vc="0" uspid="36" ordinal="2" offset="65" sl="98" sc="13" el="98" ec="14" bec="0" bev="0" fileid="1" />
                <SequencePoint vc="0" uspid="37" ordinal="3" offset="66" sl="99" sc="17" el="99" ec="52" bec="0" bev="0" fileid="1" />
                <SequencePoint vc="0" uspid="38" ordinal="4" offset="77" sl="100" sc="13" el="100" ec="14" bec="0" bev="0" fileid="1" />
                <SequencePoint vc="0" uspid="39" ordinal="5" offset="78" sl="103" sc="13" el="106" ec="75" bec="2" bev="0" fileid="1" />
                <SequencePoint vc="0" uspid="40" ordinal="6" offset="165" sl="107" sc="13" el="107" ec="25" bec="0" bev="0" fileid="1" />
                <SequencePoint vc="0" uspid="41" ordinal="7" offset="173" sl="110" sc="13" el="110" ec="110" bec="0" bev="0" fileid="1" />
                <SequencePoint vc="0" uspid="42" ordinal="8" offset="197" sl="111" sc="13" el="111" ec="116" bec="0" bev="0" fileid="1" />
                <SequencePoint vc="0" uspid="43" ordinal="9" offset="221" sl="112" sc="13" el="112" ec="118" bec="0" bev="0" fileid="1" />
                <SequencePoint vc="0" uspid="44" ordinal="10" offset="245" sl="113" sc="13" el="113" ec="128" bec="0" bev="0" fileid="1" />
                <SequencePoint vc="0" uspid="45" ordinal="11" offset="269" sl="115" sc="13" el="118" ec="108" bec="0" bev="0" fileid="1" />
                <SequencePoint vc="0" uspid="46" ordinal="12" offset="314" sl="119" sc="9" el="119" ec="10" bec="0" bev="0" fileid="1" />
              </SequencePoints>
              <BranchPoints>
                <BranchPoint vc="0" uspid="51" ordinal="4" offset="63" sl="96" path="0" offsetend="65" fileid="1" />
                <BranchPoint vc="0" uspid="52" ordinal="5" offset="63" sl="96" path="1" offsetend="78" fileid="1" />
                <BranchPoint vc="0" uspid="59" ordinal="12" offset="163" sl="103" path="0" offsetend="165" fileid="1" />
                <BranchPoint vc="0" uspid="60" ordinal="13" offset="163" sl="103" path="1" offsetend="173" fileid="1" />
              </BranchPoints>
              <MethodPoint xsi:type="SequencePoint" vc="0" uspid="34" ordinal="0" offset="0" sl="95" sc="9" el="95" ec="10" bec="0" bev="0" fileid="1" />
            </Method>
            <Method visited="false" cyclomaticComplexity="2" nPathComplexity="0" sequenceCoverage="0" branchCoverage="0" isConstructor="false" isStatic="false" isGetter="false" isSetter="false">
              <Summary numSequencePoints="3" visitedSequencePoints="0" numBranchPoints="1" visitedBranchPoints="0" sequenceCoverage="0" branchCoverage="0" maxCyclomaticComplexity="2" minCyclomaticComplexity="2" visitedClasses="0" numClasses="0" visitedMethods="0" numMethods="1" />
              <MetadataToken>100663318</MetadataToken>
              <Name>System.Boolean DB_Location_XReferencer.Core.FormationMatcher::eitherContainsOther(System.String,System.String)</Name>
              <FileRef uid="1" />
              <SequencePoints>
                <SequencePoint vc="0" uspid="67" ordinal="0" offset="0" sl="130" sc="9" el="130" ec="10" bec="0" bev="0" fileid="1" />
                <SequencePoint vc="0" uspid="68" ordinal="1" offset="1" sl="131" sc="13" el="132" ec="42" bec="0" bev="0" fileid="1" />
                <SequencePoint vc="0" uspid="69" ordinal="2" offset="23" sl="133" sc="9" el="133" ec="10" bec="0" bev="0" fileid="1" />
              </SequencePoints>
              <BranchPoints />
              <MethodPoint xsi:type="SequencePoint" vc="0" uspid="67" ordinal="0" offset="0" sl="130" sc="9" el="130" ec="10" bec="0" bev="0" fileid="1" />
            </Method>
            <Method visited="false" cyclomaticComplexity="2" nPathComplexity="2" sequenceCoverage="0" branchCoverage="0" isConstructor="false" isStatic="false" isGetter="false" isSetter="false">
              <Summary numSequencePoints="5" visitedSequencePoints="0" numBranchPoints="3" visitedBranchPoints="0" sequenceCoverage="0" branchCoverage="0" maxCyclomaticComplexity="2" minCyclomaticComplexity="2" visitedClasses="0" numClasses="0" visitedMethods="0" numMethods="1" />
              <MetadataToken>100663319</MetadataToken>
              <Name>System.Void DB_Location_XReferencer.Core.FormationMatcher::ChooseMatch(System.Int32)</Name>
              <FileRef uid="1" />
              <SequencePoints>
                <SequencePoint vc="0" uspid="72" ordinal="0" offset="0" sl="141" sc="9" el="141" ec="10" bec="0" bev="0" fileid="1" />
                <SequencePoint vc="0" uspid="73" ordinal="1" offset="1" sl="142" sc="13" el="142" ec="53" bec="2" bev="0" fileid="1" />
                <SequencePoint vc="0" uspid="74" ordinal="2" offset="21" sl="142" sc="54" el="142" ec="98" bec="0" bev="0" fileid="1" />
                <SequencePoint vc="0" uspid="75" ordinal="3" offset="27" sl="143" sc="13" el="143" ec="56" bec="0" bev="0" fileid="1" />
                <SequencePoint vc="0" uspid="76" ordinal="4" offset="46" sl="144" sc="9" el="144" ec="10" bec="0" bev="0" fileid="1" />
              </SequencePoints>
              <BranchPoints>
                <BranchPoint vc="0" uspid="77" ordinal="0" offset="19" sl="142" path="0" offsetend="21" fileid="1" />
                <BranchPoint vc="0" uspid="78" ordinal="1" offset="19" sl="142" path="1" offsetend="27" fileid="1" />
              </BranchPoints>
              <MethodPoint xsi:type="SequencePoint" vc="0" uspid="72" ordinal="0" offset="0" sl="141" sc="9" el="141" ec="10" bec="0" bev="0" fileid="1" />
            </Method>
            <Method visited="false" cyclomaticComplexity="2" nPathComplexity="2" sequenceCoverage="0" branchCoverage="0" isConstructor="false" isStatic="false" isGetter="false" isSetter="false">
              <Summary numSequencePoints="6" visitedSequencePoints="0" numBranchPoints="3" visitedBranchPoints="0" sequenceCoverage="0" branchCoverage="0" maxCyclomaticComplexity="2" minCyclomaticComplexity="2" visitedClasses="0" numClasses="0" visitedMethods="0" numMethods="1" />
              <MetadataToken>100663320</MetadataToken>
              <Name>System.Void DB_Location_XReferencer.Core.FormationMatcher::CondensePotentialMatches()</Name>
              <FileRef uid="1" />
              <SequencePoints>
                <SequencePoint vc="0" uspid="79" ordinal="0" offset="0" sl="151" sc="9" el="151" ec="10" bec="0" bev="0" fileid="1" />
                <SequencePoint vc="0" uspid="80" ordinal="1" offset="1" sl="152" sc="13" el="152" ec="35" bec="2" bev="0" fileid="1" />
                <SequencePoint vc="0" uspid="81" ordinal="2" offset="11" sl="152" sc="36" el="152" ec="37" bec="0" bev="0" fileid="1" />
                <SequencePoint vc="0" uspid="82" ordinal="3" offset="12" sl="152" sc="38" el="152" ec="77" bec="0" bev="0" fileid="1" />
                <SequencePoint vc="0" uspid="83" ordinal="4" offset="31" sl="152" sc="78" el="152" ec="79" bec="0" bev="0" fileid="1" />
                <SequencePoint vc="0" uspid="84" ordinal="5" offset="32" sl="153" sc="9" el="153" ec="10" bec="0" bev="0" fileid="1" />
              </SequencePoints>
              <BranchPoints>
                <BranchPoint vc="0" uspid="85" ordinal="0" offset="9" sl="152" path="0" offsetend="11" fileid="1" />
                <BranchPoint vc="0" uspid="86" ordinal="1" offset="9" sl="152" path="1" offsetend="32" fileid="1" />
              </BranchPoints>
              <MethodPoint xsi:type="SequencePoint" vc="0" uspid="79" ordinal="0" offset="0" sl="151" sc="9" el="151" ec="10" bec="0" bev="0" fileid="1" />
            </Method>
            <Method visited="false" cyclomaticComplexity="4" nPathComplexity="8" sequenceCoverage="0" branchCoverage="0" isConstructor="false" isStatic="false" isGetter="false" isSetter="false">
              <Summary numSequencePoints="6" visitedSequencePoints="0" numBranchPoints="7" visitedBranchPoints="0" sequenceCoverage="0" branchCoverage="0" maxCyclomaticComplexity="4" minCyclomaticComplexity="4" visitedClasses="0" numClasses="0" visitedMethods="0" numMethods="1" />
              <MetadataToken>100663321</MetadataToken>
              <Name>System.Boolean DB_Location_XReferencer.Core.FormationMatcher::isSingularMatch()</Name>
              <FileRef uid="1" />
              <SequencePoints>
                <SequencePoint vc="0" uspid="87" ordinal="0" offset="0" sl="161" sc="9" el="161" ec="10" bec="0" bev="0" fileid="1" />
                <SequencePoint vc="0" uspid="88" ordinal="1" offset="1" sl="162" sc="13" el="162" ec="45" bec="4" bev="0" fileid="1" />
                <SequencePoint vc="0" uspid="89" ordinal="2" offset="24" sl="165" sc="21" el="165" ec="34" bec="0" bev="0" fileid="1" />
                <SequencePoint vc="0" uspid="90" ordinal="3" offset="28" sl="167" sc="21" el="167" ec="33" bec="0" bev="0" fileid="1" />
                <SequencePoint vc="0" uspid="91" ordinal="4" offset="32" sl="170" sc="21" el="170" ec="143" bec="2" bev="0" fileid="1" />
                <SequencePoint vc="0" uspid="92" ordinal="5" offset="74" sl="172" sc="9" el="172" ec="10" bec="0" bev="0" fileid="1" />
              </SequencePoints>
              <BranchPoints>
                <BranchPoint vc="0" uspid="93" ordinal="0" offset="14" sl="162" path="0" offsetchain="16" offsetend="18" fileid="1" />
                <BranchPoint vc="0" uspid="94" ordinal="1" offset="14" sl="162" path="1" offsetend="24" fileid="1" />
                <BranchPoint vc="0" uspid="95" ordinal="2" offset="20" sl="162" path="0" offsetchain="22" offsetend="32" fileid="1" />
                <BranchPoint vc="0" uspid="96" ordinal="3" offset="20" sl="162" path="1" offsetend="28" fileid="1" />
                <BranchPoint vc="0" uspid="97" ordinal="4" offset="44" sl="170" path="0" offsetend="46" fileid="1" />
                <BranchPoint vc="0" uspid="98" ordinal="5" offset="44" sl="170" path="1" offsetend="54" fileid="1" />
              </BranchPoints>
              <MethodPoint xsi:type="SequencePoint" vc="0" uspid="87" ordinal="0" offset="0" sl="161" sc="9" el="161" ec="10" bec="0" bev="0" fileid="1" />
            </Method>
            <Method visited="false" cyclomaticComplexity="2" nPathComplexity="0" sequenceCoverage="0" branchCoverage="0" isConstructor="false" isStatic="false" isGetter="false" isSetter="false">
              <Summary numSequencePoints="3" visitedSequencePoints="0" numBranchPoints="1" visitedBranchPoints="0" sequenceCoverage="0" branchCoverage="0" maxCyclomaticComplexity="2" minCyclomaticComplexity="2" visitedClasses="0" numClasses="0" visitedMethods="0" numMethods="1" />
              <MetadataToken>100663322</MetadataToken>
              <Name>System.Boolean DB_Location_XReferencer.Core.FormationMatcher::probableMatchByName(System.String,System.Collections.Generic.IEnumerable`1&lt;DB_Location_XReferencer.Core.Location&gt;)</Name>
              <FileRef uid="1" />
              <SequencePoints>
                <SequencePoint vc="0" uspid="99" ordinal="0" offset="20" sl="182" sc="9" el="182" ec="10" bec="0" bev="0" fileid="1" />
                <SequencePoint vc="0" uspid="100" ordinal="1" offset="21" sl="183" sc="13" el="188" ec="157" bec="0" bev="0" fileid="1" />
                <SequencePoint vc="0" uspid="101" ordinal="2" offset="70" sl="189" sc="9" el="189" ec="10" bec="0" bev="0" fileid="1" />
              </SequencePoints>
              <BranchPoints />
              <MethodPoint vc="0" uspid="104" ordinal="0" offset="0" />
            </Method>
            <Method visited="false" cyclomaticComplexity="1" nPathComplexity="0" sequenceCoverage="0" branchCoverage="0" isConstructor="false" isStatic="false" isGetter="false" isSetter="false">
              <Summary numSequencePoints="11" visitedSequencePoints="0" numBranchPoints="1" visitedBranchPoints="0" sequenceCoverage="0" branchCoverage="0" maxCyclomaticComplexity="1" minCyclomaticComplexity="1" visitedClasses="0" numClasses="0" visitedMethods="0" numMethods="1" />
              <MetadataToken>100663323</MetadataToken>
              <Name>System.String DB_Location_XReferencer.Core.FormationMatcher::normalizeGeographicName(System.String)</Name>
              <FileRef uid="1" />
              <SequencePoints>
                <SequencePoint vc="0" uspid="105" ordinal="0" offset="0" sl="201" sc="9" el="201" ec="10" bec="0" bev="0" fileid="1" />
                <SequencePoint vc="0" uspid="106" ordinal="1" offset="1" sl="202" sc="13" el="202" ec="40" bec="0" bev="0" fileid="1" />
                <SequencePoint vc="0" uspid="107" ordinal="2" offset="3" sl="205" sc="13" el="205" ec="91" bec="0" bev="0" fileid="1" />
                <SequencePoint vc="0" uspid="108" ordinal="3" offset="22" sl="208" sc="13" el="208" ec="68" bec="0" bev="0" fileid="1" />
                <SequencePoint vc="0" uspid="109" ordinal="4" offset="39" sl="211" sc="13" el="211" ec="68" bec="0" bev="0" fileid="1" />
                <SequencePoint vc="0" uspid="110" ordinal="5" offset="56" sl="212" sc="13" el="212" ec="91" bec="0" bev="0" fileid="1" />
                <SequencePoint vc="0" uspid="111" ordinal="6" offset="80" sl="215" sc="13" el="215" ec="68" bec="0" bev="0" fileid="1" />
                <SequencePoint vc="0" uspid="112" ordinal="7" offset="97" sl="216" sc="13" el="226" ec="36" bec="0" bev="0" fileid="1" />
                <SequencePoint vc="0" uspid="113" ordinal="8" offset="240" sl="229" sc="13" el="236" ec="42" bec="0" bev="0" fileid="1" />
                <SequencePoint vc="0" uspid="114" ordinal="9" offset="305" sl="238" sc="13" el="238" ec="33" bec="0" bev="0" fileid="1" />
                <SequencePoint vc="0" uspid="115" ordinal="10" offset="309" sl="239" sc="9" el="239" ec="10" bec="0" bev="0" fileid="1" />
              </SequencePoints>
              <BranchPoints />
              <MethodPoint xsi:type="SequencePoint" vc="0" uspid="105" ordinal="0" offset="0" sl="201" sc="9" el="201" ec="10" bec="0" bev="0" fileid="1" />
            </Method>
            <Method visited="false" cyclomaticComplexity="1" nPathComplexity="0" sequenceCoverage="0" branchCoverage="0" isConstructor="false" isStatic="false" isGetter="false" isSetter="false">
              <Summary numSequencePoints="6" visitedSequencePoints="0" numBranchPoints="1" visitedBranchPoints="0" sequenceCoverage="0" branchCoverage="0" maxCyclomaticComplexity="1" minCyclomaticComplexity="1" visitedClasses="0" numClasses="0" visitedMethods="0" numMethods="1" />
              <MetadataToken>100663324</MetadataToken>
              <Name>System.String DB_Location_XReferencer.Core.FormationMatcher::singularNonPossessiveWord(System.String)</Name>
              <FileRef uid="1" />
              <SequencePoints>
                <SequencePoint vc="0" uspid="116" ordinal="0" offset="0" sl="247" sc="9" el="247" ec="10" bec="0" bev="0" fileid="1" />
                <SequencePoint vc="0" uspid="117" ordinal="1" offset="1" sl="248" sc="13" el="248" ec="50" bec="0" bev="0" fileid="1" />
                <SequencePoint vc="0" uspid="118" ordinal="2" offset="8" sl="249" sc="13" el="249" ec="54" bec="0" bev="0" fileid="1" />
                <SequencePoint vc="0" uspid="119" ordinal="3" offset="15" sl="250" sc="13" el="250" ec="58" bec="0" bev="0" fileid="1" />
                <SequencePoint vc="0" uspid="120" ordinal="4" offset="22" sl="252" sc="13" el="252" ec="33" bec="0" bev="0" fileid="1" />
                <SequencePoint vc="0" uspid="121" ordinal="5" offset="26" sl="253" sc="9" el="253" ec="10" bec="0" bev="0" fileid="1" />
              </SequencePoints>
              <BranchPoints />
              <MethodPoint xsi:type="SequencePoint" vc="0" uspid="116" ordinal="0" offset="0" sl="247" sc="9" el="247" ec="10" bec="0" bev="0" fileid="1" />
            </Method>
            <Method visited="false" cyclomaticComplexity="3" nPathComplexity="4" sequenceCoverage="0" branchCoverage="0" isConstructor="false" isStatic="false" isGetter="false" isSetter="false">
              <Summary numSequencePoints="9" visitedSequencePoints="0" numBranchPoints="5" visitedBranchPoints="0" sequenceCoverage="0" branchCoverage="0" maxCyclomaticComplexity="3" minCyclomaticComplexity="3" visitedClasses="0" numClasses="0" visitedMethods="0" numMethods="1" />
              <MetadataToken>100663325</MetadataToken>
              <Name>System.String DB_Location_XReferencer.Core.FormationMatcher::ToString()</Name>
              <FileRef uid="1" />
              <SequencePoints>
                <SequencePoint vc="0" uspid="122" ordinal="0" offset="0" sl="263" sc="9" el="263" ec="10" bec="0" bev="0" fileid="1" />
                <SequencePoint vc="0" uspid="123" ordinal="1" offset="1" sl="264" sc="13" el="264" ec="53" bec="2" bev="0" fileid="1" />
                <SequencePoint vc="0" uspid="124" ordinal="2" offset="16" sl="265" sc="13" el="265" ec="14" bec="0" bev="0" fileid="1" />
                <SequencePoint vc="0" uspid="125" ordinal="3" offset="17" sl="266" sc="17" el="266" ec="40" bec="0" bev="0" fileid="1" />
                <SequencePoint vc="0" uspid="126" ordinal="4" offset="26" sl="268" sc="13" el="268" ec="56" bec="2" bev="0" fileid="1" />
                <SequencePoint vc="0" uspid="127" ordinal="5" offset="41" sl="269" sc="13" el="269" ec="14" bec="0" bev="0" fileid="1" />
                <SequencePoint vc="0" uspid="128" ordinal="6" offset="42" sl="270" sc="17" el="270" ec="38" bec="0" bev="0" fileid="1" />
                <SequencePoint vc="0" uspid="129" ordinal="7" offset="51" sl="272" sc="13" el="272" ec="66" bec="0" bev="0" fileid="1" />
                <SequencePoint vc="0" uspid="130" ordinal="8" offset="81" sl="273" sc="9" el="273" ec="10" bec="0" bev="0" fileid="1" />
              </SequencePoints>
              <BranchPoints>
                <BranchPoint vc="0" uspid="131" ordinal="0" offset="14" sl="264" path="0" offsetend="16" fileid="1" />
                <BranchPoint vc="0" uspid="132" ordinal="1" offset="14" sl="264" path="1" offsetend="26" fileid="1" />
                <BranchPoint vc="0" uspid="133" ordinal="2" offset="39" sl="268" path="0" offsetend="41" fileid="1" />
                <BranchPoint vc="0" uspid="134" ordinal="3" offset="39" sl="268" path="1" offsetend="51" fileid="1" />
              </BranchPoints>
              <MethodPoint xsi:type="SequencePoint" vc="0" uspid="122" ordinal="0" offset="0" sl="263" sc="9" el="263" ec="10" bec="0" bev="0" fileid="1" />
            </Method>
          </Methods>
        </Class>
        <Class>
          <Summary numSequencePoints="2" visitedSequencePoints="0" numBranchPoints="2" visitedBranchPoints="0" sequenceCoverage="0" branchCoverage="0" maxCyclomaticComplexity="2" minCyclomaticComplexity="1" visitedClasses="0" numClasses="1" visitedMethods="0" numMethods="2" />
          <FullName>DB_Location_XReferencer.Core.FormationMatcher/&lt;&gt;c__DisplayClass23_0</FullName>
          <Methods>
            <Method visited="false" cyclomaticComplexity="1" nPathComplexity="0" sequenceCoverage="0" branchCoverage="0" isConstructor="true" isStatic="false" isGetter="false" isSetter="false">
              <Summary numSequencePoints="0" visitedSequencePoints="0" numBranchPoints="0" visitedBranchPoints="0" sequenceCoverage="0" branchCoverage="0" maxCyclomaticComplexity="1" minCyclomaticComplexity="1" visitedClasses="0" numClasses="0" visitedMethods="0" numMethods="0" />
              <MetadataToken>100663436</MetadataToken>
              <Name>System.Void DB_Location_XReferencer.Core.FormationMatcher/&lt;&gt;c__DisplayClass23_0::.ctor()</Name>
              <SequencePoints />
              <BranchPoints />
              <MethodPoint vc="0" uspid="135" ordinal="0" offset="0" />
            </Method>
            <Method visited="false" cyclomaticComplexity="2" nPathComplexity="0" sequenceCoverage="0" branchCoverage="0" isConstructor="false" isStatic="false" isGetter="false" isSetter="false">
              <Summary numSequencePoints="1" visitedSequencePoints="0" numBranchPoints="1" visitedBranchPoints="0" sequenceCoverage="0" branchCoverage="0" maxCyclomaticComplexity="2" minCyclomaticComplexity="2" visitedClasses="0" numClasses="0" visitedMethods="0" numMethods="1" />
              <MetadataToken>100663437</MetadataToken>
              <Name>System.Boolean DB_Location_XReferencer.Core.FormationMatcher/&lt;&gt;c__DisplayClass23_0::&lt;probableMatchByName&gt;b__0(DB_Location_XReferencer.Core.Location)</Name>
              <FileRef uid="1" />
              <SequencePoints>
                <SequencePoint vc="0" uspid="136" ordinal="0" offset="0" sl="184" sc="45" el="185" ec="97" bec="0" bev="0" fileid="1" />
              </SequencePoints>
              <BranchPoints />
              <MethodPoint xsi:type="SequencePoint" vc="0" uspid="136" ordinal="0" offset="0" sl="184" sc="45" el="185" ec="97" bec="0" bev="0" fileid="1" />
            </Method>
            <Method visited="false" cyclomaticComplexity="2" nPathComplexity="0" sequenceCoverage="0" branchCoverage="0" isConstructor="false" isStatic="false" isGetter="false" isSetter="false">
              <Summary numSequencePoints="1" visitedSequencePoints="0" numBranchPoints="1" visitedBranchPoints="0" sequenceCoverage="0" branchCoverage="0" maxCyclomaticComplexity="2" minCyclomaticComplexity="2" visitedClasses="0" numClasses="0" visitedMethods="0" numMethods="1" />
              <MetadataToken>100663438</MetadataToken>
              <Name>System.Boolean DB_Location_XReferencer.Core.FormationMatcher/&lt;&gt;c__DisplayClass23_0::&lt;probableMatchByName&gt;b__1(DB_Location_XReferencer.Core.Location)</Name>
              <FileRef uid="1" />
              <SequencePoints>
                <SequencePoint vc="0" uspid="139" ordinal="0" offset="0" sl="187" sc="53" el="188" ec="155" bec="0" bev="0" fileid="1" />
              </SequencePoints>
              <BranchPoints />
              <MethodPoint xsi:type="SequencePoint" vc="0" uspid="139" ordinal="0" offset="0" sl="187" sc="53" el="188" ec="155" bec="0" bev="0" fileid="1" />
            </Method>
          </Methods>
        </Class>
        <Class>
          <Summary numSequencePoints="14" visitedSequencePoints="0" numBranchPoints="7" visitedBranchPoints="0" sequenceCoverage="0" branchCoverage="0" maxCyclomaticComplexity="4" minCyclomaticComplexity="1" visitedClasses="0" numClasses="1" visitedMethods="0" numMethods="3" />
          <FullName>DB_Location_XReferencer.Core.Formation</FullName>
          <Methods>
            <Method visited="false" cyclomaticComplexity="1" nPathComplexity="0" sequenceCoverage="0" branchCoverage="0" isConstructor="false" isStatic="false" isGetter="true" isSetter="false">
              <Summary numSequencePoints="1" visitedSequencePoints="0" numBranchPoints="1" visitedBranchPoints="0" sequenceCoverage="0" branchCoverage="0" maxCyclomaticComplexity="1" minCyclomaticComplexity="1" visitedClasses="0" numClasses="0" visitedMethods="0" numMethods="1" />
              <MetadataToken>100663326</MetadataToken>
              <Name>System.String DB_Location_XReferencer.Core.Formation::get_SubFormationName()</Name>
              <FileRef uid="3" />
              <SequencePoints>
                <SequencePoint vc="0" uspid="142" ordinal="0" offset="0" sl="27" sc="42" el="27" ec="46" bec="0" bev="0" fileid="3" />
              </SequencePoints>
              <BranchPoints />
              <MethodPoint xsi:type="SequencePoint" vc="0" uspid="142" ordinal="0" offset="0" sl="27" sc="42" el="27" ec="46" bec="0" bev="0" fileid="3" />
            </Method>
            <Method visited="false" cyclomaticComplexity="1" nPathComplexity="0" sequenceCoverage="0" branchCoverage="0" isConstructor="true" isStatic="false" isGetter="false" isSetter="false">
              <Summary numSequencePoints="4" visitedSequencePoints="0" numBranchPoints="1" visitedBranchPoints="0" sequenceCoverage="0" branchCoverage="0" maxCyclomaticComplexity="1" minCyclomaticComplexity="1" visitedClasses="0" numClasses="0" visitedMethods="0" numMethods="1" />
              <MetadataToken>100663327</MetadataToken>
              <Name>System.Void DB_Location_XReferencer.Core.Formation::.ctor(System.String,System.Double,System.Double,System.String,System.Int32,System.String)</Name>
              <FileRef uid="3" />
              <SequencePoints>
                <SequencePoint vc="0" uspid="143" ordinal="0" offset="0" sl="43" sc="45" el="43" ec="98" bec="0" bev="0" fileid="3" />
                <SequencePoint vc="0" uspid="144" ordinal="1" offset="14" sl="44" sc="9" el="44" ec="10" bec="0" bev="0" fileid="3" />
                <SequencePoint vc="0" uspid="145" ordinal="2" offset="15" sl="45" sc="13" el="45" ec="49" bec="0" bev="0" fileid="3" />
                <SequencePoint vc="0" uspid="146" ordinal="3" offset="23" sl="46" sc="9" el="46" ec="10" bec="0" bev="0" fileid="3" />
              </SequencePoints>
              <BranchPoints />
              <MethodPoint xsi:type="SequencePoint" vc="0" uspid="143" ordinal="0" offset="0" sl="43" sc="45" el="43" ec="98" bec="0" bev="0" fileid="3" />
            </Method>
            <Method visited="false" cyclomaticComplexity="4" nPathComplexity="4" sequenceCoverage="0" branchCoverage="0" isConstructor="false" isStatic="false" isGetter="false" isSetter="false">
              <Summary numSequencePoints="9" visitedSequencePoints="0" numBranchPoints="5" visitedBranchPoints="0" sequenceCoverage="0" branchCoverage="0" maxCyclomaticComplexity="4" minCyclomaticComplexity="4" visitedClasses="0" numClasses="0" visitedMethods="0" numMethods="1" />
              <MetadataToken>100663328</MetadataToken>
              <Name>System.String DB_Location_XReferencer.Core.Formation::ToString()</Name>
              <FileRef uid="3" />
              <SequencePoints>
                <SequencePoint vc="0" uspid="147" ordinal="0" offset="0" sl="53" sc="9" el="53" ec="10" bec="0" bev="0" fileid="3" />
                <SequencePoint vc="0" uspid="148" ordinal="1" offset="1" sl="54" sc="13" el="55" ec="56" bec="2" bev="0" fileid="3" />
                <SequencePoint vc="0" uspid="149" ordinal="2" offset="32" sl="56" sc="13" el="56" ec="14" bec="0" bev="0" fileid="3" />
                <SequencePoint vc="0" uspid="150" ordinal="3" offset="33" sl="57" sc="17" el="57" ec="40" bec="0" bev="0" fileid="3" />
                <SequencePoint vc="0" uspid="151" ordinal="4" offset="42" sl="60" sc="13" el="60" ec="78" bec="0" bev="0" fileid="3" />
                <SequencePoint vc="0" uspid="152" ordinal="5" offset="70" sl="61" sc="13" el="61" ec="50" bec="2" bev="0" fileid="3" />
                <SequencePoint vc="0" uspid="153" ordinal="6" offset="88" sl="61" sc="51" el="61" ec="92" bec="0" bev="0" fileid="3" />
                <SequencePoint vc="0" uspid="154" ordinal="7" offset="111" sl="62" sc="13" el="62" ec="36" bec="0" bev="0" fileid="3" />
                <SequencePoint vc="0" uspid="155" ordinal="8" offset="115" sl="63" sc="9" el="63" ec="10" bec="0" bev="0" fileid="3" />
              </SequencePoints>
              <BranchPoints>
                <BranchPoint vc="0" uspid="158" ordinal="2" offset="30" sl="54" path="0" offsetend="32" fileid="3" />
                <BranchPoint vc="0" uspid="159" ordinal="3" offset="30" sl="54" path="1" offsetend="42" fileid="3" />
                <BranchPoint vc="0" uspid="160" ordinal="4" offset="86" sl="61" path="0" offsetend="88" fileid="3" />
                <BranchPoint vc="0" uspid="161" ordinal="5" offset="86" sl="61" path="1" offsetend="111" fileid="3" />
              </BranchPoints>
              <MethodPoint xsi:type="SequencePoint" vc="0" uspid="147" ordinal="0" offset="0" sl="53" sc="9" el="53" ec="10" bec="0" bev="0" fileid="3" />
            </Method>
          </Methods>
        </Class>
        <Class>
          <Summary numSequencePoints="137" visitedSequencePoints="0" numBranchPoints="45" visitedBranchPoints="0" sequenceCoverage="0" branchCoverage="0" maxCyclomaticComplexity="8" minCyclomaticComplexity="1" visitedClasses="0" numClasses="1" visitedMethods="0" numMethods="25" />
          <FullName>DB_Location_XReferencer.Core.Region</FullName>
          <Methods>
            <Method visited="false" cyclomaticComplexity="1" nPathComplexity="0" sequenceCoverage="0" branchCoverage="0" isConstructor="false" isStatic="false" isGetter="true" isSetter="false">
              <Summary numSequencePoints="1" visitedSequencePoints="0" numBranchPoints="1" visitedBranchPoints="0" sequenceCoverage="0" branchCoverage="0" maxCyclomaticComplexity="1" minCyclomaticComplexity="1" visitedClasses="0" numClasses="0" visitedMethods="0" numMethods="1" />
              <MetadataToken>100663329</MetadataToken>
              <Name>System.String DB_Location_XReferencer.Core.Region::get_Name()</Name>
              <FileRef uid="4" />
              <SequencePoints>
                <SequencePoint vc="0" uspid="162" ordinal="0" offset="0" sl="35" sc="30" el="35" ec="34" bec="0" bev="0" fileid="4" />
              </SequencePoints>
              <BranchPoints />
              <MethodPoint xsi:type="SequencePoint" vc="0" uspid="162" ordinal="0" offset="0" sl="35" sc="30" el="35" ec="34" bec="0" bev="0" fileid="4" />
            </Method>
            <Method visited="false" cyclomaticComplexity="1" nPathComplexity="0" sequenceCoverage="0" branchCoverage="0" isConstructor="false" isStatic="false" isGetter="true" isSetter="false">
              <Summary numSequencePoints="1" visitedSequencePoints="0" numBranchPoints="1" visitedBranchPoints="0" sequenceCoverage="0" branchCoverage="0" maxCyclomaticComplexity="1" minCyclomaticComplexity="1" visitedClasses="0" numClasses="0" visitedMethods="0" numMethods="1" />
              <MetadataToken>100663330</MetadataToken>
              <Name>System.Collections.Generic.IEnumerable`1&lt;SharpKml.Base.Vector&gt; DB_Location_XReferencer.Core.Region::get_Boundary()</Name>
              <FileRef uid="4" />
              <SequencePoints>
                <SequencePoint vc="0" uspid="163" ordinal="0" offset="0" sl="41" sc="47" el="41" ec="51" bec="0" bev="0" fileid="4" />
              </SequencePoints>
              <BranchPoints />
              <MethodPoint xsi:type="SequencePoint" vc="0" uspid="163" ordinal="0" offset="0" sl="41" sc="47" el="41" ec="51" bec="0" bev="0" fileid="4" />
            </Method>
            <Method visited="false" cyclomaticComplexity="1" nPathComplexity="0" sequenceCoverage="0" branchCoverage="0" isConstructor="false" isStatic="false" isGetter="true" isSetter="false">
              <Summary numSequencePoints="1" visitedSequencePoints="0" numBranchPoints="1" visitedBranchPoints="0" sequenceCoverage="0" branchCoverage="0" maxCyclomaticComplexity="1" minCyclomaticComplexity="1" visitedClasses="0" numClasses="0" visitedMethods="0" numMethods="1" />
              <MetadataToken>100663331</MetadataToken>
              <Name>DB_Location_XReferencer.Core.Extents DB_Location_XReferencer.Core.Region::get_Extents()</Name>
              <FileRef uid="4" />
              <SequencePoints>
                <SequencePoint vc="0" uspid="164" ordinal="0" offset="0" sl="47" sc="34" el="47" ec="38" bec="0" bev="0" fileid="4" />
              </SequencePoints>
              <BranchPoints />
              <MethodPoint xsi:type="SequencePoint" vc="0" uspid="164" ordinal="0" offset="0" sl="47" sc="34" el="47" ec="38" bec="0" bev="0" fileid="4" />
            </Method>
            <Method visited="false" cyclomaticComplexity="1" nPathComplexity="0" sequenceCoverage="0" branchCoverage="0" isConstructor="false" isStatic="false" isGetter="false" isSetter="true">
              <Summary numSequencePoints="1" visitedSequencePoints="0" numBranchPoints="1" visitedBranchPoints="0" sequenceCoverage="0" branchCoverage="0" maxCyclomaticComplexity="1" minCyclomaticComplexity="1" visitedClasses="0" numClasses="0" visitedMethods="0" numMethods="1" />
              <MetadataToken>100663332</MetadataToken>
              <Name>System.Void DB_Location_XReferencer.Core.Region::set_Extents(DB_Location_XReferencer.Core.Extents)</Name>
              <FileRef uid="4" />
              <SequencePoints>
                <SequencePoint vc="0" uspid="165" ordinal="0" offset="0" sl="47" sc="39" el="47" ec="51" bec="0" bev="0" fileid="4" />
              </SequencePoints>
              <BranchPoints />
              <MethodPoint xsi:type="SequencePoint" vc="0" uspid="165" ordinal="0" offset="0" sl="47" sc="39" el="47" ec="51" bec="0" bev="0" fileid="4" />
            </Method>
            <Method visited="false" cyclomaticComplexity="1" nPathComplexity="0" sequenceCoverage="0" branchCoverage="0" isConstructor="false" isStatic="false" isGetter="true" isSetter="false">
              <Summary numSequencePoints="1" visitedSequencePoints="0" numBranchPoints="1" visitedBranchPoints="0" sequenceCoverage="0" branchCoverage="0" maxCyclomaticComplexity="1" minCyclomaticComplexity="1" visitedClasses="0" numClasses="0" visitedMethods="0" numMethods="1" />
              <MetadataToken>100663333</MetadataToken>
              <Name>System.Collections.Generic.List`1&lt;DB_Location_XReferencer.Core.FormationMatcher&gt; DB_Location_XReferencer.Core.Region::get_Locations()</Name>
              <FileRef uid="4" />
              <SequencePoints>
                <SequencePoint vc="0" uspid="166" ordinal="0" offset="0" sl="53" sc="51" el="53" ec="55" bec="0" bev="0" fileid="4" />
              </SequencePoints>
              <BranchPoints />
              <MethodPoint xsi:type="SequencePoint" vc="0" uspid="166" ordinal="0" offset="0" sl="53" sc="51" el="53" ec="55" bec="0" bev="0" fileid="4" />
            </Method>
            <Method visited="false" cyclomaticComplexity="1" nPathComplexity="0" sequenceCoverage="0" branchCoverage="0" isConstructor="false" isStatic="false" isGetter="true" isSetter="false">
              <Summary numSequencePoints="1" visitedSequencePoints="0" numBranchPoints="1" visitedBranchPoints="0" sequenceCoverage="0" branchCoverage="0" maxCyclomaticComplexity="1" minCyclomaticComplexity="1" visitedClasses="0" numClasses="0" visitedMethods="0" numMethods="1" />
              <MetadataToken>100663334</MetadataToken>
              <Name>System.Collections.Generic.List`1&lt;DB_Location_XReferencer.Core.Location&gt; DB_Location_XReferencer.Core.Region::get_LocationsBase()</Name>
              <FileRef uid="4" />
              <SequencePoints>
                <SequencePoint vc="0" uspid="167" ordinal="0" offset="0" sl="59" sc="47" el="59" ec="51" bec="0" bev="0" fileid="4" />
              </SequencePoints>
              <BranchPoints />
              <MethodPoint xsi:type="SequencePoint" vc="0" uspid="167" ordinal="0" offset="0" sl="59" sc="47" el="59" ec="51" bec="0" bev="0" fileid="4" />
            </Method>
            <Method visited="false" cyclomaticComplexity="1" nPathComplexity="0" sequenceCoverage="0" branchCoverage="0" isConstructor="true" isStatic="false" isGetter="false" isSetter="false">
              <Summary numSequencePoints="8" visitedSequencePoints="0" numBranchPoints="1" visitedBranchPoints="0" sequenceCoverage="0" branchCoverage="0" maxCyclomaticComplexity="1" minCyclomaticComplexity="1" visitedClasses="0" numClasses="0" visitedMethods="0" numMethods="1" />
              <MetadataToken>100663335</MetadataToken>
              <Name>System.Void DB_Location_XReferencer.Core.Region::.ctor(System.String,System.Collections.Generic.IEnumerable`1&lt;SharpKml.Base.Vector&gt;)</Name>
              <FileRef uid="4" />
              <SequencePoints>
                <SequencePoint vc="0" uspid="168" ordinal="0" offset="0" sl="53" sc="60" el="53" ec="88" bec="0" bev="0" fileid="4" />
                <SequencePoint vc="0" uspid="169" ordinal="1" offset="11" sl="59" sc="56" el="59" ec="76" bec="0" bev="0" fileid="4" />
                <SequencePoint vc="0" uspid="170" ordinal="2" offset="22" sl="66" sc="9" el="66" ec="77" bec="0" bev="0" fileid="4" />
                <SequencePoint vc="0" uspid="171" ordinal="3" offset="29" sl="67" sc="9" el="67" ec="10" bec="0" bev="0" fileid="4" />
                <SequencePoint vc="0" uspid="172" ordinal="4" offset="30" sl="68" sc="13" el="68" ec="31" bec="0" bev="0" fileid="4" />
                <SequencePoint vc="0" uspid="173" ordinal="5" offset="37" sl="69" sc="13" el="69" ec="39" bec="0" bev="0" fileid="4" />
                <SequencePoint vc="0" uspid="174" ordinal="6" offset="44" sl="70" sc="13" el="70" ec="26" bec="0" bev="0" fileid="4" />
                <SequencePoint vc="0" uspid="175" ordinal="7" offset="51" sl="71" sc="9" el="71" ec="10" bec="0" bev="0" fileid="4" />
              </SequencePoints>
              <BranchPoints />
              <MethodPoint xsi:type="SequencePoint" vc="0" uspid="168" ordinal="0" offset="0" sl="53" sc="60" el="53" ec="88" bec="0" bev="0" fileid="4" />
            </Method>
            <Method visited="false" cyclomaticComplexity="3" nPathComplexity="0" sequenceCoverage="0" branchCoverage="0" isConstructor="false" isStatic="false" isGetter="false" isSetter="false">
              <Summary numSequencePoints="9" visitedSequencePoints="0" numBranchPoints="1" visitedBranchPoints="0" sequenceCoverage="0" branchCoverage="0" maxCyclomaticComplexity="3" minCyclomaticComplexity="3" visitedClasses="0" numClasses="0" visitedMethods="0" numMethods="1" />
              <MetadataToken>100663336</MetadataToken>
              <Name>System.Void DB_Location_XReferencer.Core.Region::AddLocationsByRegionName(System.Collections.Generic.IEnumerable`1&lt;DB_Location_XReferencer.Core.FormationMatcher&gt;)</Name>
              <FileRef uid="4" />
              <SequencePoints>
                <SequencePoint vc="0" uspid="176" ordinal="0" offset="0" sl="78" sc="9" el="78" ec="10" bec="0" bev="0" fileid="4" />
                <SequencePoint vc="0" uspid="177" ordinal="1" offset="1" sl="79" sc="13" el="79" ec="20" bec="0" bev="0" fileid="4" />
                <SequencePoint vc="0" uspid="178" ordinal="2" offset="2" sl="79" sc="51" el="79" ec="60" bec="0" bev="0" fileid="4" />
                <SequencePoint vc="0" uspid="179" ordinal="3" offset="11" sl="79" sc="22" el="79" ec="47" bec="0" bev="0" fileid="4" />
                <SequencePoint vc="0" uspid="180" ordinal="4" offset="18" sl="80" sc="13" el="80" ec="14" bec="0" bev="0" fileid="4" />
                <SequencePoint vc="0" uspid="181" ordinal="5" offset="19" sl="81" sc="17" el="81" ec="51" bec="0" bev="0" fileid="4" />
                <SequencePoint vc="0" uspid="182" ordinal="6" offset="27" sl="82" sc="13" el="82" ec="14" bec="0" bev="0" fileid="4" />
                <SequencePoint vc="0" uspid="183" ordinal="7" offset="28" sl="79" sc="48" el="79" ec="50" bec="0" bev="0" fileid="4" />
                <SequencePoint vc="0" uspid="184" ordinal="8" offset="49" sl="83" sc="9" el="83" ec="10" bec="0" bev="0" fileid="4" />
              </SequencePoints>
              <BranchPoints />
              <MethodPoint xsi:type="SequencePoint" vc="0" uspid="176" ordinal="0" offset="0" sl="78" sc="9" el="78" ec="10" bec="0" bev="0" fileid="4" />
            </Method>
            <Method visited="false" cyclomaticComplexity="2" nPathComplexity="2" sequenceCoverage="0" branchCoverage="0" isConstructor="false" isStatic="false" isGetter="false" isSetter="false">
              <Summary numSequencePoints="6" visitedSequencePoints="0" numBranchPoints="3" visitedBranchPoints="0" sequenceCoverage="0" branchCoverage="0" maxCyclomaticComplexity="2" minCyclomaticComplexity="2" visitedClasses="0" numClasses="0" visitedMethods="0" numMethods="1" />
              <MetadataToken>100663337</MetadataToken>
              <Name>System.Void DB_Location_XReferencer.Core.Region::AddLocationByRegionName(DB_Location_XReferencer.Core.FormationMatcher)</Name>
              <FileRef uid="4" />
              <SequencePoints>
                <SequencePoint vc="0" uspid="187" ordinal="0" offset="0" sl="90" sc="9" el="90" ec="10" bec="0" bev="0" fileid="4" />
                <SequencePoint vc="0" uspid="188" ordinal="1" offset="1" sl="91" sc="13" el="91" ec="90" bec="2" bev="0" fileid="4" />
                <SequencePoint vc="0" uspid="189" ordinal="2" offset="26" sl="92" sc="13" el="92" ec="14" bec="0" bev="0" fileid="4" />
                <SequencePoint vc="0" uspid="190" ordinal="3" offset="27" sl="93" sc="17" el="93" ec="41" bec="0" bev="0" fileid="4" />
                <SequencePoint vc="0" uspid="191" ordinal="4" offset="40" sl="94" sc="13" el="94" ec="14" bec="0" bev="0" fileid="4" />
                <SequencePoint vc="0" uspid="192" ordinal="5" offset="41" sl="95" sc="9" el="95" ec="10" bec="0" bev="0" fileid="4" />
              </SequencePoints>
              <BranchPoints>
                <BranchPoint vc="0" uspid="193" ordinal="0" offset="24" sl="91" path="0" offsetend="26" fileid="4" />
                <BranchPoint vc="0" uspid="194" ordinal="1" offset="24" sl="91" path="1" offsetend="41" fileid="4" />
              </BranchPoints>
              <MethodPoint xsi:type="SequencePoint" vc="0" uspid="187" ordinal="0" offset="0" sl="90" sc="9" el="90" ec="10" bec="0" bev="0" fileid="4" />
            </Method>
            <Method visited="false" cyclomaticComplexity="3" nPathComplexity="0" sequenceCoverage="0" branchCoverage="0" isConstructor="false" isStatic="false" isGetter="false" isSetter="false">
              <Summary numSequencePoints="9" visitedSequencePoints="0" numBranchPoints="1" visitedBranchPoints="0" sequenceCoverage="0" branchCoverage="0" maxCyclomaticComplexity="3" minCyclomaticComplexity="3" visitedClasses="0" numClasses="0" visitedMethods="0" numMethods="1" />
              <MetadataToken>100663338</MetadataToken>
              <Name>System.Void DB_Location_XReferencer.Core.Region::AddLocationsByCoordinates(System.Collections.Generic.IEnumerable`1&lt;DB_Location_XReferencer.Core.Location&gt;)</Name>
              <FileRef uid="4" />
              <SequencePoints>
                <SequencePoint vc="0" uspid="195" ordinal="0" offset="0" sl="103" sc="9" el="103" ec="10" bec="0" bev="0" fileid="4" />
                <SequencePoint vc="0" uspid="196" ordinal="1" offset="1" sl="104" sc="13" el="104" ec="20" bec="0" bev="0" fileid="4" />
                <SequencePoint vc="0" uspid="197" ordinal="2" offset="2" sl="104" sc="43" el="104" ec="52" bec="0" bev="0" fileid="4" />
                <SequencePoint vc="0" uspid="198" ordinal="3" offset="11" sl="104" sc="22" el="104" ec="39" bec="0" bev="0" fileid="4" />
                <SequencePoint vc="0" uspid="199" ordinal="4" offset="18" sl="105" sc="13" el="105" ec="14" bec="0" bev="0" fileid="4" />
                <SequencePoint vc="0" uspid="200" ordinal="5" offset="19" sl="106" sc="17" el="106" ec="52" bec="0" bev="0" fileid="4" />
                <SequencePoint vc="0" uspid="201" ordinal="6" offset="27" sl="107" sc="13" el="107" ec="14" bec="0" bev="0" fileid="4" />
                <SequencePoint vc="0" uspid="202" ordinal="7" offset="28" sl="104" sc="40" el="104" ec="42" bec="0" bev="0" fileid="4" />
                <SequencePoint vc="0" uspid="203" ordinal="8" offset="49" sl="108" sc="9" el="108" ec="10" bec="0" bev="0" fileid="4" />
              </SequencePoints>
              <BranchPoints />
              <MethodPoint xsi:type="SequencePoint" vc="0" uspid="195" ordinal="0" offset="0" sl="103" sc="9" el="103" ec="10" bec="0" bev="0" fileid="4" />
            </Method>
            <Method visited="false" cyclomaticComplexity="3" nPathComplexity="2" sequenceCoverage="0" branchCoverage="0" isConstructor="false" isStatic="false" isGetter="false" isSetter="false">
              <Summary numSequencePoints="6" visitedSequencePoints="0" numBranchPoints="3" visitedBranchPoints="0" sequenceCoverage="0" branchCoverage="0" maxCyclomaticComplexity="3" minCyclomaticComplexity="3" visitedClasses="0" numClasses="0" visitedMethods="0" numMethods="1" />
              <MetadataToken>100663339</MetadataToken>
              <Name>System.Void DB_Location_XReferencer.Core.Region::AddLocationByCoordinates(DB_Location_XReferencer.Core.Location)</Name>
              <FileRef uid="4" />
              <SequencePoints>
                <SequencePoint vc="0" uspid="206" ordinal="0" offset="0" sl="115" sc="9" el="115" ec="10" bec="0" bev="0" fileid="4" />
                <SequencePoint vc="0" uspid="207" ordinal="1" offset="1" sl="116" sc="13" el="117" ec="41" bec="2" bev="0" fileid="4" />
                <SequencePoint vc="0" uspid="208" ordinal="2" offset="24" sl="118" sc="13" el="118" ec="14" bec="0" bev="0" fileid="4" />
                <SequencePoint vc="0" uspid="209" ordinal="3" offset="25" sl="119" sc="17" el="119" ec="45" bec="0" bev="0" fileid="4" />
                <SequencePoint vc="0" uspid="210" ordinal="4" offset="38" sl="120" sc="13" el="120" ec="14" bec="0" bev="0" fileid="4" />
                <SequencePoint vc="0" uspid="211" ordinal="5" offset="39" sl="121" sc="9" el="121" ec="10" bec="0" bev="0" fileid="4" />
              </SequencePoints>
              <BranchPoints>
                <BranchPoint vc="0" uspid="214" ordinal="2" offset="22" sl="116" path="0" offsetend="24" fileid="4" />
                <BranchPoint vc="0" uspid="215" ordinal="3" offset="22" sl="116" path="1" offsetend="39" fileid="4" />
              </BranchPoints>
              <MethodPoint xsi:type="SequencePoint" vc="0" uspid="206" ordinal="0" offset="0" sl="115" sc="9" el="115" ec="10" bec="0" bev="0" fileid="4" />
            </Method>
            <Method visited="false" cyclomaticComplexity="3" nPathComplexity="0" sequenceCoverage="0" branchCoverage="0" isConstructor="false" isStatic="false" isGetter="false" isSetter="false">
              <Summary numSequencePoints="15" visitedSequencePoints="0" numBranchPoints="1" visitedBranchPoints="0" sequenceCoverage="0" branchCoverage="0" maxCyclomaticComplexity="3" minCyclomaticComplexity="3" visitedClasses="0" numClasses="0" visitedMethods="0" numMethods="1" />
              <MetadataToken>100663340</MetadataToken>
              <Name>System.Void DB_Location_XReferencer.Core.Region::MergeLocations()</Name>
              <FileRef uid="4" />
              <SequencePoints>
                <SequencePoint vc="0" uspid="216" ordinal="0" offset="0" sl="128" sc="9" el="128" ec="10" bec="0" bev="0" fileid="4" />
                <SequencePoint vc="0" uspid="217" ordinal="1" offset="1" sl="129" sc="13" el="129" ec="20" bec="0" bev="0" fileid="4" />
                <SequencePoint vc="0" uspid="218" ordinal="2" offset="2" sl="129" sc="52" el="129" ec="65" bec="0" bev="0" fileid="4" />
                <SequencePoint vc="0" uspid="219" ordinal="3" offset="16" sl="129" sc="22" el="129" ec="48" bec="0" bev="0" fileid="4" />
                <SequencePoint vc="0" uspid="220" ordinal="4" offset="24" sl="130" sc="13" el="130" ec="14" bec="0" bev="0" fileid="4" />
                <SequencePoint vc="0" uspid="221" ordinal="5" offset="25" sl="131" sc="17" el="131" ec="24" bec="0" bev="0" fileid="4" />
                <SequencePoint vc="0" uspid="222" ordinal="6" offset="26" sl="131" sc="55" el="131" ec="64" bec="0" bev="0" fileid="4" />
                <SequencePoint vc="0" uspid="223" ordinal="7" offset="40" sl="131" sc="26" el="131" ec="51" bec="0" bev="0" fileid="4" />
                <SequencePoint vc="0" uspid="224" ordinal="8" offset="48" sl="132" sc="17" el="132" ec="18" bec="0" bev="0" fileid="4" />
                <SequencePoint vc="0" uspid="225" ordinal="9" offset="49" sl="133" sc="21" el="133" ec="75" bec="0" bev="0" fileid="4" />
                <SequencePoint vc="0" uspid="226" ordinal="10" offset="57" sl="134" sc="17" el="134" ec="18" bec="0" bev="0" fileid="4" />
                <SequencePoint vc="0" uspid="227" ordinal="11" offset="58" sl="131" sc="52" el="131" ec="54" bec="0" bev="0" fileid="4" />
                <SequencePoint vc="0" uspid="228" ordinal="12" offset="84" sl="135" sc="13" el="135" ec="14" bec="0" bev="0" fileid="4" />
                <SequencePoint vc="0" uspid="229" ordinal="13" offset="85" sl="129" sc="49" el="129" ec="51" bec="0" bev="0" fileid="4" />
                <SequencePoint vc="0" uspid="230" ordinal="14" offset="111" sl="136" sc="9" el="136" ec="10" bec="0" bev="0" fileid="4" />
              </SequencePoints>
              <BranchPoints />
              <MethodPoint xsi:type="SequencePoint" vc="0" uspid="216" ordinal="0" offset="0" sl="128" sc="9" el="128" ec="10" bec="0" bev="0" fileid="4" />
            </Method>
            <Method visited="false" cyclomaticComplexity="2" nPathComplexity="0" sequenceCoverage="0" branchCoverage="0" isConstructor="false" isStatic="false" isGetter="false" isSetter="false">
              <Summary numSequencePoints="9" visitedSequencePoints="0" numBranchPoints="1" visitedBranchPoints="0" sequenceCoverage="0" branchCoverage="0" maxCyclomaticComplexity="2" minCyclomaticComplexity="2" visitedClasses="0" numClasses="0" visitedMethods="0" numMethods="1" />
              <MetadataToken>100663341</MetadataToken>
              <Name>System.Void DB_Location_XReferencer.Core.Region::CondensePotentialMatches()</Name>
              <FileRef uid="4" />
              <SequencePoints>
                <SequencePoint vc="0" uspid="235" ordinal="0" offset="0" sl="142" sc="9" el="142" ec="10" bec="0" bev="0" fileid="4" />
                <SequencePoint vc="0" uspid="236" ordinal="1" offset="1" sl="143" sc="13" el="143" ec="20" bec="0" bev="0" fileid="4" />
                <SequencePoint vc="0" uspid="237" ordinal="2" offset="2" sl="143" sc="51" el="143" ec="60" bec="0" bev="0" fileid="4" />
                <SequencePoint vc="0" uspid="238" ordinal="3" offset="16" sl="143" sc="22" el="143" ec="47" bec="0" bev="0" fileid="4" />
                <SequencePoint vc="0" uspid="239" ordinal="4" offset="24" sl="144" sc="13" el="144" ec="14" bec="0" bev="0" fileid="4" />
                <SequencePoint vc="0" uspid="240" ordinal="5" offset="25" sl="145" sc="17" el="145" ec="53" bec="0" bev="0" fileid="4" />
                <SequencePoint vc="0" uspid="241" ordinal="6" offset="32" sl="146" sc="13" el="146" ec="14" bec="0" bev="0" fileid="4" />
                <SequencePoint vc="0" uspid="242" ordinal="7" offset="33" sl="143" sc="48" el="143" ec="50" bec="0" bev="0" fileid="4" />
                <SequencePoint vc="0" uspid="243" ordinal="8" offset="59" sl="147" sc="9" el="147" ec="10" bec="0" bev="0" fileid="4" />
              </SequencePoints>
              <BranchPoints />
              <MethodPoint xsi:type="SequencePoint" vc="0" uspid="235" ordinal="0" offset="0" sl="142" sc="9" el="142" ec="10" bec="0" bev="0" fileid="4" />
            </Method>
            <Method visited="false" cyclomaticComplexity="1" nPathComplexity="0" sequenceCoverage="0" branchCoverage="0" isConstructor="false" isStatic="false" isGetter="false" isSetter="false">
              <Summary numSequencePoints="3" visitedSequencePoints="0" numBranchPoints="1" visitedBranchPoints="0" sequenceCoverage="0" branchCoverage="0" maxCyclomaticComplexity="1" minCyclomaticComplexity="1" visitedClasses="0" numClasses="0" visitedMethods="0" numMethods="1" />
              <MetadataToken>100663342</MetadataToken>
              <Name>System.Void DB_Location_XReferencer.Core.Region::setExtents()</Name>
              <FileRef uid="4" />
              <SequencePoints>
                <SequencePoint vc="0" uspid="246" ordinal="0" offset="0" sl="156" sc="9" el="156" ec="10" bec="0" bev="0" fileid="4" />
                <SequencePoint vc="0" uspid="247" ordinal="1" offset="1" sl="157" sc="13" el="157" ec="52" bec="0" bev="0" fileid="4" />
                <SequencePoint vc="0" uspid="248" ordinal="2" offset="19" sl="158" sc="9" el="158" ec="10" bec="0" bev="0" fileid="4" />
              </SequencePoints>
              <BranchPoints />
              <MethodPoint xsi:type="SequencePoint" vc="0" uspid="246" ordinal="0" offset="0" sl="156" sc="9" el="156" ec="10" bec="0" bev="0" fileid="4" />
            </Method>
            <Method visited="false" cyclomaticComplexity="1" nPathComplexity="0" sequenceCoverage="0" branchCoverage="0" isConstructor="false" isStatic="false" isGetter="false" isSetter="false">
              <Summary numSequencePoints="3" visitedSequencePoints="0" numBranchPoints="1" visitedBranchPoints="0" sequenceCoverage="0" branchCoverage="0" maxCyclomaticComplexity="1" minCyclomaticComplexity="1" visitedClasses="0" numClasses="0" visitedMethods="0" numMethods="1" />
              <MetadataToken>100663343</MetadataToken>
              <Name>System.Boolean DB_Location_XReferencer.Core.Region::isWithinExtents(DB_Location_XReferencer.Core.Location)</Name>
              <FileRef uid="4" />
              <SequencePoints>
                <SequencePoint vc="0" uspid="249" ordinal="0" offset="0" sl="166" sc="9" el="166" ec="10" bec="0" bev="0" fileid="4" />
                <SequencePoint vc="0" uspid="250" ordinal="1" offset="1" sl="167" sc="13" el="167" ec="83" bec="0" bev="0" fileid="4" />
                <SequencePoint vc="0" uspid="251" ordinal="2" offset="27" sl="168" sc="9" el="168" ec="10" bec="0" bev="0" fileid="4" />
              </SequencePoints>
              <BranchPoints />
              <MethodPoint xsi:type="SequencePoint" vc="0" uspid="249" ordinal="0" offset="0" sl="166" sc="9" el="166" ec="10" bec="0" bev="0" fileid="4" />
            </Method>
            <Method visited="false" cyclomaticComplexity="1" nPathComplexity="0" sequenceCoverage="0" branchCoverage="0" isConstructor="false" isStatic="false" isGetter="false" isSetter="false">
              <Summary numSequencePoints="3" visitedSequencePoints="0" numBranchPoints="1" visitedBranchPoints="0" sequenceCoverage="0" branchCoverage="0" maxCyclomaticComplexity="1" minCyclomaticComplexity="1" visitedClasses="0" numClasses="0" visitedMethods="0" numMethods="1" />
              <MetadataToken>100663344</MetadataToken>
              <Name>System.Boolean DB_Location_XReferencer.Core.Region::isWithinShape(DB_Location_XReferencer.Core.Location)</Name>
              <FileRef uid="4" />
              <SequencePoints>
                <SequencePoint vc="0" uspid="252" ordinal="0" offset="0" sl="178" sc="9" el="178" ec="10" bec="0" bev="0" fileid="4" />
                <SequencePoint vc="0" uspid="253" ordinal="1" offset="1" sl="182" sc="13" el="182" ec="92" bec="0" bev="0" fileid="4" />
                <SequencePoint vc="0" uspid="254" ordinal="2" offset="27" sl="183" sc="9" el="183" ec="10" bec="0" bev="0" fileid="4" />
              </SequencePoints>
              <BranchPoints />
              <MethodPoint xsi:type="SequencePoint" vc="0" uspid="252" ordinal="0" offset="0" sl="178" sc="9" el="178" ec="10" bec="0" bev="0" fileid="4" />
            </Method>
            <Method visited="false" cyclomaticComplexity="8" nPathComplexity="128" sequenceCoverage="0" branchCoverage="0" isConstructor="false" isStatic="false" isGetter="false" isSetter="false">
              <Summary numSequencePoints="33" visitedSequencePoints="0" numBranchPoints="15" visitedBranchPoints="0" sequenceCoverage="0" branchCoverage="0" maxCyclomaticComplexity="8" minCyclomaticComplexity="8" visitedClasses="0" numClasses="0" visitedMethods="0" numMethods="1" />
              <MetadataToken>100663345</MetadataToken>
              <Name>System.Int32 DB_Location_XReferencer.Core.Region::numberOfIntersections(System.Double,System.Double)</Name>
              <FileRef uid="4" />
              <SequencePoints>
                <SequencePoint vc="0" uspid="255" ordinal="0" offset="0" sl="192" sc="9" el="192" ec="10" bec="0" bev="0" fileid="4" />
                <SequencePoint vc="0" uspid="256" ordinal="1" offset="1" sl="196" sc="13" el="196" ec="63" bec="0" bev="0" fileid="4" />
                <SequencePoint vc="0" uspid="257" ordinal="2" offset="13" sl="200" sc="13" el="200" ec="43" bec="0" bev="0" fileid="4" />
                <SequencePoint vc="0" uspid="258" ordinal="3" offset="15" sl="201" sc="18" el="201" ec="27" bec="0" bev="0" fileid="4" />
                <SequencePoint vc="0" uspid="259" ordinal="4" offset="22" sl="202" sc="13" el="202" ec="14" bec="0" bev="0" fileid="4" />
                <SequencePoint vc="0" uspid="260" ordinal="5" offset="23" sl="203" sc="17" el="203" ec="53" bec="0" bev="0" fileid="4" />
                <SequencePoint vc="0" uspid="261" ordinal="6" offset="27" sl="204" sc="17" el="204" ec="56" bec="2" bev="0" fileid="4" />
                <SequencePoint vc="0" uspid="262" ordinal="7" offset="42" sl="204" sc="57" el="204" ec="58" bec="0" bev="0" fileid="4" />
                <SequencePoint vc="0" uspid="263" ordinal="8" offset="43" sl="204" sc="59" el="204" ec="68" bec="0" bev="0" fileid="4" />
                <SequencePoint vc="0" uspid="264" ordinal="9" offset="51" sl="206" sc="17" el="206" ec="57" bec="0" bev="0" fileid="4" />
                <SequencePoint vc="0" uspid="265" ordinal="10" offset="58" sl="208" sc="17" el="208" ec="51" bec="2" bev="0" fileid="4" />
                <SequencePoint vc="0" uspid="266" ordinal="11" offset="73" sl="209" sc="17" el="209" ec="18" bec="0" bev="0" fileid="4" />
                <SequencePoint vc="0" uspid="267" ordinal="12" offset="74" sl="211" sc="21" el="211" ec="30" bec="0" bev="0" fileid="4" />
                <SequencePoint vc="0" uspid="268" ordinal="13" offset="76" sl="213" sc="17" el="213" ec="62" bec="2" bev="0" fileid="4" />
                <SequencePoint vc="0" uspid="269" ordinal="14" offset="95" sl="214" sc="17" el="214" ec="18" bec="0" bev="0" fileid="4" />
                <SequencePoint vc="0" uspid="270" ordinal="15" offset="96" sl="216" sc="21" el="216" ec="30" bec="0" bev="0" fileid="4" />
                <SequencePoint vc="0" uspid="271" ordinal="16" offset="98" sl="218" sc="17" el="218" ec="65" bec="2" bev="0" fileid="4" />
                <SequencePoint vc="0" uspid="272" ordinal="17" offset="117" sl="219" sc="17" el="219" ec="18" bec="0" bev="0" fileid="4" />
                <SequencePoint vc="0" uspid="273" ordinal="18" offset="118" sl="221" sc="21" el="221" ec="30" bec="0" bev="0" fileid="4" />
                <SequencePoint vc="0" uspid="274" ordinal="19" offset="120" sl="223" sc="17" el="223" ec="49" bec="2" bev="0" fileid="4" />
                <SequencePoint vc="0" uspid="275" ordinal="20" offset="135" sl="224" sc="17" el="224" ec="18" bec="0" bev="0" fileid="4" />
                <SequencePoint vc="0" uspid="276" ordinal="21" offset="136" sl="225" sc="21" el="225" ec="45" bec="0" bev="0" fileid="4" />
                <SequencePoint vc="0" uspid="277" ordinal="22" offset="140" sl="226" sc="21" el="226" ec="30" bec="0" bev="0" fileid="4" />
                <SequencePoint vc="0" uspid="278" ordinal="23" offset="142" sl="228" sc="17" el="228" ec="80" bec="0" bev="0" fileid="4" />
                <SequencePoint vc="0" uspid="279" ordinal="24" offset="154" sl="229" sc="17" el="229" ec="75" bec="2" bev="0" fileid="4" />
                <SequencePoint vc="0" uspid="280" ordinal="25" offset="169" sl="230" sc="17" el="230" ec="18" bec="0" bev="0" fileid="4" />
                <SequencePoint vc="0" uspid="281" ordinal="26" offset="170" sl="231" sc="21" el="231" ec="45" bec="0" bev="0" fileid="4" />
                <SequencePoint vc="0" uspid="282" ordinal="27" offset="174" sl="232" sc="17" el="232" ec="18" bec="0" bev="0" fileid="4" />
                <SequencePoint vc="0" uspid="283" ordinal="28" offset="175" sl="233" sc="13" el="233" ec="14" bec="0" bev="0" fileid="4" />
                <SequencePoint vc="0" uspid="284" ordinal="29" offset="176" sl="201" sc="65" el="201" ec="68" bec="0" bev="0" fileid="4" />
                <SequencePoint vc="0" uspid="285" ordinal="30" offset="180" sl="201" sc="29" el="201" ec="63" bec="2" bev="0" fileid="4" />
                <SequencePoint vc="0" uspid="286" ordinal="31" offset="197" sl="234" sc="13" el="234" ec="42" bec="0" bev="0" fileid="4" />
                <SequencePoint vc="0" uspid="287" ordinal="32" offset="202" sl="235" sc="9" el="235" ec="10" bec="0" bev="0" fileid="4" />
              </SequencePoints>
              <BranchPoints>
                <BranchPoint vc="0" uspid="288" ordinal="0" offset="40" sl="204" path="0" offsetend="42" fileid="4" />
                <BranchPoint vc="0" uspid="289" ordinal="1" offset="40" sl="204" path="1" offsetend="51" fileid="4" />
                <BranchPoint vc="0" uspid="290" ordinal="2" offset="71" sl="208" path="0" offsetend="73" fileid="4" />
                <BranchPoint vc="0" uspid="291" ordinal="3" offset="71" sl="208" path="1" offsetend="76" fileid="4" />
                <BranchPoint vc="0" uspid="292" ordinal="4" offset="93" sl="213" path="0" offsetend="95" fileid="4" />
                <BranchPoint vc="0" uspid="293" ordinal="5" offset="93" sl="213" path="1" offsetend="98" fileid="4" />
                <BranchPoint vc="0" uspid="294" ordinal="6" offset="115" sl="218" path="0" offsetend="117" fileid="4" />
                <BranchPoint vc="0" uspid="295" ordinal="7" offset="115" sl="218" path="1" offsetend="120" fileid="4" />
                <BranchPoint vc="0" uspid="296" ordinal="8" offset="133" sl="223" path="0" offsetend="135" fileid="4" />
                <BranchPoint vc="0" uspid="297" ordinal="9" offset="133" sl="223" path="1" offsetend="142" fileid="4" />
                <BranchPoint vc="0" uspid="298" ordinal="10" offset="167" sl="229" path="0" offsetend="169" fileid="4" />
                <BranchPoint vc="0" uspid="299" ordinal="11" offset="167" sl="229" path="1" offsetend="175" fileid="4" />
                <BranchPoint vc="0" uspid="300" ordinal="12" offset="192" sl="201" path="0" offsetend="197" fileid="4" />
                <BranchPoint vc="0" uspid="301" ordinal="13" offset="192" sl="201" path="1" offsetend="22" fileid="4" />
              </BranchPoints>
              <MethodPoint xsi:type="SequencePoint" vc="0" uspid="255" ordinal="0" offset="0" sl="192" sc="9" el="192" ec="10" bec="0" bev="0" fileid="4" />
            </Method>
            <Method visited="false" cyclomaticComplexity="2" nPathComplexity="0" sequenceCoverage="0" branchCoverage="0" isConstructor="false" isStatic="false" isGetter="false" isSetter="false">
              <Summary numSequencePoints="3" visitedSequencePoints="0" numBranchPoints="1" visitedBranchPoints="0" sequenceCoverage="0" branchCoverage="0" maxCyclomaticComplexity="2" minCyclomaticComplexity="2" visitedClasses="0" numClasses="0" visitedMethods="0" numMethods="1" />
              <MetadataToken>100663346</MetadataToken>
              <Name>System.Boolean DB_Location_XReferencer.Core.Region::pointLiesOnVertex(System.Double,System.Double,SharpKml.Base.Vector)</Name>
              <FileRef uid="4" />
              <SequencePoints>
                <SequencePoint vc="0" uspid="302" ordinal="0" offset="0" sl="245" sc="9" el="245" ec="10" bec="0" bev="0" fileid="4" />
                <SequencePoint vc="0" uspid="303" ordinal="1" offset="1" sl="246" sc="13" el="246" ec="112" bec="0" bev="0" fileid="4" />
                <SequencePoint vc="0" uspid="304" ordinal="2" offset="55" sl="247" sc="9" el="247" ec="10" bec="0" bev="0" fileid="4" />
              </SequencePoints>
              <BranchPoints />
              <MethodPoint xsi:type="SequencePoint" vc="0" uspid="302" ordinal="0" offset="0" sl="245" sc="9" el="245" ec="10" bec="0" bev="0" fileid="4" />
            </Method>
            <Method visited="false" cyclomaticComplexity="1" nPathComplexity="0" sequenceCoverage="0" branchCoverage="0" isConstructor="false" isStatic="false" isGetter="false" isSetter="false">
              <Summary numSequencePoints="3" visitedSequencePoints="0" numBranchPoints="1" visitedBranchPoints="0" sequenceCoverage="0" branchCoverage="0" maxCyclomaticComplexity="1" minCyclomaticComplexity="1" visitedClasses="0" numClasses="0" visitedMethods="0" numMethods="1" />
              <MetadataToken>100663347</MetadataToken>
              <Name>System.Boolean DB_Location_XReferencer.Core.Region::segmentIsHorizontal(SharpKml.Base.Vector,SharpKml.Base.Vector)</Name>
              <FileRef uid="4" />
              <SequencePoints>
                <SequencePoint vc="0" uspid="307" ordinal="0" offset="0" sl="256" sc="9" el="256" ec="10" bec="0" bev="0" fileid="4" />
                <SequencePoint vc="0" uspid="308" ordinal="1" offset="1" sl="257" sc="13" el="257" ec="70" bec="0" bev="0" fileid="4" />
                <SequencePoint vc="0" uspid="309" ordinal="2" offset="33" sl="258" sc="9" el="258" ec="10" bec="0" bev="0" fileid="4" />
              </SequencePoints>
              <BranchPoints />
              <MethodPoint xsi:type="SequencePoint" vc="0" uspid="307" ordinal="0" offset="0" sl="256" sc="9" el="256" ec="10" bec="0" bev="0" fileid="4" />
            </Method>
            <Method visited="false" cyclomaticComplexity="1" nPathComplexity="0" sequenceCoverage="0" branchCoverage="0" isConstructor="false" isStatic="false" isGetter="false" isSetter="false">
              <Summary numSequencePoints="3" visitedSequencePoints="0" numBranchPoints="1" visitedBranchPoints="0" sequenceCoverage="0" branchCoverage="0" maxCyclomaticComplexity="1" minCyclomaticComplexity="1" visitedClasses="0" numClasses="0" visitedMethods="0" numMethods="1" />
              <MetadataToken>100663348</MetadataToken>
              <Name>System.Boolean DB_Location_XReferencer.Core.Region::segmentIsVertical(SharpKml.Base.Vector,SharpKml.Base.Vector)</Name>
              <FileRef uid="4" />
              <SequencePoints>
                <SequencePoint vc="0" uspid="310" ordinal="0" offset="0" sl="267" sc="9" el="267" ec="10" bec="0" bev="0" fileid="4" />
                <SequencePoint vc="0" uspid="311" ordinal="1" offset="1" sl="268" sc="13" el="268" ec="72" bec="0" bev="0" fileid="4" />
                <SequencePoint vc="0" uspid="312" ordinal="2" offset="33" sl="269" sc="9" el="269" ec="10" bec="0" bev="0" fileid="4" />
              </SequencePoints>
              <BranchPoints />
              <MethodPoint xsi:type="SequencePoint" vc="0" uspid="310" ordinal="0" offset="0" sl="267" sc="9" el="267" ec="10" bec="0" bev="0" fileid="4" />
            </Method>
            <Method visited="false" cyclomaticComplexity="2" nPathComplexity="0" sequenceCoverage="0" branchCoverage="0" isConstructor="false" isStatic="false" isGetter="false" isSetter="false">
              <Summary numSequencePoints="3" visitedSequencePoints="0" numBranchPoints="1" visitedBranchPoints="0" sequenceCoverage="0" branchCoverage="0" maxCyclomaticComplexity="2" minCyclomaticComplexity="2" visitedClasses="0" numClasses="0" visitedMethods="0" numMethods="1" />
              <MetadataToken>100663349</MetadataToken>
              <Name>System.Boolean DB_Location_XReferencer.Core.Region::pointIsWithinSegmentHeight(System.Double,SharpKml.Base.Vector,SharpKml.Base.Vector)</Name>
              <FileRef uid="4" />
              <SequencePoints>
                <SequencePoint vc="0" uspid="313" ordinal="0" offset="0" sl="279" sc="9" el="279" ec="10" bec="0" bev="0" fileid="4" />
                <SequencePoint vc="0" uspid="314" ordinal="1" offset="1" sl="280" sc="13" el="280" ec="115" bec="0" bev="0" fileid="4" />
                <SequencePoint vc="0" uspid="315" ordinal="2" offset="50" sl="281" sc="9" el="281" ec="10" bec="0" bev="0" fileid="4" />
              </SequencePoints>
              <BranchPoints />
              <MethodPoint xsi:type="SequencePoint" vc="0" uspid="313" ordinal="0" offset="0" sl="279" sc="9" el="279" ec="10" bec="0" bev="0" fileid="4" />
            </Method>
            <Method visited="false" cyclomaticComplexity="1" nPathComplexity="0" sequenceCoverage="0" branchCoverage="0" isConstructor="false" isStatic="false" isGetter="false" isSetter="false">
              <Summary numSequencePoints="3" visitedSequencePoints="0" numBranchPoints="1" visitedBranchPoints="0" sequenceCoverage="0" branchCoverage="0" maxCyclomaticComplexity="1" minCyclomaticComplexity="1" visitedClasses="0" numClasses="0" visitedMethods="0" numMethods="1" />
              <MetadataToken>100663350</MetadataToken>
              <Name>System.Boolean DB_Location_XReferencer.Core.Region::pointIsLeftOfSegmentEnd(System.Double,SharpKml.Base.Vector,SharpKml.Base.Vector)</Name>
              <FileRef uid="4" />
              <SequencePoints>
                <SequencePoint vc="0" uspid="318" ordinal="0" offset="0" sl="291" sc="9" el="291" ec="10" bec="0" bev="0" fileid="4" />
                <SequencePoint vc="0" uspid="319" ordinal="1" offset="1" sl="292" sc="13" el="292" ec="67" bec="0" bev="0" fileid="4" />
                <SequencePoint vc="0" uspid="320" ordinal="2" offset="27" sl="293" sc="9" el="293" ec="10" bec="0" bev="0" fileid="4" />
              </SequencePoints>
              <BranchPoints />
              <MethodPoint xsi:type="SequencePoint" vc="0" uspid="318" ordinal="0" offset="0" sl="291" sc="9" el="291" ec="10" bec="0" bev="0" fileid="4" />
            </Method>
            <Method visited="false" cyclomaticComplexity="1" nPathComplexity="0" sequenceCoverage="0" branchCoverage="0" isConstructor="false" isStatic="false" isGetter="false" isSetter="false">
              <Summary numSequencePoints="3" visitedSequencePoints="0" numBranchPoints="1" visitedBranchPoints="0" sequenceCoverage="0" branchCoverage="0" maxCyclomaticComplexity="1" minCyclomaticComplexity="1" visitedClasses="0" numClasses="0" visitedMethods="0" numMethods="1" />
              <MetadataToken>100663351</MetadataToken>
              <Name>System.Double DB_Location_XReferencer.Core.Region::intersectionCoordinateX(System.Double,SharpKml.Base.Vector,SharpKml.Base.Vector)</Name>
              <FileRef uid="4" />
              <SequencePoints>
                <SequencePoint vc="0" uspid="321" ordinal="0" offset="0" sl="303" sc="9" el="303" ec="10" bec="0" bev="0" fileid="4" />
                <SequencePoint vc="0" uspid="322" ordinal="1" offset="1" sl="304" sc="13" el="304" ec="126" bec="0" bev="0" fileid="4" />
                <SequencePoint vc="0" uspid="323" ordinal="2" offset="47" sl="305" sc="9" el="305" ec="10" bec="0" bev="0" fileid="4" />
              </SequencePoints>
              <BranchPoints />
              <MethodPoint xsi:type="SequencePoint" vc="0" uspid="321" ordinal="0" offset="0" sl="303" sc="9" el="303" ec="10" bec="0" bev="0" fileid="4" />
            </Method>
            <Method visited="false" cyclomaticComplexity="1" nPathComplexity="0" sequenceCoverage="0" branchCoverage="0" isConstructor="false" isStatic="false" isGetter="false" isSetter="false">
              <Summary numSequencePoints="3" visitedSequencePoints="0" numBranchPoints="1" visitedBranchPoints="0" sequenceCoverage="0" branchCoverage="0" maxCyclomaticComplexity="1" minCyclomaticComplexity="1" visitedClasses="0" numClasses="0" visitedMethods="0" numMethods="1" />
              <MetadataToken>100663352</MetadataToken>
              <Name>System.Boolean DB_Location_XReferencer.Core.Region::pointIsLeftOfSegmentIntersection(System.Double,System.Double)</Name>
              <FileRef uid="4" />
              <SequencePoints>
                <SequencePoint vc="0" uspid="324" ordinal="0" offset="0" sl="314" sc="9" el="314" ec="10" bec="0" bev="0" fileid="4" />
                <SequencePoint vc="0" uspid="325" ordinal="1" offset="1" sl="315" sc="13" el="315" ec="42" bec="0" bev="0" fileid="4" />
                <SequencePoint vc="0" uspid="326" ordinal="2" offset="11" sl="316" sc="9" el="316" ec="10" bec="0" bev="0" fileid="4" />
              </SequencePoints>
              <BranchPoints />
              <MethodPoint xsi:type="SequencePoint" vc="0" uspid="324" ordinal="0" offset="0" sl="314" sc="9" el="314" ec="10" bec="0" bev="0" fileid="4" />
            </Method>
            <Method visited="false" cyclomaticComplexity="2" nPathComplexity="2" sequenceCoverage="0" branchCoverage="0" isConstructor="false" isStatic="false" isGetter="false" isSetter="false">
              <Summary numSequencePoints="6" visitedSequencePoints="0" numBranchPoints="3" visitedBranchPoints="0" sequenceCoverage="0" branchCoverage="0" maxCyclomaticComplexity="2" minCyclomaticComplexity="2" visitedClasses="0" numClasses="0" visitedMethods="0" numMethods="1" />
              <MetadataToken>100663353</MetadataToken>
              <Name>System.String DB_Location_XReferencer.Core.Region::ToString()</Name>
              <FileRef uid="4" />
              <SequencePoints>
                <SequencePoint vc="0" uspid="327" ordinal="0" offset="0" sl="325" sc="9" el="325" ec="10" bec="0" bev="0" fileid="4" />
                <SequencePoint vc="0" uspid="328" ordinal="1" offset="1" sl="326" sc="13" el="326" ec="44" bec="2" bev="0" fileid="4" />
                <SequencePoint vc="0" uspid="329" ordinal="2" offset="16" sl="327" sc="13" el="327" ec="14" bec="0" bev="0" fileid="4" />
                <SequencePoint vc="0" uspid="330" ordinal="3" offset="17" sl="328" sc="17" el="328" ec="40" bec="0" bev="0" fileid="4" />
                <SequencePoint vc="0" uspid="331" ordinal="4" offset="26" sl="330" sc="13" el="330" ec="25" bec="0" bev="0" fileid="4" />
                <SequencePoint vc="0" uspid="332" ordinal="5" offset="35" sl="331" sc="9" el="331" ec="10" bec="0" bev="0" fileid="4" />
              </SequencePoints>
              <BranchPoints>
                <BranchPoint vc="0" uspid="333" ordinal="0" offset="14" sl="326" path="0" offsetend="16" fileid="4" />
                <BranchPoint vc="0" uspid="334" ordinal="1" offset="14" sl="326" path="1" offsetend="26" fileid="4" />
              </BranchPoints>
              <MethodPoint xsi:type="SequencePoint" vc="0" uspid="327" ordinal="0" offset="0" sl="325" sc="9" el="325" ec="10" bec="0" bev="0" fileid="4" />
            </Method>
          </Methods>
        </Class>
        <Class>
          <Summary numSequencePoints="64" visitedSequencePoints="0" numBranchPoints="20" visitedBranchPoints="0" sequenceCoverage="0" branchCoverage="0" maxCyclomaticComplexity="9" minCyclomaticComplexity="1" visitedClasses="0" numClasses="1" visitedMethods="0" numMethods="4" />
          <FullName>DB_Location_XReferencer.Core.Excel</FullName>
          <Methods>
            <Method visited="false" cyclomaticComplexity="1" nPathComplexity="0" sequenceCoverage="0" branchCoverage="0" isConstructor="false" isStatic="true" isGetter="false" isSetter="false">
              <Summary numSequencePoints="3" visitedSequencePoints="0" numBranchPoints="1" visitedBranchPoints="0" sequenceCoverage="0" branchCoverage="0" maxCyclomaticComplexity="1" minCyclomaticComplexity="1" visitedClasses="0" numClasses="0" visitedMethods="0" numMethods="1" />
              <MetadataToken>100663354</MetadataToken>
              <Name>MPT.Excel.ExcelHelper DB_Location_XReferencer.Core.Excel::OpenFile(System.String)</Name>
              <FileRef uid="5" />
              <SequencePoints>
                <SequencePoint vc="0" uspid="335" ordinal="0" offset="0" sl="32" sc="9" el="32" ec="10" bec="0" bev="0" fileid="5" />
                <SequencePoint vc="0" uspid="336" ordinal="1" offset="1" sl="33" sc="13" el="33" ec="46" bec="0" bev="0" fileid="5" />
                <SequencePoint vc="0" uspid="337" ordinal="2" offset="10" sl="34" sc="9" el="34" ec="10" bec="0" bev="0" fileid="5" />
              </SequencePoints>
              <BranchPoints />
              <MethodPoint xsi:type="SequencePoint" vc="0" uspid="335" ordinal="0" offset="0" sl="32" sc="9" el="32" ec="10" bec="0" bev="0" fileid="5" />
            </Method>
            <Method visited="false" cyclomaticComplexity="6" nPathComplexity="16" sequenceCoverage="0" branchCoverage="0" isConstructor="false" isStatic="true" isGetter="false" isSetter="false">
              <Summary numSequencePoints="29" visitedSequencePoints="0" numBranchPoints="9" visitedBranchPoints="0" sequenceCoverage="0" branchCoverage="0" maxCyclomaticComplexity="6" minCyclomaticComplexity="6" visitedClasses="0" numClasses="0" visitedMethods="0" numMethods="1" />
              <MetadataToken>100663355</MetadataToken>
              <Name>System.Collections.Generic.List`1&lt;DB_Location_XReferencer.Core.FormationMatcher&gt; DB_Location_XReferencer.Core.Excel::ReadDBLocations(MPT.Excel.ExcelHelper)</Name>
              <FileRef uid="5" />
              <SequencePoints>
                <SequencePoint vc="0" uspid="338" ordinal="0" offset="0" sl="42" sc="9" el="42" ec="10" bec="0" bev="0" fileid="5" />
                <SequencePoint vc="0" uspid="339" ordinal="1" offset="1" sl="43" sc="13" el="43" ec="77" bec="0" bev="0" fileid="5" />
                <SequencePoint vc="0" uspid="340" ordinal="2" offset="7" sl="44" sc="13" el="44" ec="76" bec="0" bev="0" fileid="5" />
                <SequencePoint vc="0" uspid="341" ordinal="3" offset="26" sl="45" sc="13" el="45" ec="76" bec="0" bev="0" fileid="5" />
                <SequencePoint vc="0" uspid="342" ordinal="4" offset="45" sl="46" sc="13" el="46" ec="44" bec="0" bev="0" fileid="5" />
                <SequencePoint vc="0" uspid="343" ordinal="5" offset="52" sl="47" sc="13" el="47" ec="126" bec="0" bev="0" fileid="5" />
                <SequencePoint vc="0" uspid="344" ordinal="6" offset="72" sl="48" sc="13" el="48" ec="128" bec="0" bev="0" fileid="5" />
                <SequencePoint vc="0" uspid="345" ordinal="7" offset="92" sl="49" sc="13" el="49" ec="131" bec="0" bev="0" fileid="5" />
                <SequencePoint vc="0" uspid="346" ordinal="8" offset="112" sl="51" sc="18" el="51" ec="27" bec="0" bev="0" fileid="5" />
                <SequencePoint vc="0" uspid="347" ordinal="9" offset="115" sl="51" sc="29" el="51" ec="49" bec="0" bev="0" fileid="5" />
                <SequencePoint vc="0" uspid="348" ordinal="10" offset="128" sl="52" sc="13" el="52" ec="14" bec="0" bev="0" fileid="5" />
                <SequencePoint vc="0" uspid="349" ordinal="11" offset="129" sl="54" sc="17" el="54" ec="68" bec="2" bev="0" fileid="5" />
                <SequencePoint vc="0" uspid="350" ordinal="12" offset="154" sl="55" sc="17" el="55" ec="18" bec="0" bev="0" fileid="5" />
                <SequencePoint vc="0" uspid="351" ordinal="13" offset="155" sl="56" sc="21" el="56" ec="35" bec="0" bev="0" fileid="5" />
                <SequencePoint vc="0" uspid="352" ordinal="14" offset="166" sl="57" sc="17" el="57" ec="18" bec="0" bev="0" fileid="5" />
                <SequencePoint vc="0" uspid="353" ordinal="15" offset="167" sl="59" sc="17" el="59" ec="66" bec="2" bev="0" fileid="5" />
                <SequencePoint vc="0" uspid="354" ordinal="16" offset="192" sl="60" sc="17" el="60" ec="18" bec="0" bev="0" fileid="5" />
                <SequencePoint vc="0" uspid="355" ordinal="17" offset="193" sl="61" sc="21" el="61" ec="34" bec="0" bev="0" fileid="5" />
                <SequencePoint vc="0" uspid="356" ordinal="18" offset="204" sl="62" sc="17" el="62" ec="18" bec="0" bev="0" fileid="5" />
                <SequencePoint vc="0" uspid="357" ordinal="19" offset="205" sl="63" sc="17" el="63" ec="71" bec="2" bev="0" fileid="5" />
                <SequencePoint vc="0" uspid="358" ordinal="20" offset="250" sl="64" sc="17" el="64" ec="18" bec="0" bev="0" fileid="5" />
                <SequencePoint vc="0" uspid="359" ordinal="21" offset="251" sl="65" sc="21" el="65" ec="105" bec="0" bev="0" fileid="5" />
                <SequencePoint vc="0" uspid="360" ordinal="22" offset="283" sl="66" sc="21" el="66" ec="45" bec="0" bev="0" fileid="5" />
                <SequencePoint vc="0" uspid="361" ordinal="23" offset="292" sl="67" sc="17" el="67" ec="18" bec="0" bev="0" fileid="5" />
                <SequencePoint vc="0" uspid="362" ordinal="24" offset="293" sl="68" sc="13" el="68" ec="14" bec="0" bev="0" fileid="5" />
                <SequencePoint vc="0" uspid="363" ordinal="25" offset="294" sl="51" sc="63" el="51" ec="66" bec="0" bev="0" fileid="5" />
                <SequencePoint vc="0" uspid="364" ordinal="26" offset="300" sl="51" sc="51" el="51" ec="61" bec="2" bev="0" fileid="5" />
                <SequencePoint vc="0" uspid="365" ordinal="27" offset="315" sl="69" sc="13" el="69" ec="30" bec="0" bev="0" fileid="5" />
                <SequencePoint vc="0" uspid="366" ordinal="28" offset="320" sl="70" sc="9" el="70" ec="10" bec="0" bev="0" fileid="5" />
              </SequencePoints>
              <BranchPoints>
                <BranchPoint vc="0" uspid="367" ordinal="0" offset="152" sl="54" path="0" offsetend="154" fileid="5" />
                <BranchPoint vc="0" uspid="368" ordinal="1" offset="152" sl="54" path="1" offsetend="167" fileid="5" />
                <BranchPoint vc="0" uspid="369" ordinal="2" offset="190" sl="59" path="0" offsetend="192" fileid="5" />
                <BranchPoint vc="0" uspid="370" ordinal="3" offset="190" sl="59" path="1" offsetend="205" fileid="5" />
                <BranchPoint vc="0" uspid="373" ordinal="6" offset="248" sl="63" path="0" offsetend="250" fileid="5" />
                <BranchPoint vc="0" uspid="374" ordinal="7" offset="248" sl="63" path="1" offsetend="293" fileid="5" />
                <BranchPoint vc="0" uspid="375" ordinal="8" offset="310" sl="51" path="0" offsetend="315" fileid="5" />
                <BranchPoint vc="0" uspid="376" ordinal="9" offset="310" sl="51" path="1" offsetend="128" fileid="5" />
              </BranchPoints>
              <MethodPoint xsi:type="SequencePoint" vc="0" uspid="338" ordinal="0" offset="0" sl="42" sc="9" el="42" ec="10" bec="0" bev="0" fileid="5" />
            </Method>
            <Method visited="false" cyclomaticComplexity="9" nPathComplexity="16" sequenceCoverage="0" branchCoverage="0" isConstructor="false" isStatic="true" isGetter="false" isSetter="false">
              <Summary numSequencePoints="28" visitedSequencePoints="0" numBranchPoints="9" visitedBranchPoints="0" sequenceCoverage="0" branchCoverage="0" maxCyclomaticComplexity="9" minCyclomaticComplexity="9" visitedClasses="0" numClasses="0" visitedMethods="0" numMethods="1" />
              <MetadataToken>100663356</MetadataToken>
              <Name>System.Collections.Generic.List`1&lt;DB_Location_XReferencer.Core.Formation&gt; DB_Location_XReferencer.Core.Excel::ReadPeakbaggerLocations(MPT.Excel.ExcelHelper,System.Double,System.Double,System.Double,System.Double)</Name>
              <FileRef uid="5" />
              <SequencePoints>
                <SequencePoint vc="0" uspid="377" ordinal="0" offset="0" sl="88" sc="9" el="88" ec="10" bec="0" bev="0" fileid="5" />
                <SequencePoint vc="0" uspid="378" ordinal="1" offset="1" sl="89" sc="13" el="89" ec="63" bec="0" bev="0" fileid="5" />
                <SequencePoint vc="0" uspid="379" ordinal="2" offset="7" sl="90" sc="13" el="90" ec="75" bec="0" bev="0" fileid="5" />
                <SequencePoint vc="0" uspid="380" ordinal="3" offset="26" sl="91" sc="13" el="91" ec="83" bec="0" bev="0" fileid="5" />
                <SequencePoint vc="0" uspid="381" ordinal="4" offset="45" sl="92" sc="13" el="92" ec="85" bec="0" bev="0" fileid="5" />
                <SequencePoint vc="0" uspid="382" ordinal="5" offset="64" sl="93" sc="13" el="93" ec="44" bec="0" bev="0" fileid="5" />
                <SequencePoint vc="0" uspid="383" ordinal="6" offset="72" sl="94" sc="13" el="94" ec="130" bec="0" bev="0" fileid="5" />
                <SequencePoint vc="0" uspid="384" ordinal="7" offset="93" sl="95" sc="13" el="95" ec="130" bec="0" bev="0" fileid="5" />
                <SequencePoint vc="0" uspid="385" ordinal="8" offset="114" sl="98" sc="18" el="98" ec="27" bec="0" bev="0" fileid="5" />
                <SequencePoint vc="0" uspid="386" ordinal="9" offset="117" sl="98" sc="29" el="98" ec="53" bec="0" bev="0" fileid="5" />
                <SequencePoint vc="0" uspid="387" ordinal="10" offset="130" sl="99" sc="13" el="99" ec="14" bec="0" bev="0" fileid="5" />
                <SequencePoint vc="0" uspid="388" ordinal="11" offset="131" sl="101" sc="17" el="101" ec="68" bec="2" bev="0" fileid="5" />
                <SequencePoint vc="0" uspid="389" ordinal="12" offset="155" sl="101" sc="69" el="101" ec="70" bec="0" bev="0" fileid="5" />
                <SequencePoint vc="0" uspid="390" ordinal="13" offset="156" sl="101" sc="71" el="101" ec="80" bec="0" bev="0" fileid="5" />
                <SequencePoint vc="0" uspid="391" ordinal="14" offset="158" sl="103" sc="17" el="103" ec="66" bec="2" bev="0" fileid="5" />
                <SequencePoint vc="0" uspid="392" ordinal="15" offset="182" sl="103" sc="67" el="103" ec="68" bec="0" bev="0" fileid="5" />
                <SequencePoint vc="0" uspid="393" ordinal="16" offset="183" sl="103" sc="69" el="103" ec="78" bec="0" bev="0" fileid="5" />
                <SequencePoint vc="0" uspid="394" ordinal="17" offset="185" sl="104" sc="17" el="105" ec="74" bec="2" bev="0" fileid="5" />
                <SequencePoint vc="0" uspid="395" ordinal="18" offset="221" sl="106" sc="17" el="106" ec="18" bec="0" bev="0" fileid="5" />
                <SequencePoint vc="0" uspid="396" ordinal="19" offset="222" sl="108" sc="21" el="108" ec="64" bec="0" bev="0" fileid="5" />
                <SequencePoint vc="0" uspid="397" ordinal="20" offset="239" sl="109" sc="21" el="109" ec="113" bec="0" bev="0" fileid="5" />
                <SequencePoint vc="0" uspid="398" ordinal="21" offset="274" sl="110" sc="21" el="110" ec="45" bec="0" bev="0" fileid="5" />
                <SequencePoint vc="0" uspid="399" ordinal="22" offset="283" sl="111" sc="17" el="111" ec="18" bec="0" bev="0" fileid="5" />
                <SequencePoint vc="0" uspid="400" ordinal="23" offset="284" sl="112" sc="13" el="112" ec="14" bec="0" bev="0" fileid="5" />
                <SequencePoint vc="0" uspid="401" ordinal="24" offset="285" sl="98" sc="67" el="98" ec="70" bec="0" bev="0" fileid="5" />
                <SequencePoint vc="0" uspid="402" ordinal="25" offset="291" sl="98" sc="55" el="98" ec="65" bec="2" bev="0" fileid="5" />
                <SequencePoint vc="0" uspid="403" ordinal="26" offset="306" sl="113" sc="13" el="113" ec="30" bec="0" bev="0" fileid="5" />
                <SequencePoint vc="0" uspid="404" ordinal="27" offset="311" sl="114" sc="9" el="114" ec="10" bec="0" bev="0" fileid="5" />
              </SequencePoints>
              <BranchPoints>
                <BranchPoint vc="0" uspid="405" ordinal="0" offset="153" sl="101" path="0" offsetend="155" fileid="5" />
                <BranchPoint vc="0" uspid="406" ordinal="1" offset="153" sl="101" path="1" offsetend="158" fileid="5" />
                <BranchPoint vc="0" uspid="407" ordinal="2" offset="180" sl="103" path="0" offsetend="182" fileid="5" />
                <BranchPoint vc="0" uspid="408" ordinal="3" offset="180" sl="103" path="1" offsetend="185" fileid="5" />
                <BranchPoint vc="0" uspid="415" ordinal="10" offset="219" sl="104" path="0" offsetend="221" fileid="5" />
                <BranchPoint vc="0" uspid="416" ordinal="11" offset="219" sl="104" path="1" offsetend="284" fileid="5" />
                <BranchPoint vc="0" uspid="417" ordinal="12" offset="301" sl="98" path="0" offsetend="306" fileid="5" />
                <BranchPoint vc="0" uspid="418" ordinal="13" offset="301" sl="98" path="1" offsetend="130" fileid="5" />
              </BranchPoints>
              <MethodPoint xsi:type="SequencePoint" vc="0" uspid="377" ordinal="0" offset="0" sl="88" sc="9" el="88" ec="10" bec="0" bev="0" fileid="5" />
            </Method>
            <Method visited="false" cyclomaticComplexity="1" nPathComplexity="0" sequenceCoverage="0" branchCoverage="0" isConstructor="false" isStatic="true" isGetter="false" isSetter="false">
              <Summary numSequencePoints="4" visitedSequencePoints="0" numBranchPoints="1" visitedBranchPoints="0" sequenceCoverage="0" branchCoverage="0" maxCyclomaticComplexity="1" minCyclomaticComplexity="1" visitedClasses="0" numClasses="0" visitedMethods="0" numMethods="1" />
              <MetadataToken>100663357</MetadataToken>
              <Name>System.Void DB_Location_XReferencer.Core.Excel::DisplayError(System.String)</Name>
              <FileRef uid="5" />
              <SequencePoints>
                <SequencePoint vc="0" uspid="419" ordinal="0" offset="0" sl="123" sc="9" el="123" ec="10" bec="0" bev="0" fileid="5" />
                <SequencePoint vc="0" uspid="420" ordinal="1" offset="1" sl="124" sc="13" el="124" ec="56" bec="0" bev="0" fileid="5" />
                <SequencePoint vc="0" uspid="421" ordinal="2" offset="9" sl="125" sc="13" el="125" ec="40" bec="0" bev="0" fileid="5" />
                <SequencePoint vc="0" uspid="422" ordinal="3" offset="16" sl="126" sc="9" el="126" ec="10" bec="0" bev="0" fileid="5" />
              </SequencePoints>
              <BranchPoints />
              <MethodPoint xsi:type="SequencePoint" vc="0" uspid="419" ordinal="0" offset="0" sl="123" sc="9" el="123" ec="10" bec="0" bev="0" fileid="5" />
            </Method>
          </Methods>
        </Class>
        <Class>
          <Summary numSequencePoints="65" visitedSequencePoints="65" numBranchPoints="30" visitedBranchPoints="30" sequenceCoverage="100" branchCoverage="100" maxCyclomaticComplexity="5" minCyclomaticComplexity="1" visitedClasses="1" numClasses="1" visitedMethods="14" numMethods="14" />
          <FullName>DB_Location_XReferencer.Core.Extents</FullName>
          <Methods>
            <Method visited="true" cyclomaticComplexity="1" nPathComplexity="0" sequenceCoverage="100" branchCoverage="100" isConstructor="false" isStatic="false" isGetter="true" isSetter="false">
              <Summary numSequencePoints="1" visitedSequencePoints="1" numBranchPoints="1" visitedBranchPoints="1" sequenceCoverage="100" branchCoverage="100" maxCyclomaticComplexity="1" minCyclomaticComplexity="1" visitedClasses="0" numClasses="0" visitedMethods="1" numMethods="1" />
              <MetadataToken>100663358</MetadataToken>
              <Name>System.Double DB_Location_XReferencer.Core.Extents::get_MaxLatitude()</Name>
              <FileRef uid="6" />
              <SequencePoints>
                <SequencePoint vc="102" uspid="423" ordinal="0" offset="0" sl="46" sc="37" el="46" ec="41" bec="0" bev="0" fileid="6" />
              </SequencePoints>
              <BranchPoints />
              <MethodPoint xsi:type="SequencePoint" vc="102" uspid="423" ordinal="0" offset="0" sl="46" sc="37" el="46" ec="41" bec="0" bev="0" fileid="6" />
            </Method>
            <Method visited="true" cyclomaticComplexity="1" nPathComplexity="0" sequenceCoverage="100" branchCoverage="100" isConstructor="false" isStatic="false" isGetter="false" isSetter="true">
              <Summary numSequencePoints="1" visitedSequencePoints="1" numBranchPoints="1" visitedBranchPoints="1" sequenceCoverage="100" branchCoverage="100" maxCyclomaticComplexity="1" minCyclomaticComplexity="1" visitedClasses="0" numClasses="0" visitedMethods="1" numMethods="1" />
              <MetadataToken>100663359</MetadataToken>
              <Name>System.Void DB_Location_XReferencer.Core.Extents::set_MaxLatitude(System.Double)</Name>
              <FileRef uid="6" />
              <SequencePoints>
                <SequencePoint vc="10" uspid="424" ordinal="0" offset="0" sl="46" sc="42" el="46" ec="54" bec="0" bev="0" fileid="6" />
              </SequencePoints>
              <BranchPoints />
              <MethodPoint xsi:type="SequencePoint" vc="10" uspid="424" ordinal="0" offset="0" sl="46" sc="42" el="46" ec="54" bec="0" bev="0" fileid="6" />
            </Method>
            <Method visited="true" cyclomaticComplexity="1" nPathComplexity="0" sequenceCoverage="100" branchCoverage="100" isConstructor="false" isStatic="false" isGetter="true" isSetter="false">
              <Summary numSequencePoints="1" visitedSequencePoints="1" numBranchPoints="1" visitedBranchPoints="1" sequenceCoverage="100" branchCoverage="100" maxCyclomaticComplexity="1" minCyclomaticComplexity="1" visitedClasses="0" numClasses="0" visitedMethods="1" numMethods="1" />
              <MetadataToken>100663360</MetadataToken>
              <Name>System.Double DB_Location_XReferencer.Core.Extents::get_MinLatitude()</Name>
              <FileRef uid="6" />
              <SequencePoints>
                <SequencePoint vc="102" uspid="425" ordinal="0" offset="0" sl="51" sc="37" el="51" ec="41" bec="0" bev="0" fileid="6" />
              </SequencePoints>
              <BranchPoints />
              <MethodPoint xsi:type="SequencePoint" vc="102" uspid="425" ordinal="0" offset="0" sl="51" sc="37" el="51" ec="41" bec="0" bev="0" fileid="6" />
            </Method>
            <Method visited="true" cyclomaticComplexity="1" nPathComplexity="0" sequenceCoverage="100" branchCoverage="100" isConstructor="false" isStatic="false" isGetter="false" isSetter="true">
              <Summary numSequencePoints="1" visitedSequencePoints="1" numBranchPoints="1" visitedBranchPoints="1" sequenceCoverage="100" branchCoverage="100" maxCyclomaticComplexity="1" minCyclomaticComplexity="1" visitedClasses="0" numClasses="0" visitedMethods="1" numMethods="1" />
              <MetadataToken>100663361</MetadataToken>
              <Name>System.Void DB_Location_XReferencer.Core.Extents::set_MinLatitude(System.Double)</Name>
              <FileRef uid="6" />
              <SequencePoints>
                <SequencePoint vc="24" uspid="426" ordinal="0" offset="0" sl="51" sc="42" el="51" ec="54" bec="0" bev="0" fileid="6" />
              </SequencePoints>
              <BranchPoints />
              <MethodPoint xsi:type="SequencePoint" vc="24" uspid="426" ordinal="0" offset="0" sl="51" sc="42" el="51" ec="54" bec="0" bev="0" fileid="6" />
            </Method>
            <Method visited="true" cyclomaticComplexity="1" nPathComplexity="0" sequenceCoverage="100" branchCoverage="100" isConstructor="false" isStatic="false" isGetter="true" isSetter="false">
              <Summary numSequencePoints="1" visitedSequencePoints="1" numBranchPoints="1" visitedBranchPoints="1" sequenceCoverage="100" branchCoverage="100" maxCyclomaticComplexity="1" minCyclomaticComplexity="1" visitedClasses="0" numClasses="0" visitedMethods="1" numMethods="1" />
              <MetadataToken>100663362</MetadataToken>
              <Name>System.Double DB_Location_XReferencer.Core.Extents::get_MaxLongitude()</Name>
              <FileRef uid="6" />
              <SequencePoints>
                <SequencePoint vc="101" uspid="427" ordinal="0" offset="0" sl="56" sc="38" el="56" ec="42" bec="0" bev="0" fileid="6" />
              </SequencePoints>
              <BranchPoints />
              <MethodPoint xsi:type="SequencePoint" vc="101" uspid="427" ordinal="0" offset="0" sl="56" sc="38" el="56" ec="42" bec="0" bev="0" fileid="6" />
            </Method>
            <Method visited="true" cyclomaticComplexity="1" nPathComplexity="0" sequenceCoverage="100" branchCoverage="100" isConstructor="false" isStatic="false" isGetter="false" isSetter="true">
              <Summary numSequencePoints="1" visitedSequencePoints="1" numBranchPoints="1" visitedBranchPoints="1" sequenceCoverage="100" branchCoverage="100" maxCyclomaticComplexity="1" minCyclomaticComplexity="1" visitedClasses="0" numClasses="0" visitedMethods="1" numMethods="1" />
              <MetadataToken>100663363</MetadataToken>
              <Name>System.Void DB_Location_XReferencer.Core.Extents::set_MaxLongitude(System.Double)</Name>
              <FileRef uid="6" />
              <SequencePoints>
                <SequencePoint vc="24" uspid="428" ordinal="0" offset="0" sl="56" sc="43" el="56" ec="55" bec="0" bev="0" fileid="6" />
              </SequencePoints>
              <BranchPoints />
              <MethodPoint xsi:type="SequencePoint" vc="24" uspid="428" ordinal="0" offset="0" sl="56" sc="43" el="56" ec="55" bec="0" bev="0" fileid="6" />
            </Method>
            <Method visited="true" cyclomaticComplexity="1" nPathComplexity="0" sequenceCoverage="100" branchCoverage="100" isConstructor="false" isStatic="false" isGetter="true" isSetter="false">
              <Summary numSequencePoints="1" visitedSequencePoints="1" numBranchPoints="1" visitedBranchPoints="1" sequenceCoverage="100" branchCoverage="100" maxCyclomaticComplexity="1" minCyclomaticComplexity="1" visitedClasses="0" numClasses="0" visitedMethods="1" numMethods="1" />
              <MetadataToken>100663364</MetadataToken>
              <Name>System.Double DB_Location_XReferencer.Core.Extents::get_MinLongitude()</Name>
              <FileRef uid="6" />
              <SequencePoints>
                <SequencePoint vc="101" uspid="429" ordinal="0" offset="0" sl="61" sc="38" el="61" ec="42" bec="0" bev="0" fileid="6" />
              </SequencePoints>
              <BranchPoints />
              <MethodPoint xsi:type="SequencePoint" vc="101" uspid="429" ordinal="0" offset="0" sl="61" sc="38" el="61" ec="42" bec="0" bev="0" fileid="6" />
            </Method>
            <Method visited="true" cyclomaticComplexity="1" nPathComplexity="0" sequenceCoverage="100" branchCoverage="100" isConstructor="false" isStatic="false" isGetter="false" isSetter="true">
              <Summary numSequencePoints="1" visitedSequencePoints="1" numBranchPoints="1" visitedBranchPoints="1" sequenceCoverage="100" branchCoverage="100" maxCyclomaticComplexity="1" minCyclomaticComplexity="1" visitedClasses="0" numClasses="0" visitedMethods="1" numMethods="1" />
              <MetadataToken>100663365</MetadataToken>
              <Name>System.Void DB_Location_XReferencer.Core.Extents::set_MinLongitude(System.Double)</Name>
              <FileRef uid="6" />
              <SequencePoints>
                <SequencePoint vc="24" uspid="430" ordinal="0" offset="0" sl="61" sc="43" el="61" ec="55" bec="0" bev="0" fileid="6" />
              </SequencePoints>
              <BranchPoints />
              <MethodPoint xsi:type="SequencePoint" vc="24" uspid="430" ordinal="0" offset="0" sl="61" sc="43" el="61" ec="55" bec="0" bev="0" fileid="6" />
            </Method>
            <Method visited="true" cyclomaticComplexity="5" nPathComplexity="16" sequenceCoverage="100" branchCoverage="100" isConstructor="false" isStatic="false" isGetter="false" isSetter="false">
              <Summary numSequencePoints="18" visitedSequencePoints="18" numBranchPoints="9" visitedBranchPoints="9" sequenceCoverage="100" branchCoverage="100" maxCyclomaticComplexity="5" minCyclomaticComplexity="5" visitedClasses="0" numClasses="0" visitedMethods="1" numMethods="1" />
              <MetadataToken>100663366</MetadataToken>
              <Name>System.Void DB_Location_XReferencer.Core.Extents::Add(SharpKml.Base.Vector)</Name>
              <FileRef uid="6" />
              <SequencePoints>
                <SequencePoint vc="67" uspid="431" ordinal="0" offset="0" sl="69" sc="9" el="69" ec="10" bec="0" bev="0" fileid="6" />
                <SequencePoint vc="67" uspid="432" ordinal="1" offset="1" sl="70" sc="13" el="70" ec="51" bec="2" bev="2" fileid="6" />
                <SequencePoint vc="9" uspid="433" ordinal="2" offset="19" sl="71" sc="13" el="71" ec="14" bec="0" bev="0" fileid="6" />
                <SequencePoint vc="9" uspid="434" ordinal="3" offset="20" sl="72" sc="17" el="72" ec="75" bec="0" bev="0" fileid="6" />
                <SequencePoint vc="9" uspid="435" ordinal="4" offset="47" sl="73" sc="13" el="73" ec="14" bec="0" bev="0" fileid="6" />
                <SequencePoint vc="67" uspid="436" ordinal="5" offset="48" sl="74" sc="13" el="74" ec="51" bec="2" bev="2" fileid="6" />
                <SequencePoint vc="23" uspid="437" ordinal="6" offset="66" sl="75" sc="13" el="75" ec="14" bec="0" bev="0" fileid="6" />
                <SequencePoint vc="23" uspid="438" ordinal="7" offset="67" sl="76" sc="17" el="76" ec="75" bec="0" bev="0" fileid="6" />
                <SequencePoint vc="23" uspid="439" ordinal="8" offset="94" sl="77" sc="13" el="77" ec="14" bec="0" bev="0" fileid="6" />
                <SequencePoint vc="67" uspid="440" ordinal="9" offset="95" sl="79" sc="13" el="79" ec="53" bec="2" bev="2" fileid="6" />
                <SequencePoint vc="22" uspid="441" ordinal="10" offset="113" sl="80" sc="13" el="80" ec="14" bec="0" bev="0" fileid="6" />
                <SequencePoint vc="22" uspid="442" ordinal="11" offset="114" sl="81" sc="17" el="81" ec="78" bec="0" bev="0" fileid="6" />
                <SequencePoint vc="22" uspid="443" ordinal="12" offset="141" sl="82" sc="13" el="82" ec="14" bec="0" bev="0" fileid="6" />
                <SequencePoint vc="67" uspid="444" ordinal="13" offset="142" sl="83" sc="13" el="83" ec="53" bec="2" bev="2" fileid="6" />
                <SequencePoint vc="22" uspid="445" ordinal="14" offset="160" sl="84" sc="13" el="84" ec="14" bec="0" bev="0" fileid="6" />
                <SequencePoint vc="22" uspid="446" ordinal="15" offset="161" sl="85" sc="17" el="85" ec="78" bec="0" bev="0" fileid="6" />
                <SequencePoint vc="22" uspid="447" ordinal="16" offset="188" sl="86" sc="13" el="86" ec="14" bec="0" bev="0" fileid="6" />
                <SequencePoint vc="67" uspid="448" ordinal="17" offset="189" sl="87" sc="9" el="87" ec="10" bec="0" bev="0" fileid="6" />
              </SequencePoints>
              <BranchPoints>
                <BranchPoint vc="9" uspid="449" ordinal="0" offset="17" sl="70" path="0" offsetend="19" fileid="6" />
                <BranchPoint vc="58" uspid="450" ordinal="1" offset="17" sl="70" path="1" offsetend="48" fileid="6" />
                <BranchPoint vc="23" uspid="451" ordinal="2" offset="64" sl="74" path="0" offsetend="66" fileid="6" />
                <BranchPoint vc="44" uspid="452" ordinal="3" offset="64" sl="74" path="1" offsetend="95" fileid="6" />
                <BranchPoint vc="22" uspid="453" ordinal="4" offset="111" sl="79" path="0" offsetend="113" fileid="6" />
                <BranchPoint vc="45" uspid="454" ordinal="5" offset="111" sl="79" path="1" offsetend="142" fileid="6" />
                <BranchPoint vc="22" uspid="455" ordinal="6" offset="158" sl="83" path="0" offsetend="160" fileid="6" />
                <BranchPoint vc="45" uspid="456" ordinal="7" offset="158" sl="83" path="1" offsetend="189" fileid="6" />
              </BranchPoints>
              <MethodPoint xsi:type="SequencePoint" vc="67" uspid="431" ordinal="0" offset="0" sl="69" sc="9" el="69" ec="10" bec="0" bev="0" fileid="6" />
            </Method>
            <Method visited="true" cyclomaticComplexity="3" nPathComplexity="0" sequenceCoverage="100" branchCoverage="100" isConstructor="false" isStatic="false" isGetter="false" isSetter="false">
              <Summary numSequencePoints="9" visitedSequencePoints="9" numBranchPoints="1" visitedBranchPoints="1" sequenceCoverage="100" branchCoverage="100" maxCyclomaticComplexity="3" minCyclomaticComplexity="3" visitedClasses="0" numClasses="0" visitedMethods="1" numMethods="1" />
              <MetadataToken>100663367</MetadataToken>
              <Name>System.Void DB_Location_XReferencer.Core.Extents::Add(System.Collections.Generic.IEnumerable`1&lt;SharpKml.Base.Vector&gt;)</Name>
              <FileRef uid="6" />
              <SequencePoints>
                <SequencePoint vc="5" uspid="457" ordinal="0" offset="0" sl="94" sc="9" el="94" ec="10" bec="0" bev="0" fileid="6" />
                <SequencePoint vc="5" uspid="458" ordinal="1" offset="1" sl="95" sc="13" el="95" ec="20" bec="0" bev="0" fileid="6" />
                <SequencePoint vc="5" uspid="459" ordinal="2" offset="2" sl="95" sc="43" el="95" ec="54" bec="0" bev="0" fileid="6" />
                <SequencePoint vc="50" uspid="460" ordinal="3" offset="11" sl="95" sc="22" el="95" ec="39" bec="0" bev="0" fileid="6" />
                <SequencePoint vc="50" uspid="461" ordinal="4" offset="18" sl="96" sc="13" el="96" ec="14" bec="0" bev="0" fileid="6" />
                <SequencePoint vc="50" uspid="462" ordinal="5" offset="19" sl="97" sc="17" el="97" ec="33" bec="0" bev="0" fileid="6" />
                <SequencePoint vc="50" uspid="463" ordinal="6" offset="27" sl="98" sc="13" el="98" ec="14" bec="0" bev="0" fileid="6" />
                <SequencePoint vc="55" uspid="464" ordinal="7" offset="28" sl="95" sc="40" el="95" ec="42" bec="0" bev="0" fileid="6" />
                <SequencePoint vc="5" uspid="465" ordinal="8" offset="49" sl="99" sc="9" el="99" ec="10" bec="0" bev="0" fileid="6" />
              </SequencePoints>
              <BranchPoints />
              <MethodPoint xsi:type="SequencePoint" vc="5" uspid="457" ordinal="0" offset="0" sl="94" sc="9" el="94" ec="10" bec="0" bev="0" fileid="6" />
            </Method>
            <Method visited="true" cyclomaticComplexity="5" nPathComplexity="16" sequenceCoverage="100" branchCoverage="100" isConstructor="false" isStatic="false" isGetter="false" isSetter="false">
              <Summary numSequencePoints="18" visitedSequencePoints="18" numBranchPoints="9" visitedBranchPoints="9" sequenceCoverage="100" branchCoverage="100" maxCyclomaticComplexity="5" minCyclomaticComplexity="5" visitedClasses="0" numClasses="0" visitedMethods="1" numMethods="1" />
              <MetadataToken>100663368</MetadataToken>
              <Name>System.Void DB_Location_XReferencer.Core.Extents::Add(DB_Location_XReferencer.Core.Extents)</Name>
              <FileRef uid="6" />
              <SequencePoints>
                <SequencePoint vc="3" uspid="468" ordinal="0" offset="0" sl="106" sc="9" el="106" ec="10" bec="0" bev="0" fileid="6" />
                <SequencePoint vc="3" uspid="469" ordinal="1" offset="1" sl="107" sc="13" el="107" ec="51" bec="2" bev="2" fileid="6" />
                <SequencePoint vc="1" uspid="470" ordinal="2" offset="19" sl="108" sc="13" el="108" ec="14" bec="0" bev="0" fileid="6" />
                <SequencePoint vc="1" uspid="471" ordinal="3" offset="20" sl="109" sc="17" el="109" ec="51" bec="0" bev="0" fileid="6" />
                <SequencePoint vc="1" uspid="472" ordinal="4" offset="33" sl="110" sc="13" el="110" ec="14" bec="0" bev="0" fileid="6" />
                <SequencePoint vc="3" uspid="473" ordinal="5" offset="34" sl="111" sc="13" el="111" ec="51" bec="2" bev="2" fileid="6" />
                <SequencePoint vc="1" uspid="474" ordinal="6" offset="52" sl="112" sc="13" el="112" ec="14" bec="0" bev="0" fileid="6" />
                <SequencePoint vc="1" uspid="475" ordinal="7" offset="53" sl="113" sc="17" el="113" ec="51" bec="0" bev="0" fileid="6" />
                <SequencePoint vc="1" uspid="476" ordinal="8" offset="66" sl="114" sc="13" el="114" ec="14" bec="0" bev="0" fileid="6" />
                <SequencePoint vc="3" uspid="477" ordinal="9" offset="67" sl="115" sc="13" el="115" ec="53" bec="2" bev="2" fileid="6" />
                <SequencePoint vc="2" uspid="478" ordinal="10" offset="85" sl="116" sc="13" el="116" ec="14" bec="0" bev="0" fileid="6" />
                <SequencePoint vc="2" uspid="479" ordinal="11" offset="86" sl="117" sc="17" el="117" ec="53" bec="0" bev="0" fileid="6" />
                <SequencePoint vc="2" uspid="480" ordinal="12" offset="99" sl="118" sc="13" el="118" ec="14" bec="0" bev="0" fileid="6" />
                <SequencePoint vc="3" uspid="481" ordinal="13" offset="100" sl="119" sc="13" el="119" ec="53" bec="2" bev="2" fileid="6" />
                <SequencePoint vc="2" uspid="482" ordinal="14" offset="118" sl="120" sc="13" el="120" ec="14" bec="0" bev="0" fileid="6" />
                <SequencePoint vc="2" uspid="483" ordinal="15" offset="119" sl="121" sc="17" el="121" ec="53" bec="0" bev="0" fileid="6" />
                <SequencePoint vc="2" uspid="484" ordinal="16" offset="132" sl="122" sc="13" el="122" ec="14" bec="0" bev="0" fileid="6" />
                <SequencePoint vc="3" uspid="485" ordinal="17" offset="133" sl="123" sc="9" el="123" ec="10" bec="0" bev="0" fileid="6" />
              </SequencePoints>
              <BranchPoints>
                <BranchPoint vc="1" uspid="486" ordinal="0" offset="17" sl="107" path="0" offsetend="19" fileid="6" />
                <BranchPoint vc="2" uspid="487" ordinal="1" offset="17" sl="107" path="1" offsetend="34" fileid="6" />
                <BranchPoint vc="1" uspid="488" ordinal="2" offset="50" sl="111" path="0" offsetend="52" fileid="6" />
                <BranchPoint vc="2" uspid="489" ordinal="3" offset="50" sl="111" path="1" offsetend="67" fileid="6" />
                <BranchPoint vc="2" uspid="490" ordinal="4" offset="83" sl="115" path="0" offsetend="85" fileid="6" />
                <BranchPoint vc="1" uspid="491" ordinal="5" offset="83" sl="115" path="1" offsetend="100" fileid="6" />
                <BranchPoint vc="2" uspid="492" ordinal="6" offset="116" sl="119" path="0" offsetend="118" fileid="6" />
                <BranchPoint vc="1" uspid="493" ordinal="7" offset="116" sl="119" path="1" offsetend="133" fileid="6" />
              </BranchPoints>
              <MethodPoint xsi:type="SequencePoint" vc="3" uspid="468" ordinal="0" offset="0" sl="106" sc="9" el="106" ec="10" bec="0" bev="0" fileid="6" />
            </Method>
            <Method visited="true" cyclomaticComplexity="5" nPathComplexity="0" sequenceCoverage="100" branchCoverage="100" isConstructor="false" isStatic="false" isGetter="false" isSetter="false">
              <Summary numSequencePoints="3" visitedSequencePoints="3" numBranchPoints="1" visitedBranchPoints="1" sequenceCoverage="100" branchCoverage="100" maxCyclomaticComplexity="5" minCyclomaticComplexity="5" visitedClasses="0" numClasses="0" visitedMethods="1" numMethods="1" />
              <MetadataToken>100663369</MetadataToken>
              <Name>System.Boolean DB_Location_XReferencer.Core.Extents::IsWithinExtents(System.Double,System.Double)</Name>
              <FileRef uid="6" />
              <SequencePoints>
                <SequencePoint vc="4" uspid="494" ordinal="0" offset="0" sl="133" sc="9" el="133" ec="10" bec="0" bev="0" fileid="6" />
                <SequencePoint vc="4" uspid="495" ordinal="1" offset="1" sl="134" sc="13" el="135" ec="79" bec="0" bev="0" fileid="6" />
                <SequencePoint vc="4" uspid="496" ordinal="2" offset="49" sl="136" sc="9" el="136" ec="10" bec="0" bev="0" fileid="6" />
              </SequencePoints>
              <BranchPoints />
              <MethodPoint xsi:type="SequencePoint" vc="4" uspid="494" ordinal="0" offset="0" sl="133" sc="9" el="133" ec="10" bec="0" bev="0" fileid="6" />
            </Method>
            <Method visited="true" cyclomaticComplexity="1" nPathComplexity="0" sequenceCoverage="100" branchCoverage="100" isConstructor="false" isStatic="true" isGetter="false" isSetter="false">
              <Summary numSequencePoints="5" visitedSequencePoints="5" numBranchPoints="1" visitedBranchPoints="1" sequenceCoverage="100" branchCoverage="100" maxCyclomaticComplexity="1" minCyclomaticComplexity="1" visitedClasses="0" numClasses="0" visitedMethods="1" numMethods="1" />
              <MetadataToken>100663370</MetadataToken>
              <Name>DB_Location_XReferencer.Core.Extents DB_Location_XReferencer.Core.Extents::GetExtents(System.Collections.Generic.IEnumerable`1&lt;SharpKml.Base.Vector&gt;)</Name>
              <FileRef uid="6" />
              <SequencePoints>
                <SequencePoint vc="1" uspid="503" ordinal="0" offset="0" sl="144" sc="9" el="144" ec="10" bec="0" bev="0" fileid="6" />
                <SequencePoint vc="1" uspid="504" ordinal="1" offset="1" sl="145" sc="13" el="145" ec="45" bec="0" bev="0" fileid="6" />
                <SequencePoint vc="1" uspid="505" ordinal="2" offset="7" sl="146" sc="13" el="146" ec="38" bec="0" bev="0" fileid="6" />
                <SequencePoint vc="1" uspid="506" ordinal="3" offset="15" sl="147" sc="13" el="147" ec="28" bec="0" bev="0" fileid="6" />
                <SequencePoint vc="1" uspid="507" ordinal="4" offset="19" sl="148" sc="9" el="148" ec="10" bec="0" bev="0" fileid="6" />
              </SequencePoints>
              <BranchPoints />
              <MethodPoint xsi:type="SequencePoint" vc="1" uspid="503" ordinal="0" offset="0" sl="144" sc="9" el="144" ec="10" bec="0" bev="0" fileid="6" />
            </Method>
            <Method visited="true" cyclomaticComplexity="1" nPathComplexity="0" sequenceCoverage="100" branchCoverage="100" isConstructor="true" isStatic="false" isGetter="false" isSetter="false">
              <Summary numSequencePoints="4" visitedSequencePoints="4" numBranchPoints="1" visitedBranchPoints="1" sequenceCoverage="100" branchCoverage="100" maxCyclomaticComplexity="1" minCyclomaticComplexity="1" visitedClasses="0" numClasses="0" visitedMethods="1" numMethods="1" />
              <MetadataToken>100663371</MetadataToken>
              <Name>System.Void DB_Location_XReferencer.Core.Extents::.ctor()</Name>
              <FileRef uid="6" />
              <SequencePoints>
                <SequencePoint vc="10" uspid="508" ordinal="0" offset="0" sl="46" sc="59" el="46" ec="71" bec="0" bev="0" fileid="6" />
                <SequencePoint vc="10" uspid="509" ordinal="1" offset="15" sl="51" sc="59" el="51" ec="71" bec="0" bev="0" fileid="6" />
                <SequencePoint vc="10" uspid="510" ordinal="2" offset="30" sl="56" sc="60" el="56" ec="73" bec="0" bev="0" fileid="6" />
                <SequencePoint vc="10" uspid="511" ordinal="3" offset="45" sl="61" sc="60" el="61" ec="73" bec="0" bev="0" fileid="6" />
              </SequencePoints>
              <BranchPoints />
              <MethodPoint xsi:type="SequencePoint" vc="10" uspid="508" ordinal="0" offset="0" sl="46" sc="59" el="46" ec="71" bec="0" bev="0" fileid="6" />
            </Method>
          </Methods>
        </Class>
        <Class>
          <Summary numSequencePoints="125" visitedSequencePoints="0" numBranchPoints="28" visitedBranchPoints="0" sequenceCoverage="0" branchCoverage="0" maxCyclomaticComplexity="7" minCyclomaticComplexity="1" visitedClasses="0" numClasses="1" visitedMethods="0" numMethods="14" />
          <FullName>DB_Location_XReferencer.Core.Kml</FullName>
          <Methods>
            <Method visited="false" cyclomaticComplexity="3" nPathComplexity="2" sequenceCoverage="0" branchCoverage="0" isConstructor="false" isStatic="true" isGetter="false" isSetter="false">
              <Summary numSequencePoints="16" visitedSequencePoints="0" numBranchPoints="3" visitedBranchPoints="0" sequenceCoverage="0" branchCoverage="0" maxCyclomaticComplexity="3" minCyclomaticComplexity="3" visitedClasses="0" numClasses="0" visitedMethods="0" numMethods="1" />
              <MetadataToken>100663372</MetadataToken>
              <Name>SharpKml.Engine.KmlFile DB_Location_XReferencer.Core.Kml::OpenFile(System.String)</Name>
              <FileRef uid="7" />
              <SequencePoints>
                <SequencePoint vc="0" uspid="512" ordinal="0" offset="0" sl="35" sc="9" el="35" ec="10" bec="0" bev="0" fileid="7" />
                <SequencePoint vc="0" uspid="513" ordinal="1" offset="1" sl="38" sc="13" el="38" ec="14" bec="0" bev="0" fileid="7" />
                <SequencePoint vc="0" uspid="514" ordinal="2" offset="2" sl="39" sc="24" el="39" ec="78" bec="0" bev="0" fileid="7" />
                <SequencePoint vc="0" uspid="515" ordinal="3" offset="10" sl="40" sc="17" el="40" ec="18" bec="0" bev="0" fileid="7" />
                <SequencePoint vc="0" uspid="516" ordinal="4" offset="11" sl="41" sc="21" el="41" ec="49" bec="0" bev="0" fileid="7" />
                <SequencePoint vc="0" uspid="517" ordinal="5" offset="18" sl="42" sc="17" el="42" ec="18" bec="0" bev="0" fileid="7" />
                <SequencePoint vc="0" uspid="518" ordinal="6" offset="32" sl="43" sc="13" el="43" ec="14" bec="0" bev="0" fileid="7" />
                <SequencePoint vc="0" uspid="519" ordinal="7" offset="35" sl="44" sc="13" el="44" ec="33" bec="0" bev="0" fileid="7" />
                <SequencePoint vc="0" uspid="520" ordinal="8" offset="36" sl="45" sc="13" el="45" ec="14" bec="0" bev="0" fileid="7" />
                <SequencePoint vc="0" uspid="521" ordinal="9" offset="37" sl="46" sc="17" el="46" ec="64" bec="0" bev="0" fileid="7" />
                <SequencePoint vc="0" uspid="522" ordinal="10" offset="65" sl="47" sc="17" el="47" ec="29" bec="0" bev="0" fileid="7" />
                <SequencePoint vc="0" uspid="523" ordinal="11" offset="69" sl="50" sc="13" el="50" ec="35" bec="2" bev="0" fileid="7" />
                <SequencePoint vc="0" uspid="524" ordinal="12" offset="84" sl="50" sc="36" el="50" ec="48" bec="0" bev="0" fileid="7" />
                <SequencePoint vc="0" uspid="525" ordinal="13" offset="88" sl="51" sc="13" el="51" ec="86" bec="0" bev="0" fileid="7" />
                <SequencePoint vc="0" uspid="526" ordinal="14" offset="99" sl="52" sc="13" el="52" ec="25" bec="0" bev="0" fileid="7" />
                <SequencePoint vc="0" uspid="527" ordinal="15" offset="103" sl="53" sc="9" el="53" ec="10" bec="0" bev="0" fileid="7" />
              </SequencePoints>
              <BranchPoints>
                <BranchPoint vc="0" uspid="528" ordinal="0" offset="82" sl="50" path="0" offsetend="84" fileid="7" />
                <BranchPoint vc="0" uspid="529" ordinal="1" offset="82" sl="50" path="1" offsetend="88" fileid="7" />
              </BranchPoints>
              <MethodPoint xsi:type="SequencePoint" vc="0" uspid="512" ordinal="0" offset="0" sl="35" sc="9" el="35" ec="10" bec="0" bev="0" fileid="7" />
            </Method>
            <Method visited="false" cyclomaticComplexity="7" nPathComplexity="2" sequenceCoverage="0" branchCoverage="0" isConstructor="false" isStatic="true" isGetter="false" isSetter="false">
              <Summary numSequencePoints="11" visitedSequencePoints="0" numBranchPoints="3" visitedBranchPoints="0" sequenceCoverage="0" branchCoverage="0" maxCyclomaticComplexity="7" minCyclomaticComplexity="7" visitedClasses="0" numClasses="0" visitedMethods="0" numMethods="1" />
              <MetadataToken>100663373</MetadataToken>
              <Name>System.Collections.Generic.List`1&lt;DB_Location_XReferencer.Core.Region&gt; DB_Location_XReferencer.Core.Kml::ReadRegions(SharpKml.Engine.KmlFile)</Name>
              <FileRef uid="7" />
              <SequencePoints>
                <SequencePoint vc="0" uspid="530" ordinal="0" offset="0" sl="61" sc="9" el="61" ec="10" bec="0" bev="0" fileid="7" />
                <SequencePoint vc="0" uspid="531" ordinal="1" offset="1" sl="62" sc="13" el="62" ec="48" bec="0" bev="0" fileid="7" />
                <SequencePoint vc="0" uspid="532" ordinal="2" offset="13" sl="63" sc="13" el="63" ec="29" bec="2" bev="0" fileid="7" />
                <SequencePoint vc="0" uspid="533" ordinal="3" offset="21" sl="64" sc="13" el="64" ec="14" bec="0" bev="0" fileid="7" />
                <SequencePoint vc="0" uspid="534" ordinal="4" offset="22" sl="65" sc="17" el="65" ec="99" bec="0" bev="0" fileid="7" />
                <SequencePoint vc="0" uspid="535" ordinal="5" offset="33" sl="66" sc="17" el="66" ec="29" bec="0" bev="0" fileid="7" />
                <SequencePoint vc="0" uspid="536" ordinal="6" offset="40" sl="68" sc="13" el="68" ec="72" bec="0" bev="0" fileid="7" />
                <SequencePoint vc="0" uspid="537" ordinal="7" offset="46" sl="69" sc="13" el="69" ec="56" bec="0" bev="0" fileid="7" />
                <SequencePoint vc="0" uspid="538" ordinal="8" offset="59" sl="72" sc="13" el="72" ec="78" bec="0" bev="0" fileid="7" />
                <SequencePoint vc="0" uspid="539" ordinal="9" offset="97" sl="74" sc="13" el="78" ec="87" bec="0" bev="0" fileid="7" />
                <SequencePoint vc="0" uspid="540" ordinal="10" offset="250" sl="79" sc="9" el="79" ec="10" bec="0" bev="0" fileid="7" />
              </SequencePoints>
              <BranchPoints>
                <BranchPoint vc="0" uspid="541" ordinal="0" offset="19" sl="63" path="0" offsetend="21" fileid="7" />
                <BranchPoint vc="0" uspid="542" ordinal="1" offset="19" sl="63" path="1" offsetend="40" fileid="7" />
              </BranchPoints>
              <MethodPoint xsi:type="SequencePoint" vc="0" uspid="530" ordinal="0" offset="0" sl="61" sc="9" el="61" ec="10" bec="0" bev="0" fileid="7" />
            </Method>
            <Method visited="false" cyclomaticComplexity="1" nPathComplexity="0" sequenceCoverage="0" branchCoverage="0" isConstructor="false" isStatic="true" isGetter="false" isSetter="false">
              <Summary numSequencePoints="4" visitedSequencePoints="0" numBranchPoints="1" visitedBranchPoints="0" sequenceCoverage="0" branchCoverage="0" maxCyclomaticComplexity="1" minCyclomaticComplexity="1" visitedClasses="0" numClasses="0" visitedMethods="0" numMethods="1" />
              <MetadataToken>100663374</MetadataToken>
              <Name>System.Void DB_Location_XReferencer.Core.Kml::WriteToKml(System.String,System.Collections.Generic.List`1&lt;DB_Location_XReferencer.Core.Region&gt;)</Name>
              <FileRef uid="7" />
              <SequencePoints>
                <SequencePoint vc="0" uspid="553" ordinal="0" offset="0" sl="88" sc="9" el="88" ec="10" bec="0" bev="0" fileid="7" />
                <SequencePoint vc="0" uspid="554" ordinal="1" offset="1" sl="90" sc="13" el="90" ec="52" bec="0" bev="0" fileid="7" />
                <SequencePoint vc="0" uspid="555" ordinal="2" offset="8" sl="92" sc="13" el="92" ec="39" bec="0" bev="0" fileid="7" />
                <SequencePoint vc="0" uspid="556" ordinal="3" offset="16" sl="93" sc="9" el="93" ec="10" bec="0" bev="0" fileid="7" />
              </SequencePoints>
              <BranchPoints />
              <MethodPoint xsi:type="SequencePoint" vc="0" uspid="553" ordinal="0" offset="0" sl="88" sc="9" el="88" ec="10" bec="0" bev="0" fileid="7" />
            </Method>
            <Method visited="false" cyclomaticComplexity="1" nPathComplexity="0" sequenceCoverage="0" branchCoverage="0" isConstructor="false" isStatic="true" isGetter="false" isSetter="false">
              <Summary numSequencePoints="4" visitedSequencePoints="0" numBranchPoints="1" visitedBranchPoints="0" sequenceCoverage="0" branchCoverage="0" maxCyclomaticComplexity="1" minCyclomaticComplexity="1" visitedClasses="0" numClasses="0" visitedMethods="0" numMethods="1" />
              <MetadataToken>100663375</MetadataToken>
              <Name>System.Void DB_Location_XReferencer.Core.Kml::WriteToKml(System.String,DB_Location_XReferencer.Core.Region)</Name>
              <FileRef uid="7" />
              <SequencePoints>
                <SequencePoint vc="0" uspid="557" ordinal="0" offset="0" sl="101" sc="9" el="101" ec="10" bec="0" bev="0" fileid="7" />
                <SequencePoint vc="0" uspid="558" ordinal="1" offset="1" sl="103" sc="13" el="103" ec="51" bec="0" bev="0" fileid="7" />
                <SequencePoint vc="0" uspid="559" ordinal="2" offset="8" sl="105" sc="13" el="105" ec="39" bec="0" bev="0" fileid="7" />
                <SequencePoint vc="0" uspid="560" ordinal="3" offset="16" sl="106" sc="9" el="106" ec="10" bec="0" bev="0" fileid="7" />
              </SequencePoints>
              <BranchPoints />
              <MethodPoint xsi:type="SequencePoint" vc="0" uspid="557" ordinal="0" offset="0" sl="101" sc="9" el="101" ec="10" bec="0" bev="0" fileid="7" />
            </Method>
            <Method visited="false" cyclomaticComplexity="1" nPathComplexity="0" sequenceCoverage="0" branchCoverage="0" isConstructor="false" isStatic="true" isGetter="false" isSetter="false">
              <Summary numSequencePoints="4" visitedSequencePoints="0" numBranchPoints="1" visitedBranchPoints="0" sequenceCoverage="0" branchCoverage="0" maxCyclomaticComplexity="1" minCyclomaticComplexity="1" visitedClasses="0" numClasses="0" visitedMethods="0" numMethods="1" />
              <MetadataToken>100663376</MetadataToken>
              <Name>System.Void DB_Location_XReferencer.Core.Kml::WriteToKml(System.String,DB_Location_XReferencer.Core.FormationMatcher)</Name>
              <FileRef uid="7" />
              <SequencePoints>
                <SequencePoint vc="0" uspid="561" ordinal="0" offset="0" sl="114" sc="9" el="114" ec="10" bec="0" bev="0" fileid="7" />
                <SequencePoint vc="0" uspid="562" ordinal="1" offset="1" sl="116" sc="13" el="116" ec="53" bec="0" bev="0" fileid="7" />
                <SequencePoint vc="0" uspid="563" ordinal="2" offset="8" sl="118" sc="13" el="118" ec="39" bec="0" bev="0" fileid="7" />
                <SequencePoint vc="0" uspid="564" ordinal="3" offset="16" sl="119" sc="9" el="119" ec="10" bec="0" bev="0" fileid="7" />
              </SequencePoints>
              <BranchPoints />
              <MethodPoint xsi:type="SequencePoint" vc="0" uspid="561" ordinal="0" offset="0" sl="114" sc="9" el="114" ec="10" bec="0" bev="0" fileid="7" />
            </Method>
            <Method visited="false" cyclomaticComplexity="2" nPathComplexity="0" sequenceCoverage="0" branchCoverage="0" isConstructor="false" isStatic="true" isGetter="false" isSetter="false">
              <Summary numSequencePoints="7" visitedSequencePoints="0" numBranchPoints="1" visitedBranchPoints="0" sequenceCoverage="0" branchCoverage="0" maxCyclomaticComplexity="2" minCyclomaticComplexity="2" visitedClasses="0" numClasses="0" visitedMethods="0" numMethods="1" />
              <MetadataToken>100663377</MetadataToken>
              <Name>System.Void DB_Location_XReferencer.Core.Kml::WriteToKml(System.String,SharpKml.Dom.Kml)</Name>
              <FileRef uid="7" />
              <SequencePoints>
                <SequencePoint vc="0" uspid="565" ordinal="0" offset="0" sl="127" sc="9" el="127" ec="10" bec="0" bev="0" fileid="7" />
                <SequencePoint vc="0" uspid="566" ordinal="1" offset="1" sl="128" sc="20" el="128" ec="59" bec="0" bev="0" fileid="7" />
                <SequencePoint vc="0" uspid="567" ordinal="2" offset="8" sl="129" sc="13" el="129" ec="14" bec="0" bev="0" fileid="7" />
                <SequencePoint vc="0" uspid="568" ordinal="3" offset="9" sl="130" sc="17" el="130" ec="58" bec="0" bev="0" fileid="7" />
                <SequencePoint vc="0" uspid="569" ordinal="4" offset="15" sl="131" sc="17" el="131" ec="49" bec="0" bev="0" fileid="7" />
                <SequencePoint vc="0" uspid="570" ordinal="5" offset="24" sl="132" sc="13" el="132" ec="14" bec="0" bev="0" fileid="7" />
                <SequencePoint vc="0" uspid="571" ordinal="6" offset="38" sl="133" sc="9" el="133" ec="10" bec="0" bev="0" fileid="7" />
              </SequencePoints>
              <BranchPoints />
              <MethodPoint xsi:type="SequencePoint" vc="0" uspid="565" ordinal="0" offset="0" sl="127" sc="9" el="127" ec="10" bec="0" bev="0" fileid="7" />
            </Method>
            <Method visited="false" cyclomaticComplexity="1" nPathComplexity="0" sequenceCoverage="0" branchCoverage="0" isConstructor="false" isStatic="true" isGetter="false" isSetter="false">
              <Summary numSequencePoints="4" visitedSequencePoints="0" numBranchPoints="1" visitedBranchPoints="0" sequenceCoverage="0" branchCoverage="0" maxCyclomaticComplexity="1" minCyclomaticComplexity="1" visitedClasses="0" numClasses="0" visitedMethods="0" numMethods="1" />
              <MetadataToken>100663378</MetadataToken>
              <Name>SharpKml.Dom.Kml DB_Location_XReferencer.Core.Kml::AssembleToKml(System.Collections.Generic.List`1&lt;DB_Location_XReferencer.Core.Region&gt;)</Name>
              <FileRef uid="7" />
              <SequencePoints>
                <SequencePoint vc="0" uspid="572" ordinal="0" offset="0" sl="143" sc="9" el="143" ec="10" bec="0" bev="0" fileid="7" />
                <SequencePoint vc="0" uspid="573" ordinal="1" offset="1" sl="145" sc="13" el="145" ec="79" bec="0" bev="0" fileid="7" />
                <SequencePoint vc="0" uspid="574" ordinal="2" offset="20" sl="147" sc="13" el="147" ec="24" bec="0" bev="0" fileid="7" />
                <SequencePoint vc="0" uspid="575" ordinal="3" offset="24" sl="148" sc="9" el="148" ec="10" bec="0" bev="0" fileid="7" />
              </SequencePoints>
              <BranchPoints />
              <MethodPoint xsi:type="SequencePoint" vc="0" uspid="572" ordinal="0" offset="0" sl="143" sc="9" el="143" ec="10" bec="0" bev="0" fileid="7" />
            </Method>
            <Method visited="false" cyclomaticComplexity="1" nPathComplexity="0" sequenceCoverage="0" branchCoverage="0" isConstructor="false" isStatic="true" isGetter="false" isSetter="false">
              <Summary numSequencePoints="4" visitedSequencePoints="0" numBranchPoints="1" visitedBranchPoints="0" sequenceCoverage="0" branchCoverage="0" maxCyclomaticComplexity="1" minCyclomaticComplexity="1" visitedClasses="0" numClasses="0" visitedMethods="0" numMethods="1" />
              <MetadataToken>100663379</MetadataToken>
              <Name>SharpKml.Dom.Kml DB_Location_XReferencer.Core.Kml::AssembleToKml(DB_Location_XReferencer.Core.Region)</Name>
              <FileRef uid="7" />
              <SequencePoints>
                <SequencePoint vc="0" uspid="576" ordinal="0" offset="0" sl="156" sc="9" el="156" ec="10" bec="0" bev="0" fileid="7" />
                <SequencePoint vc="0" uspid="577" ordinal="1" offset="1" sl="158" sc="13" el="158" ec="78" bec="0" bev="0" fileid="7" />
                <SequencePoint vc="0" uspid="578" ordinal="2" offset="20" sl="160" sc="13" el="160" ec="24" bec="0" bev="0" fileid="7" />
                <SequencePoint vc="0" uspid="579" ordinal="3" offset="24" sl="161" sc="9" el="161" ec="10" bec="0" bev="0" fileid="7" />
              </SequencePoints>
              <BranchPoints />
              <MethodPoint xsi:type="SequencePoint" vc="0" uspid="576" ordinal="0" offset="0" sl="156" sc="9" el="156" ec="10" bec="0" bev="0" fileid="7" />
            </Method>
            <Method visited="false" cyclomaticComplexity="1" nPathComplexity="0" sequenceCoverage="0" branchCoverage="0" isConstructor="false" isStatic="true" isGetter="false" isSetter="false">
              <Summary numSequencePoints="4" visitedSequencePoints="0" numBranchPoints="1" visitedBranchPoints="0" sequenceCoverage="0" branchCoverage="0" maxCyclomaticComplexity="1" minCyclomaticComplexity="1" visitedClasses="0" numClasses="0" visitedMethods="0" numMethods="1" />
              <MetadataToken>100663380</MetadataToken>
              <Name>SharpKml.Dom.Kml DB_Location_XReferencer.Core.Kml::AssembleToKml(DB_Location_XReferencer.Core.FormationMatcher)</Name>
              <FileRef uid="7" />
              <SequencePoints>
                <SequencePoint vc="0" uspid="580" ordinal="0" offset="0" sl="169" sc="9" el="169" ec="10" bec="0" bev="0" fileid="7" />
                <SequencePoint vc="0" uspid="581" ordinal="1" offset="1" sl="171" sc="13" el="171" ec="80" bec="0" bev="0" fileid="7" />
                <SequencePoint vc="0" uspid="582" ordinal="2" offset="20" sl="173" sc="13" el="173" ec="24" bec="0" bev="0" fileid="7" />
                <SequencePoint vc="0" uspid="583" ordinal="3" offset="24" sl="174" sc="9" el="174" ec="10" bec="0" bev="0" fileid="7" />
              </SequencePoints>
              <BranchPoints />
              <MethodPoint xsi:type="SequencePoint" vc="0" uspid="580" ordinal="0" offset="0" sl="169" sc="9" el="169" ec="10" bec="0" bev="0" fileid="7" />
            </Method>
            <Method visited="false" cyclomaticComplexity="2" nPathComplexity="0" sequenceCoverage="0" branchCoverage="0" isConstructor="false" isStatic="true" isGetter="false" isSetter="false">
              <Summary numSequencePoints="12" visitedSequencePoints="0" numBranchPoints="1" visitedBranchPoints="0" sequenceCoverage="0" branchCoverage="0" maxCyclomaticComplexity="2" minCyclomaticComplexity="2" visitedClasses="0" numClasses="0" visitedMethods="0" numMethods="1" />
              <MetadataToken>100663381</MetadataToken>
              <Name>SharpKml.Dom.Folder DB_Location_XReferencer.Core.Kml::AssembleToFolder(System.Collections.Generic.List`1&lt;DB_Location_XReferencer.Core.Region&gt;)</Name>
              <FileRef uid="7" />
              <SequencePoints>
                <SequencePoint vc="0" uspid="584" ordinal="0" offset="0" sl="184" sc="9" el="184" ec="10" bec="0" bev="0" fileid="7" />
                <SequencePoint vc="0" uspid="585" ordinal="1" offset="1" sl="185" sc="13" el="185" ec="68" bec="0" bev="0" fileid="7" />
                <SequencePoint vc="0" uspid="586" ordinal="2" offset="19" sl="187" sc="13" el="187" ec="20" bec="0" bev="0" fileid="7" />
                <SequencePoint vc="0" uspid="587" ordinal="3" offset="20" sl="187" sc="39" el="187" ec="48" bec="0" bev="0" fileid="7" />
                <SequencePoint vc="0" uspid="588" ordinal="4" offset="29" sl="187" sc="22" el="187" ec="35" bec="0" bev="0" fileid="7" />
                <SequencePoint vc="0" uspid="589" ordinal="5" offset="37" sl="188" sc="13" el="188" ec="14" bec="0" bev="0" fileid="7" />
                <SequencePoint vc="0" uspid="590" ordinal="6" offset="38" sl="189" sc="17" el="189" ec="68" bec="0" bev="0" fileid="7" />
                <SequencePoint vc="0" uspid="591" ordinal="7" offset="45" sl="190" sc="17" el="190" ec="50" bec="0" bev="0" fileid="7" />
                <SequencePoint vc="0" uspid="592" ordinal="8" offset="53" sl="191" sc="13" el="191" ec="14" bec="0" bev="0" fileid="7" />
                <SequencePoint vc="0" uspid="593" ordinal="9" offset="54" sl="187" sc="36" el="187" ec="38" bec="0" bev="0" fileid="7" />
                <SequencePoint vc="0" uspid="594" ordinal="10" offset="80" sl="192" sc="13" el="192" ec="28" bec="0" bev="0" fileid="7" />
                <SequencePoint vc="0" uspid="595" ordinal="11" offset="85" sl="193" sc="9" el="193" ec="10" bec="0" bev="0" fileid="7" />
              </SequencePoints>
              <BranchPoints />
              <MethodPoint xsi:type="SequencePoint" vc="0" uspid="584" ordinal="0" offset="0" sl="184" sc="9" el="184" ec="10" bec="0" bev="0" fileid="7" />
            </Method>
            <Method visited="false" cyclomaticComplexity="2" nPathComplexity="0" sequenceCoverage="0" branchCoverage="0" isConstructor="false" isStatic="true" isGetter="false" isSetter="false">
              <Summary numSequencePoints="12" visitedSequencePoints="0" numBranchPoints="1" visitedBranchPoints="0" sequenceCoverage="0" branchCoverage="0" maxCyclomaticComplexity="2" minCyclomaticComplexity="2" visitedClasses="0" numClasses="0" visitedMethods="0" numMethods="1" />
              <MetadataToken>100663382</MetadataToken>
              <Name>SharpKml.Dom.Folder DB_Location_XReferencer.Core.Kml::AssembleToFolder(DB_Location_XReferencer.Core.Region)</Name>
              <FileRef uid="7" />
              <SequencePoints>
                <SequencePoint vc="0" uspid="598" ordinal="0" offset="0" sl="201" sc="9" el="201" ec="10" bec="0" bev="0" fileid="7" />
                <SequencePoint vc="0" uspid="599" ordinal="1" offset="1" sl="202" sc="13" el="202" ec="71" bec="0" bev="0" fileid="7" />
                <SequencePoint vc="0" uspid="600" ordinal="2" offset="20" sl="204" sc="13" el="204" ec="20" bec="0" bev="0" fileid="7" />
                <SequencePoint vc="0" uspid="601" ordinal="3" offset="21" sl="204" sc="51" el="204" ec="69" bec="0" bev="0" fileid="7" />
                <SequencePoint vc="0" uspid="602" ordinal="4" offset="35" sl="204" sc="22" el="204" ec="47" bec="0" bev="0" fileid="7" />
                <SequencePoint vc="0" uspid="603" ordinal="5" offset="43" sl="205" sc="13" el="205" ec="14" bec="0" bev="0" fileid="7" />
                <SequencePoint vc="0" uspid="604" ordinal="6" offset="44" sl="206" sc="17" el="206" ec="72" bec="0" bev="0" fileid="7" />
                <SequencePoint vc="0" uspid="605" ordinal="7" offset="51" sl="207" sc="17" el="207" ec="51" bec="0" bev="0" fileid="7" />
                <SequencePoint vc="0" uspid="606" ordinal="8" offset="59" sl="208" sc="13" el="208" ec="14" bec="0" bev="0" fileid="7" />
                <SequencePoint vc="0" uspid="607" ordinal="9" offset="60" sl="204" sc="48" el="204" ec="50" bec="0" bev="0" fileid="7" />
                <SequencePoint vc="0" uspid="608" ordinal="10" offset="86" sl="209" sc="13" el="209" ec="27" bec="0" bev="0" fileid="7" />
                <SequencePoint vc="0" uspid="609" ordinal="11" offset="91" sl="210" sc="9" el="210" ec="10" bec="0" bev="0" fileid="7" />
              </SequencePoints>
              <BranchPoints />
              <MethodPoint xsi:type="SequencePoint" vc="0" uspid="598" ordinal="0" offset="0" sl="201" sc="9" el="201" ec="10" bec="0" bev="0" fileid="7" />
            </Method>
            <Method visited="false" cyclomaticComplexity="4" nPathComplexity="8" sequenceCoverage="0" branchCoverage="0" isConstructor="false" isStatic="true" isGetter="false" isSetter="false">
              <Summary numSequencePoints="20" visitedSequencePoints="0" numBranchPoints="7" visitedBranchPoints="0" sequenceCoverage="0" branchCoverage="0" maxCyclomaticComplexity="4" minCyclomaticComplexity="4" visitedClasses="0" numClasses="0" visitedMethods="0" numMethods="1" />
              <MetadataToken>100663383</MetadataToken>
              <Name>SharpKml.Dom.Folder DB_Location_XReferencer.Core.Kml::AssembleToFolder(DB_Location_XReferencer.Core.FormationMatcher)</Name>
              <FileRef uid="7" />
              <SequencePoints>
                <SequencePoint vc="0" uspid="612" ordinal="0" offset="0" sl="218" sc="9" el="218" ec="10" bec="0" bev="0" fileid="7" />
                <SequencePoint vc="0" uspid="613" ordinal="1" offset="1" sl="219" sc="13" el="219" ec="89" bec="0" bev="0" fileid="7" />
                <SequencePoint vc="0" uspid="614" ordinal="2" offset="20" sl="220" sc="13" el="220" ec="73" bec="2" bev="0" fileid="7" />
                <SequencePoint vc="0" uspid="615" ordinal="3" offset="40" sl="221" sc="13" el="221" ec="14" bec="0" bev="0" fileid="7" />
                <SequencePoint vc="0" uspid="616" ordinal="4" offset="41" sl="222" sc="17" el="222" ec="80" bec="0" bev="0" fileid="7" />
                <SequencePoint vc="0" uspid="617" ordinal="5" offset="75" sl="223" sc="13" el="223" ec="14" bec="0" bev="0" fileid="7" />
                <SequencePoint vc="0" uspid="618" ordinal="6" offset="76" sl="224" sc="13" el="224" ec="60" bec="0" bev="0" fileid="7" />
                <SequencePoint vc="0" uspid="619" ordinal="7" offset="83" sl="225" sc="13" el="225" ec="34" bec="2" bev="0" fileid="7" />
                <SequencePoint vc="0" uspid="620" ordinal="8" offset="93" sl="225" sc="35" el="225" ec="36" bec="0" bev="0" fileid="7" />
                <SequencePoint vc="0" uspid="621" ordinal="9" offset="94" sl="225" sc="37" el="225" ec="58" bec="0" bev="0" fileid="7" />
                <SequencePoint vc="0" uspid="622" ordinal="10" offset="99" sl="228" sc="13" el="228" ec="112" bec="0" bev="0" fileid="7" />
                <SequencePoint vc="0" uspid="623" ordinal="11" offset="129" sl="230" sc="13" el="230" ec="82" bec="0" bev="0" fileid="7" />
                <SequencePoint vc="0" uspid="624" ordinal="12" offset="148" sl="231" sc="13" el="231" ec="64" bec="2" bev="0" fileid="7" />
                <SequencePoint vc="0" uspid="625" ordinal="13" offset="168" sl="232" sc="13" el="232" ec="14" bec="0" bev="0" fileid="7" />
                <SequencePoint vc="0" uspid="626" ordinal="14" offset="169" sl="233" sc="17" el="233" ec="67" bec="0" bev="0" fileid="7" />
                <SequencePoint vc="0" uspid="627" ordinal="15" offset="203" sl="234" sc="13" el="234" ec="14" bec="0" bev="0" fileid="7" />
                <SequencePoint vc="0" uspid="628" ordinal="16" offset="204" sl="235" sc="13" el="235" ec="40" bec="0" bev="0" fileid="7" />
                <SequencePoint vc="0" uspid="629" ordinal="17" offset="212" sl="237" sc="13" el="237" ec="49" bec="0" bev="0" fileid="7" />
                <SequencePoint vc="0" uspid="630" ordinal="18" offset="220" sl="252" sc="13" el="252" ec="34" bec="0" bev="0" fileid="7" />
                <SequencePoint vc="0" uspid="631" ordinal="19" offset="225" sl="259" sc="9" el="259" ec="10" bec="0" bev="0" fileid="7" />
              </SequencePoints>
              <BranchPoints>
                <BranchPoint vc="0" uspid="632" ordinal="0" offset="38" sl="220" path="0" offsetend="40" fileid="7" />
                <BranchPoint vc="0" uspid="633" ordinal="1" offset="38" sl="220" path="1" offsetend="76" fileid="7" />
                <BranchPoint vc="0" uspid="634" ordinal="2" offset="91" sl="225" path="0" offsetend="93" fileid="7" />
                <BranchPoint vc="0" uspid="635" ordinal="3" offset="91" sl="225" path="1" offsetend="99" fileid="7" />
                <BranchPoint vc="0" uspid="636" ordinal="4" offset="166" sl="231" path="0" offsetend="168" fileid="7" />
                <BranchPoint vc="0" uspid="637" ordinal="5" offset="166" sl="231" path="1" offsetend="204" fileid="7" />
              </BranchPoints>
              <MethodPoint xsi:type="SequencePoint" vc="0" uspid="612" ordinal="0" offset="0" sl="218" sc="9" el="218" ec="10" bec="0" bev="0" fileid="7" />
            </Method>
            <Method visited="false" cyclomaticComplexity="1" nPathComplexity="0" sequenceCoverage="0" branchCoverage="0" isConstructor="false" isStatic="true" isGetter="false" isSetter="false">
              <Summary numSequencePoints="4" visitedSequencePoints="0" numBranchPoints="1" visitedBranchPoints="0" sequenceCoverage="0" branchCoverage="0" maxCyclomaticComplexity="1" minCyclomaticComplexity="1" visitedClasses="0" numClasses="0" visitedMethods="0" numMethods="1" />
              <MetadataToken>100663384</MetadataToken>
              <Name>System.Void DB_Location_XReferencer.Core.Kml::DisplayError(System.String)</Name>
              <FileRef uid="7" />
              <SequencePoints>
                <SequencePoint vc="0" uspid="638" ordinal="0" offset="0" sl="268" sc="9" el="268" ec="10" bec="0" bev="0" fileid="7" />
                <SequencePoint vc="0" uspid="639" ordinal="1" offset="1" sl="269" sc="13" el="269" ec="56" bec="0" bev="0" fileid="7" />
                <SequencePoint vc="0" uspid="640" ordinal="2" offset="9" sl="270" sc="13" el="270" ec="40" bec="0" bev="0" fileid="7" />
                <SequencePoint vc="0" uspid="641" ordinal="3" offset="16" sl="271" sc="9" el="271" ec="10" bec="0" bev="0" fileid="7" />
              </SequencePoints>
              <BranchPoints />
              <MethodPoint xsi:type="SequencePoint" vc="0" uspid="638" ordinal="0" offset="0" sl="268" sc="9" el="268" ec="10" bec="0" bev="0" fileid="7" />
            </Method>
            <Method visited="false" cyclomaticComplexity="5" nPathComplexity="4" sequenceCoverage="0" branchCoverage="0" isConstructor="false" isStatic="true" isGetter="false" isSetter="false">
              <Summary numSequencePoints="19" visitedSequencePoints="0" numBranchPoints="5" visitedBranchPoints="0" sequenceCoverage="0" branchCoverage="0" maxCyclomaticComplexity="5" minCyclomaticComplexity="5" visitedClasses="0" numClasses="0" visitedMethods="0" numMethods="1" />
              <MetadataToken>100663385</MetadataToken>
              <Name>System.Void DB_Location_XReferencer.Core.Kml::ExtractPlacemarks(SharpKml.Dom.Feature,System.Collections.Generic.List`1&lt;SharpKml.Dom.Placemark&gt;)</Name>
              <FileRef uid="7" />
              <SequencePoints>
                <SequencePoint vc="0" uspid="642" ordinal="0" offset="0" sl="279" sc="9" el="279" ec="10" bec="0" bev="0" fileid="7" />
                <SequencePoint vc="0" uspid="643" ordinal="1" offset="1" sl="281" sc="13" el="281" ec="64" bec="0" bev="0" fileid="7" />
                <SequencePoint vc="0" uspid="644" ordinal="2" offset="8" sl="282" sc="13" el="282" ec="35" bec="2" bev="0" fileid="7" />
                <SequencePoint vc="0" uspid="645" ordinal="3" offset="16" sl="283" sc="13" el="283" ec="14" bec="0" bev="0" fileid="7" />
                <SequencePoint vc="0" uspid="646" ordinal="4" offset="17" sl="284" sc="17" el="284" ec="43" bec="0" bev="0" fileid="7" />
                <SequencePoint vc="0" uspid="647" ordinal="5" offset="25" sl="285" sc="13" el="285" ec="14" bec="0" bev="0" fileid="7" />
                <SequencePoint vc="0" uspid="648" ordinal="6" offset="28" sl="287" sc="13" el="287" ec="14" bec="0" bev="0" fileid="7" />
                <SequencePoint vc="0" uspid="649" ordinal="7" offset="29" sl="289" sc="17" el="289" ec="68" bec="0" bev="0" fileid="7" />
                <SequencePoint vc="0" uspid="650" ordinal="8" offset="36" sl="290" sc="17" el="290" ec="39" bec="2" bev="0" fileid="7" />
                <SequencePoint vc="0" uspid="651" ordinal="9" offset="44" sl="290" sc="40" el="290" ec="47" bec="0" bev="0" fileid="7" />
                <SequencePoint vc="0" uspid="652" ordinal="10" offset="46" sl="292" sc="17" el="292" ec="24" bec="0" bev="0" fileid="7" />
                <SequencePoint vc="0" uspid="653" ordinal="11" offset="47" sl="292" sc="35" el="292" ec="53" bec="0" bev="0" fileid="7" />
                <SequencePoint vc="0" uspid="654" ordinal="12" offset="62" sl="292" sc="26" el="292" ec="31" bec="0" bev="0" fileid="7" />
                <SequencePoint vc="0" uspid="655" ordinal="13" offset="71" sl="293" sc="17" el="293" ec="18" bec="0" bev="0" fileid="7" />
                <SequencePoint vc="0" uspid="656" ordinal="14" offset="72" sl="294" sc="21" el="294" ec="54" bec="0" bev="0" fileid="7" />
                <SequencePoint vc="0" uspid="657" ordinal="15" offset="81" sl="295" sc="17" el="295" ec="18" bec="0" bev="0" fileid="7" />
                <SequencePoint vc="0" uspid="658" ordinal="16" offset="82" sl="292" sc="32" el="292" ec="34" bec="0" bev="0" fileid="7" />
                <SequencePoint vc="0" uspid="659" ordinal="17" offset="106" sl="296" sc="13" el="296" ec="14" bec="0" bev="0" fileid="7" />
                <SequencePoint vc="0" uspid="660" ordinal="18" offset="107" sl="297" sc="9" el="297" ec="10" bec="0" bev="0" fileid="7" />
              </SequencePoints>
              <BranchPoints>
                <BranchPoint vc="0" uspid="661" ordinal="0" offset="14" sl="282" path="0" offsetend="16" fileid="7" />
                <BranchPoint vc="0" uspid="662" ordinal="1" offset="14" sl="282" path="1" offsetend="28" fileid="7" />
                <BranchPoint vc="0" uspid="663" ordinal="2" offset="42" sl="290" path="0" offsetchain="44" offsetend="107" fileid="7" />
                <BranchPoint vc="0" uspid="664" ordinal="3" offset="42" sl="290" path="1" offsetend="46" fileid="7" />
              </BranchPoints>
              <MethodPoint xsi:type="SequencePoint" vc="0" uspid="642" ordinal="0" offset="0" sl="279" sc="9" el="279" ec="10" bec="0" bev="0" fileid="7" />
            </Method>
          </Methods>
        </Class>
        <Class>
          <Summary numSequencePoints="5" visitedSequencePoints="0" numBranchPoints="5" visitedBranchPoints="0" sequenceCoverage="0" branchCoverage="0" maxCyclomaticComplexity="1" minCyclomaticComplexity="1" visitedClasses="0" numClasses="1" visitedMethods="0" numMethods="5" />
          <FullName>DB_Location_XReferencer.Core.Kml/&lt;&gt;c</FullName>
          <Methods>
            <Method visited="false" cyclomaticComplexity="1" nPathComplexity="0" sequenceCoverage="0" branchCoverage="0" isConstructor="true" isStatic="true" isGetter="false" isSetter="false">
              <Summary numSequencePoints="0" visitedSequencePoints="0" numBranchPoints="0" visitedBranchPoints="0" sequenceCoverage="0" branchCoverage="0" maxCyclomaticComplexity="1" minCyclomaticComplexity="1" visitedClasses="0" numClasses="0" visitedMethods="0" numMethods="0" />
              <MetadataToken>100663439</MetadataToken>
              <Name>System.Void DB_Location_XReferencer.Core.Kml/&lt;&gt;c::.cctor()</Name>
              <SequencePoints />
              <BranchPoints />
              <MethodPoint vc="0" uspid="667" ordinal="0" offset="0" />
            </Method>
            <Method visited="false" cyclomaticComplexity="1" nPathComplexity="0" sequenceCoverage="0" branchCoverage="0" isConstructor="true" isStatic="false" isGetter="false" isSetter="false">
              <Summary numSequencePoints="0" visitedSequencePoints="0" numBranchPoints="0" visitedBranchPoints="0" sequenceCoverage="0" branchCoverage="0" maxCyclomaticComplexity="1" minCyclomaticComplexity="1" visitedClasses="0" numClasses="0" visitedMethods="0" numMethods="0" />
              <MetadataToken>100663440</MetadataToken>
              <Name>System.Void DB_Location_XReferencer.Core.Kml/&lt;&gt;c::.ctor()</Name>
              <SequencePoints />
              <BranchPoints />
              <MethodPoint vc="0" uspid="668" ordinal="0" offset="0" />
            </Method>
            <Method visited="false" cyclomaticComplexity="1" nPathComplexity="0" sequenceCoverage="0" branchCoverage="0" isConstructor="false" isStatic="false" isGetter="false" isSetter="false">
              <Summary numSequencePoints="1" visitedSequencePoints="0" numBranchPoints="1" visitedBranchPoints="0" sequenceCoverage="0" branchCoverage="0" maxCyclomaticComplexity="1" minCyclomaticComplexity="1" visitedClasses="0" numClasses="0" visitedMethods="0" numMethods="1" />
              <MetadataToken>100663441</MetadataToken>
              <Name>System.Int32 DB_Location_XReferencer.Core.Kml/&lt;&gt;c::&lt;ReadRegions&gt;b__1_0(SharpKml.Dom.Placemark,SharpKml.Dom.Placemark)</Name>
              <FileRef uid="7" />
              <SequencePoints>
                <SequencePoint vc="0" uspid="669" ordinal="0" offset="0" sl="72" sc="39" el="72" ec="76" bec="0" bev="0" fileid="7" />
              </SequencePoints>
              <BranchPoints />
              <MethodPoint xsi:type="SequencePoint" vc="0" uspid="669" ordinal="0" offset="0" sl="72" sc="39" el="72" ec="76" bec="0" bev="0" fileid="7" />
            </Method>
            <Method visited="false" cyclomaticComplexity="1" nPathComplexity="0" sequenceCoverage="0" branchCoverage="0" isConstructor="false" isStatic="false" isGetter="false" isSetter="false">
              <Summary numSequencePoints="1" visitedSequencePoints="0" numBranchPoints="1" visitedBranchPoints="0" sequenceCoverage="0" branchCoverage="0" maxCyclomaticComplexity="1" minCyclomaticComplexity="1" visitedClasses="0" numClasses="0" visitedMethods="0" numMethods="1" />
              <MetadataToken>100663442</MetadataToken>
              <Name>&lt;&gt;f__AnonymousType0`2&lt;SharpKml.Dom.Placemark,SharpKml.Dom.Polygon&gt; DB_Location_XReferencer.Core.Kml/&lt;&gt;c::&lt;ReadRegions&gt;b__1_1(SharpKml.Dom.Placemark)</Name>
              <FileRef uid="7" />
              <SequencePoints>
                <SequencePoint vc="0" uspid="670" ordinal="0" offset="0" sl="75" sc="21" el="75" ec="68" bec="0" bev="0" fileid="7" />
              </SequencePoints>
              <BranchPoints />
              <MethodPoint xsi:type="SequencePoint" vc="0" uspid="670" ordinal="0" offset="0" sl="75" sc="21" el="75" ec="68" bec="0" bev="0" fileid="7" />
            </Method>
            <Method visited="false" cyclomaticComplexity="1" nPathComplexity="0" sequenceCoverage="0" branchCoverage="0" isConstructor="false" isStatic="false" isGetter="false" isSetter="false">
              <Summary numSequencePoints="1" visitedSequencePoints="0" numBranchPoints="1" visitedBranchPoints="0" sequenceCoverage="0" branchCoverage="0" maxCyclomaticComplexity="1" minCyclomaticComplexity="1" visitedClasses="0" numClasses="0" visitedMethods="0" numMethods="1" />
              <MetadataToken>100663443</MetadataToken>
              <Name>System.Boolean DB_Location_XReferencer.Core.Kml/&lt;&gt;c::&lt;ReadRegions&gt;b__1_2(&lt;&gt;f__AnonymousType0`2&lt;SharpKml.Dom.Placemark,SharpKml.Dom.Polygon&gt;)</Name>
              <FileRef uid="7" />
              <SequencePoints>
                <SequencePoint vc="0" uspid="671" ordinal="0" offset="0" sl="76" sc="27" el="76" ec="42" bec="0" bev="0" fileid="7" />
              </SequencePoints>
              <BranchPoints />
              <MethodPoint xsi:type="SequencePoint" vc="0" uspid="671" ordinal="0" offset="0" sl="76" sc="27" el="76" ec="42" bec="0" bev="0" fileid="7" />
            </Method>
            <Method visited="false" cyclomaticComplexity="1" nPathComplexity="0" sequenceCoverage="0" branchCoverage="0" isConstructor="false" isStatic="false" isGetter="false" isSetter="false">
              <Summary numSequencePoints="1" visitedSequencePoints="0" numBranchPoints="1" visitedBranchPoints="0" sequenceCoverage="0" branchCoverage="0" maxCyclomaticComplexity="1" minCyclomaticComplexity="1" visitedClasses="0" numClasses="0" visitedMethods="0" numMethods="1" />
              <MetadataToken>100663444</MetadataToken>
              <Name>&lt;&gt;f__AnonymousType1`2&lt;&lt;&gt;f__AnonymousType0`2&lt;SharpKml.Dom.Placemark,SharpKml.Dom.Polygon&gt;,SharpKml.Dom.CoordinateCollection&gt; DB_Location_XReferencer.Core.Kml/&lt;&gt;c::&lt;ReadRegions&gt;b__1_3(&lt;&gt;f__AnonymousType0`2&lt;SharpKml.Dom.Placemark,SharpKml.Dom.Polygon&gt;)</Name>
              <FileRef uid="7" />
              <SequencePoints>
                <SequencePoint vc="0" uspid="672" ordinal="0" offset="0" sl="77" sc="21" el="77" ec="92" bec="0" bev="0" fileid="7" />
              </SequencePoints>
              <BranchPoints />
              <MethodPoint xsi:type="SequencePoint" vc="0" uspid="672" ordinal="0" offset="0" sl="77" sc="21" el="77" ec="92" bec="0" bev="0" fileid="7" />
            </Method>
            <Method visited="false" cyclomaticComplexity="1" nPathComplexity="0" sequenceCoverage="0" branchCoverage="0" isConstructor="false" isStatic="false" isGetter="false" isSetter="false">
              <Summary numSequencePoints="1" visitedSequencePoints="0" numBranchPoints="1" visitedBranchPoints="0" sequenceCoverage="0" branchCoverage="0" maxCyclomaticComplexity="1" minCyclomaticComplexity="1" visitedClasses="0" numClasses="0" visitedMethods="0" numMethods="1" />
              <MetadataToken>100663445</MetadataToken>
              <Name>DB_Location_XReferencer.Core.Region DB_Location_XReferencer.Core.Kml/&lt;&gt;c::&lt;ReadRegions&gt;b__1_4(&lt;&gt;f__AnonymousType1`2&lt;&lt;&gt;f__AnonymousType0`2&lt;SharpKml.Dom.Placemark,SharpKml.Dom.Polygon&gt;,SharpKml.Dom.CoordinateCollection&gt;)</Name>
              <FileRef uid="7" />
              <SequencePoints>
                <SequencePoint vc="0" uspid="673" ordinal="0" offset="0" sl="78" sc="28" el="78" ec="76" bec="0" bev="0" fileid="7" />
              </SequencePoints>
              <BranchPoints />
              <MethodPoint xsi:type="SequencePoint" vc="0" uspid="673" ordinal="0" offset="0" sl="78" sc="28" el="78" ec="76" bec="0" bev="0" fileid="7" />
            </Method>
          </Methods>
        </Class>
        <Class>
          <Summary numSequencePoints="134" visitedSequencePoints="0" numBranchPoints="20" visitedBranchPoints="0" sequenceCoverage="0" branchCoverage="0" maxCyclomaticComplexity="11" minCyclomaticComplexity="1" visitedClasses="0" numClasses="1" visitedMethods="0" numMethods="8" />
          <FullName>DB_Location_XReferencer.Core.Merger</FullName>
          <Methods>
            <Method visited="false" cyclomaticComplexity="6" nPathComplexity="2" sequenceCoverage="0" branchCoverage="0" isConstructor="false" isStatic="true" isGetter="false" isSetter="false">
              <Summary numSequencePoints="42" visitedSequencePoints="0" numBranchPoints="3" visitedBranchPoints="0" sequenceCoverage="0" branchCoverage="0" maxCyclomaticComplexity="6" minCyclomaticComplexity="6" visitedClasses="0" numClasses="0" visitedMethods="0" numMethods="1" />
              <MetadataToken>100663386</MetadataToken>
              <Name>System.Collections.Generic.List`1&lt;DB_Location_XReferencer.Core.Region&gt; DB_Location_XReferencer.Core.Merger::CollateLocationsAndRegions(System.String,System.String,System.String,System.String,System.String,System.String)</Name>
              <FileRef uid="9" />
              <SequencePoints>
                <SequencePoint vc="0" uspid="674" ordinal="0" offset="0" sl="46" sc="9" el="46" ec="10" bec="0" bev="0" fileid="9" />
                <SequencePoint vc="0" uspid="675" ordinal="1" offset="1" sl="48" sc="13" el="48" ec="54" bec="0" bev="0" fileid="9" />
                <SequencePoint vc="0" uspid="676" ordinal="2" offset="8" sl="49" sc="13" el="49" ec="58" bec="0" bev="0" fileid="9" />
                <SequencePoint vc="0" uspid="677" ordinal="3" offset="15" sl="52" sc="13" el="52" ec="52" bec="0" bev="0" fileid="9" />
                <SequencePoint vc="0" uspid="678" ordinal="4" offset="21" sl="53" sc="13" el="53" ec="20" bec="0" bev="0" fileid="9" />
                <SequencePoint vc="0" uspid="679" ordinal="5" offset="22" sl="53" sc="39" el="53" ec="46" bec="0" bev="0" fileid="9" />
                <SequencePoint vc="0" uspid="680" ordinal="6" offset="32" sl="53" sc="22" el="53" ec="35" bec="0" bev="0" fileid="9" />
                <SequencePoint vc="0" uspid="681" ordinal="7" offset="41" sl="54" sc="13" el="54" ec="14" bec="0" bev="0" fileid="9" />
                <SequencePoint vc="0" uspid="682" ordinal="8" offset="42" sl="55" sc="17" el="55" ec="52" bec="0" bev="0" fileid="9" />
                <SequencePoint vc="0" uspid="683" ordinal="9" offset="56" sl="56" sc="13" el="56" ec="14" bec="0" bev="0" fileid="9" />
                <SequencePoint vc="0" uspid="684" ordinal="10" offset="57" sl="53" sc="36" el="53" ec="38" bec="0" bev="0" fileid="9" />
                <SequencePoint vc="0" uspid="685" ordinal="11" offset="83" sl="61" sc="13" el="61" ec="58" bec="2" bev="0" fileid="9" />
                <SequencePoint vc="0" uspid="686" ordinal="12" offset="95" sl="62" sc="13" el="62" ec="14" bec="0" bev="0" fileid="9" />
                <SequencePoint vc="0" uspid="687" ordinal="13" offset="96" sl="63" sc="24" el="63" ec="77" bec="0" bev="0" fileid="9" />
                <SequencePoint vc="0" uspid="688" ordinal="14" offset="104" sl="64" sc="17" el="64" ec="18" bec="0" bev="0" fileid="9" />
                <SequencePoint vc="0" uspid="689" ordinal="15" offset="105" sl="65" sc="21" el="65" ec="64" bec="0" bev="0" fileid="9" />
                <SequencePoint vc="0" uspid="690" ordinal="16" offset="113" sl="66" sc="17" el="66" ec="18" bec="0" bev="0" fileid="9" />
                <SequencePoint vc="0" uspid="691" ordinal="17" offset="129" sl="68" sc="17" el="68" ec="94" bec="0" bev="0" fileid="9" />
                <SequencePoint vc="0" uspid="692" ordinal="18" offset="147" sl="69" sc="17" el="69" ec="49" bec="0" bev="0" fileid="9" />
                <SequencePoint vc="0" uspid="693" ordinal="19" offset="156" sl="70" sc="13" el="70" ec="14" bec="0" bev="0" fileid="9" />
                <SequencePoint vc="0" uspid="694" ordinal="20" offset="159" sl="72" sc="13" el="72" ec="14" bec="0" bev="0" fileid="9" />
                <SequencePoint vc="0" uspid="695" ordinal="21" offset="160" sl="73" sc="17" el="73" ec="64" bec="0" bev="0" fileid="9" />
                <SequencePoint vc="0" uspid="696" ordinal="22" offset="169" sl="74" sc="13" el="74" ec="14" bec="0" bev="0" fileid="9" />
                <SequencePoint vc="0" uspid="697" ordinal="23" offset="170" sl="77" sc="13" el="77" ec="20" bec="0" bev="0" fileid="9" />
                <SequencePoint vc="0" uspid="698" ordinal="24" offset="171" sl="77" sc="39" el="77" ec="46" bec="0" bev="0" fileid="9" />
                <SequencePoint vc="0" uspid="699" ordinal="25" offset="181" sl="77" sc="22" el="77" ec="35" bec="0" bev="0" fileid="9" />
                <SequencePoint vc="0" uspid="700" ordinal="26" offset="190" sl="78" sc="13" el="78" ec="14" bec="0" bev="0" fileid="9" />
                <SequencePoint vc="0" uspid="701" ordinal="27" offset="191" sl="79" sc="17" el="79" ec="60" bec="0" bev="0" fileid="9" />
                <SequencePoint vc="0" uspid="702" ordinal="28" offset="200" sl="80" sc="13" el="80" ec="14" bec="0" bev="0" fileid="9" />
                <SequencePoint vc="0" uspid="703" ordinal="29" offset="201" sl="77" sc="36" el="77" ec="38" bec="0" bev="0" fileid="9" />
                <SequencePoint vc="0" uspid="704" ordinal="30" offset="227" sl="83" sc="13" el="87" ec="79" bec="0" bev="0" fileid="9" />
                <SequencePoint vc="0" uspid="705" ordinal="31" offset="240" sl="90" sc="13" el="90" ec="20" bec="0" bev="0" fileid="9" />
                <SequencePoint vc="0" uspid="706" ordinal="32" offset="241" sl="90" sc="39" el="90" ec="46" bec="0" bev="0" fileid="9" />
                <SequencePoint vc="0" uspid="707" ordinal="33" offset="251" sl="90" sc="22" el="90" ec="35" bec="0" bev="0" fileid="9" />
                <SequencePoint vc="0" uspid="708" ordinal="34" offset="260" sl="91" sc="13" el="91" ec="14" bec="0" bev="0" fileid="9" />
                <SequencePoint vc="0" uspid="709" ordinal="35" offset="261" sl="92" sc="17" el="92" ec="71" bec="0" bev="0" fileid="9" />
                <SequencePoint vc="0" uspid="710" ordinal="36" offset="271" sl="93" sc="17" el="93" ec="41" bec="0" bev="0" fileid="9" />
                <SequencePoint vc="0" uspid="711" ordinal="37" offset="279" sl="94" sc="17" el="94" ec="51" bec="0" bev="0" fileid="9" />
                <SequencePoint vc="0" uspid="712" ordinal="38" offset="287" sl="95" sc="13" el="95" ec="14" bec="0" bev="0" fileid="9" />
                <SequencePoint vc="0" uspid="713" ordinal="39" offset="288" sl="90" sc="36" el="90" ec="38" bec="0" bev="0" fileid="9" />
                <SequencePoint vc="0" uspid="714" ordinal="40" offset="314" sl="97" sc="13" el="97" ec="28" bec="0" bev="0" fileid="9" />
                <SequencePoint vc="0" uspid="715" ordinal="41" offset="319" sl="98" sc="9" el="98" ec="10" bec="0" bev="0" fileid="9" />
              </SequencePoints>
              <BranchPoints>
                <BranchPoint vc="0" uspid="718" ordinal="2" offset="93" sl="61" path="0" offsetend="95" fileid="9" />
                <BranchPoint vc="0" uspid="719" ordinal="3" offset="93" sl="61" path="1" offsetend="159" fileid="9" />
              </BranchPoints>
              <MethodPoint xsi:type="SequencePoint" vc="0" uspid="674" ordinal="0" offset="0" sl="46" sc="9" el="46" ec="10" bec="0" bev="0" fileid="9" />
            </Method>
            <Method visited="false" cyclomaticComplexity="4" nPathComplexity="4" sequenceCoverage="0" branchCoverage="0" isConstructor="false" isStatic="true" isGetter="false" isSetter="false">
              <Summary numSequencePoints="21" visitedSequencePoints="0" numBranchPoints="5" visitedBranchPoints="0" sequenceCoverage="0" branchCoverage="0" maxCyclomaticComplexity="4" minCyclomaticComplexity="4" visitedClasses="0" numClasses="0" visitedMethods="0" numMethods="1" />
              <MetadataToken>100663387</MetadataToken>
              <Name>System.Collections.Generic.List`1&lt;DB_Location_XReferencer.Core.Formation&gt; DB_Location_XReferencer.Core.Merger::GetPeakbaggerLocations(DB_Location_XReferencer.Core.Extents,System.String,System.String,System.String)</Name>
              <FileRef uid="9" />
              <SequencePoints>
                <SequencePoint vc="0" uspid="724" ordinal="0" offset="0" sl="112" sc="9" el="112" ec="10" bec="0" bev="0" fileid="9" />
                <SequencePoint vc="0" uspid="725" ordinal="1" offset="1" sl="114" sc="13" el="114" ec="51" bec="2" bev="0" fileid="9" />
                <SequencePoint vc="0" uspid="726" ordinal="2" offset="14" sl="115" sc="13" el="115" ec="14" bec="0" bev="0" fileid="9" />
                <SequencePoint vc="0" uspid="727" ordinal="3" offset="15" sl="116" sc="17" el="116" ec="61" bec="2" bev="0" fileid="9" />
                <SequencePoint vc="0" uspid="728" ordinal="4" offset="25" sl="117" sc="17" el="117" ec="18" bec="0" bev="0" fileid="9" />
                <SequencePoint vc="0" uspid="729" ordinal="5" offset="26" sl="118" sc="28" el="118" ec="93" bec="0" bev="0" fileid="9" />
                <SequencePoint vc="0" uspid="730" ordinal="6" offset="34" sl="119" sc="21" el="119" ec="22" bec="0" bev="0" fileid="9" />
                <SequencePoint vc="0" uspid="731" ordinal="7" offset="35" sl="120" sc="25" el="124" ec="58" bec="0" bev="0" fileid="9" />
                <SequencePoint vc="0" uspid="732" ordinal="8" offset="67" sl="125" sc="21" el="125" ec="22" bec="0" bev="0" fileid="9" />
                <SequencePoint vc="0" uspid="733" ordinal="9" offset="83" sl="126" sc="17" el="126" ec="18" bec="0" bev="0" fileid="9" />
                <SequencePoint vc="0" uspid="734" ordinal="10" offset="86" sl="128" sc="17" el="128" ec="18" bec="0" bev="0" fileid="9" />
                <SequencePoint vc="0" uspid="735" ordinal="11" offset="87" sl="129" sc="21" el="133" ec="74" bec="0" bev="0" fileid="9" />
                <SequencePoint vc="0" uspid="736" ordinal="12" offset="118" sl="134" sc="17" el="134" ec="18" bec="0" bev="0" fileid="9" />
                <SequencePoint vc="0" uspid="737" ordinal="13" offset="119" sl="135" sc="17" el="135" ec="98" bec="0" bev="0" fileid="9" />
                <SequencePoint vc="0" uspid="738" ordinal="14" offset="136" sl="136" sc="17" el="136" ec="59" bec="0" bev="0" fileid="9" />
                <SequencePoint vc="0" uspid="739" ordinal="15" offset="144" sl="137" sc="13" el="137" ec="14" bec="0" bev="0" fileid="9" />
                <SequencePoint vc="0" uspid="740" ordinal="16" offset="147" sl="139" sc="13" el="139" ec="14" bec="0" bev="0" fileid="9" />
                <SequencePoint vc="0" uspid="741" ordinal="17" offset="148" sl="140" sc="17" el="140" ec="67" bec="0" bev="0" fileid="9" />
                <SequencePoint vc="0" uspid="742" ordinal="18" offset="157" sl="141" sc="13" el="141" ec="14" bec="0" bev="0" fileid="9" />
                <SequencePoint vc="0" uspid="743" ordinal="19" offset="158" sl="142" sc="13" el="142" ec="40" bec="0" bev="0" fileid="9" />
                <SequencePoint vc="0" uspid="744" ordinal="20" offset="163" sl="143" sc="9" el="143" ec="10" bec="0" bev="0" fileid="9" />
              </SequencePoints>
              <BranchPoints>
                <BranchPoint vc="0" uspid="745" ordinal="0" offset="9" sl="114" path="0" offsetend="14" fileid="9" />
                <BranchPoint vc="0" uspid="746" ordinal="1" offset="9" sl="114" path="1" offsetend="147" fileid="9" />
                <BranchPoint vc="0" uspid="747" ordinal="2" offset="23" sl="116" path="0" offsetend="25" fileid="9" />
                <BranchPoint vc="0" uspid="748" ordinal="3" offset="23" sl="116" path="1" offsetend="86" fileid="9" />
              </BranchPoints>
              <MethodPoint xsi:type="SequencePoint" vc="0" uspid="724" ordinal="0" offset="0" sl="112" sc="9" el="112" ec="10" bec="0" bev="0" fileid="9" />
            </Method>
            <Method visited="false" cyclomaticComplexity="1" nPathComplexity="0" sequenceCoverage="0" branchCoverage="0" isConstructor="false" isStatic="true" isGetter="false" isSetter="false">
              <Summary numSequencePoints="10" visitedSequencePoints="0" numBranchPoints="1" visitedBranchPoints="0" sequenceCoverage="0" branchCoverage="0" maxCyclomaticComplexity="1" minCyclomaticComplexity="1" visitedClasses="0" numClasses="0" visitedMethods="0" numMethods="1" />
              <MetadataToken>100663388</MetadataToken>
              <Name>System.Void DB_Location_XReferencer.Core.Merger::OpenInGoogleEarth(DB_Location_XReferencer.Core.FormationMatcher,System.String,System.String)</Name>
              <FileRef uid="9" />
              <SequencePoints>
                <SequencePoint vc="0" uspid="749" ordinal="0" offset="0" sl="154" sc="9" el="154" ec="10" bec="0" bev="0" fileid="9" />
                <SequencePoint vc="0" uspid="750" ordinal="1" offset="1" sl="155" sc="13" el="155" ec="50" bec="0" bev="0" fileid="9" />
                <SequencePoint vc="0" uspid="751" ordinal="2" offset="9" sl="157" sc="13" el="157" ec="83" bec="0" bev="0" fileid="9" />
                <SequencePoint vc="0" uspid="752" ordinal="3" offset="15" sl="158" sc="13" el="158" ec="103" bec="0" bev="0" fileid="9" />
                <SequencePoint vc="0" uspid="753" ordinal="4" offset="21" sl="159" sc="13" el="159" ec="82" bec="0" bev="0" fileid="9" />
                <SequencePoint vc="0" uspid="754" ordinal="5" offset="29" sl="160" sc="13" el="160" ec="44" bec="0" bev="0" fileid="9" />
                <SequencePoint vc="0" uspid="755" ordinal="6" offset="41" sl="162" sc="13" el="162" ec="89" bec="0" bev="0" fileid="9" />
                <SequencePoint vc="0" uspid="756" ordinal="7" offset="91" sl="163" sc="13" el="163" ec="43" bec="0" bev="0" fileid="9" />
                <SequencePoint vc="0" uspid="757" ordinal="8" offset="99" sl="164" sc="13" el="164" ec="29" bec="0" bev="0" fileid="9" />
                <SequencePoint vc="0" uspid="758" ordinal="9" offset="106" sl="165" sc="9" el="165" ec="10" bec="0" bev="0" fileid="9" />
              </SequencePoints>
              <BranchPoints />
              <MethodPoint xsi:type="SequencePoint" vc="0" uspid="749" ordinal="0" offset="0" sl="154" sc="9" el="154" ec="10" bec="0" bev="0" fileid="9" />
            </Method>
            <Method visited="false" cyclomaticComplexity="2" nPathComplexity="0" sequenceCoverage="0" branchCoverage="0" isConstructor="false" isStatic="true" isGetter="false" isSetter="false">
              <Summary numSequencePoints="7" visitedSequencePoints="0" numBranchPoints="1" visitedBranchPoints="0" sequenceCoverage="0" branchCoverage="0" maxCyclomaticComplexity="2" minCyclomaticComplexity="2" visitedClasses="0" numClasses="0" visitedMethods="0" numMethods="1" />
              <MetadataToken>100663389</MetadataToken>
              <Name>System.Void DB_Location_XReferencer.Core.Merger::WriteToCsv(System.String,System.Collections.Generic.List`1&lt;DB_Location_XReferencer.Core.FormationMatcher&gt;)</Name>
              <FileRef uid="9" />
              <SequencePoints>
                <SequencePoint vc="0" uspid="759" ordinal="0" offset="0" sl="176" sc="9" el="176" ec="10" bec="0" bev="0" fileid="9" />
                <SequencePoint vc="0" uspid="760" ordinal="1" offset="1" sl="177" sc="20" el="177" ec="65" bec="0" bev="0" fileid="9" />
                <SequencePoint vc="0" uspid="761" ordinal="2" offset="8" sl="178" sc="13" el="178" ec="14" bec="0" bev="0" fileid="9" />
                <SequencePoint vc="0" uspid="762" ordinal="3" offset="9" sl="179" sc="17" el="179" ec="49" bec="0" bev="0" fileid="9" />
                <SequencePoint vc="0" uspid="763" ordinal="4" offset="16" sl="180" sc="17" el="180" ec="46" bec="0" bev="0" fileid="9" />
                <SequencePoint vc="0" uspid="764" ordinal="5" offset="24" sl="181" sc="13" el="181" ec="14" bec="0" bev="0" fileid="9" />
                <SequencePoint vc="0" uspid="765" ordinal="6" offset="38" sl="182" sc="9" el="182" ec="10" bec="0" bev="0" fileid="9" />
              </SequencePoints>
              <BranchPoints />
              <MethodPoint xsi:type="SequencePoint" vc="0" uspid="759" ordinal="0" offset="0" sl="176" sc="9" el="176" ec="10" bec="0" bev="0" fileid="9" />
            </Method>
            <Method visited="false" cyclomaticComplexity="3" nPathComplexity="0" sequenceCoverage="0" branchCoverage="0" isConstructor="false" isStatic="true" isGetter="false" isSetter="false">
              <Summary numSequencePoints="9" visitedSequencePoints="0" numBranchPoints="1" visitedBranchPoints="0" sequenceCoverage="0" branchCoverage="0" maxCyclomaticComplexity="3" minCyclomaticComplexity="3" visitedClasses="0" numClasses="0" visitedMethods="0" numMethods="1" />
              <MetadataToken>100663390</MetadataToken>
              <Name>System.Void DB_Location_XReferencer.Core.Merger::ReadFromCsv(System.String,System.Collections.Generic.List`1&lt;DB_Location_XReferencer.Core.FormationMatcher&gt;&amp;)</Name>
              <FileRef uid="9" />
              <SequencePoints>
                <SequencePoint vc="0" uspid="766" ordinal="0" offset="0" sl="191" sc="9" el="191" ec="10" bec="0" bev="0" fileid="9" />
                <SequencePoint vc="0" uspid="767" ordinal="1" offset="1" sl="192" sc="20" el="192" ec="63" bec="0" bev="0" fileid="9" />
                <SequencePoint vc="0" uspid="768" ordinal="2" offset="8" sl="193" sc="13" el="193" ec="14" bec="0" bev="0" fileid="9" />
                <SequencePoint vc="0" uspid="769" ordinal="3" offset="9" sl="194" sc="17" el="194" ec="49" bec="0" bev="0" fileid="9" />
                <SequencePoint vc="0" uspid="770" ordinal="4" offset="16" sl="195" sc="17" el="196" ec="77" bec="0" bev="0" fileid="9" />
                <SequencePoint vc="0" uspid="771" ordinal="5" offset="59" sl="197" sc="17" el="197" ec="66" bec="0" bev="0" fileid="9" />
                <SequencePoint vc="0" uspid="772" ordinal="6" offset="66" sl="198" sc="17" el="198" ec="66" bec="0" bev="0" fileid="9" />
                <SequencePoint vc="0" uspid="773" ordinal="7" offset="74" sl="199" sc="13" el="199" ec="14" bec="0" bev="0" fileid="9" />
                <SequencePoint vc="0" uspid="774" ordinal="8" offset="88" sl="200" sc="9" el="200" ec="10" bec="0" bev="0" fileid="9" />
              </SequencePoints>
              <BranchPoints />
              <MethodPoint xsi:type="SequencePoint" vc="0" uspid="766" ordinal="0" offset="0" sl="191" sc="9" el="191" ec="10" bec="0" bev="0" fileid="9" />
            </Method>
            <Method visited="false" cyclomaticComplexity="2" nPathComplexity="0" sequenceCoverage="0" branchCoverage="0" isConstructor="false" isStatic="true" isGetter="false" isSetter="false">
              <Summary numSequencePoints="7" visitedSequencePoints="0" numBranchPoints="1" visitedBranchPoints="0" sequenceCoverage="0" branchCoverage="0" maxCyclomaticComplexity="2" minCyclomaticComplexity="2" visitedClasses="0" numClasses="0" visitedMethods="0" numMethods="1" />
              <MetadataToken>100663391</MetadataToken>
              <Name>System.Void DB_Location_XReferencer.Core.Merger::WriteToCsv(System.String,System.Collections.Generic.List`1&lt;DB_Location_XReferencer.Core.Formation&gt;)</Name>
              <FileRef uid="9" />
              <SequencePoints>
                <SequencePoint vc="0" uspid="777" ordinal="0" offset="0" sl="210" sc="9" el="210" ec="10" bec="0" bev="0" fileid="9" />
                <SequencePoint vc="0" uspid="778" ordinal="1" offset="1" sl="212" sc="20" el="212" ec="65" bec="0" bev="0" fileid="9" />
                <SequencePoint vc="0" uspid="779" ordinal="2" offset="8" sl="213" sc="13" el="213" ec="14" bec="0" bev="0" fileid="9" />
                <SequencePoint vc="0" uspid="780" ordinal="3" offset="9" sl="214" sc="17" el="214" ec="49" bec="0" bev="0" fileid="9" />
                <SequencePoint vc="0" uspid="781" ordinal="4" offset="16" sl="215" sc="17" el="215" ec="46" bec="0" bev="0" fileid="9" />
                <SequencePoint vc="0" uspid="782" ordinal="5" offset="24" sl="216" sc="13" el="216" ec="14" bec="0" bev="0" fileid="9" />
                <SequencePoint vc="0" uspid="783" ordinal="6" offset="38" sl="217" sc="9" el="217" ec="10" bec="0" bev="0" fileid="9" />
              </SequencePoints>
              <BranchPoints />
              <MethodPoint xsi:type="SequencePoint" vc="0" uspid="777" ordinal="0" offset="0" sl="210" sc="9" el="210" ec="10" bec="0" bev="0" fileid="9" />
            </Method>
            <Method visited="false" cyclomaticComplexity="3" nPathComplexity="0" sequenceCoverage="0" branchCoverage="0" isConstructor="false" isStatic="true" isGetter="false" isSetter="false">
              <Summary numSequencePoints="9" visitedSequencePoints="0" numBranchPoints="1" visitedBranchPoints="0" sequenceCoverage="0" branchCoverage="0" maxCyclomaticComplexity="3" minCyclomaticComplexity="3" visitedClasses="0" numClasses="0" visitedMethods="0" numMethods="1" />
              <MetadataToken>100663392</MetadataToken>
              <Name>System.Void DB_Location_XReferencer.Core.Merger::ReadFromCsv(System.String,System.Collections.Generic.List`1&lt;DB_Location_XReferencer.Core.Formation&gt;&amp;)</Name>
              <FileRef uid="9" />
              <SequencePoints>
                <SequencePoint vc="0" uspid="784" ordinal="0" offset="0" sl="226" sc="9" el="226" ec="10" bec="0" bev="0" fileid="9" />
                <SequencePoint vc="0" uspid="785" ordinal="1" offset="1" sl="227" sc="20" el="227" ec="63" bec="0" bev="0" fileid="9" />
                <SequencePoint vc="0" uspid="786" ordinal="2" offset="8" sl="228" sc="13" el="228" ec="14" bec="0" bev="0" fileid="9" />
                <SequencePoint vc="0" uspid="787" ordinal="3" offset="9" sl="229" sc="17" el="229" ec="49" bec="0" bev="0" fileid="9" />
                <SequencePoint vc="0" uspid="788" ordinal="4" offset="16" sl="230" sc="17" el="231" ec="77" bec="0" bev="0" fileid="9" />
                <SequencePoint vc="0" uspid="789" ordinal="5" offset="59" sl="232" sc="17" el="232" ec="59" bec="0" bev="0" fileid="9" />
                <SequencePoint vc="0" uspid="790" ordinal="6" offset="66" sl="233" sc="17" el="233" ec="59" bec="0" bev="0" fileid="9" />
                <SequencePoint vc="0" uspid="791" ordinal="7" offset="74" sl="234" sc="13" el="234" ec="14" bec="0" bev="0" fileid="9" />
                <SequencePoint vc="0" uspid="792" ordinal="8" offset="88" sl="235" sc="9" el="235" ec="10" bec="0" bev="0" fileid="9" />
              </SequencePoints>
              <BranchPoints />
              <MethodPoint xsi:type="SequencePoint" vc="0" uspid="784" ordinal="0" offset="0" sl="226" sc="9" el="226" ec="10" bec="0" bev="0" fileid="9" />
            </Method>
            <Method visited="false" cyclomaticComplexity="11" nPathComplexity="8" sequenceCoverage="0" branchCoverage="0" isConstructor="false" isStatic="true" isGetter="false" isSetter="false">
              <Summary numSequencePoints="29" visitedSequencePoints="0" numBranchPoints="7" visitedBranchPoints="0" sequenceCoverage="0" branchCoverage="0" maxCyclomaticComplexity="11" minCyclomaticComplexity="11" visitedClasses="0" numClasses="0" visitedMethods="0" numMethods="1" />
              <MetadataToken>100663393</MetadataToken>
              <Name>System.Collections.Generic.List`1&lt;DB_Location_XReferencer.Core.Formation&gt; DB_Location_XReferencer.Core.Merger::ReadPeakbaggerLocationsFromCsv(System.String,System.Double,System.Double,System.Double,System.Double)</Name>
              <FileRef uid="9" />
              <SequencePoints>
                <SequencePoint vc="0" uspid="795" ordinal="0" offset="0" sl="253" sc="9" el="253" ec="10" bec="0" bev="0" fileid="9" />
                <SequencePoint vc="0" uspid="796" ordinal="1" offset="1" sl="254" sc="13" el="254" ec="63" bec="0" bev="0" fileid="9" />
                <SequencePoint vc="0" uspid="797" ordinal="2" offset="7" sl="255" sc="20" el="255" ec="63" bec="0" bev="0" fileid="9" />
                <SequencePoint vc="0" uspid="798" ordinal="3" offset="14" sl="256" sc="13" el="256" ec="14" bec="0" bev="0" fileid="9" />
                <SequencePoint vc="0" uspid="799" ordinal="4" offset="15" sl="257" sc="17" el="257" ec="49" bec="0" bev="0" fileid="9" />
                <SequencePoint vc="0" uspid="800" ordinal="5" offset="22" sl="258" sc="17" el="258" ec="77" bec="0" bev="0" fileid="9" />
                <SequencePoint vc="0" uspid="801" ordinal="6" offset="34" sl="260" sc="17" el="260" ec="24" bec="0" bev="0" fileid="9" />
                <SequencePoint vc="0" uspid="802" ordinal="7" offset="35" sl="260" sc="60" el="260" ec="67" bec="0" bev="0" fileid="9" />
                <SequencePoint vc="0" uspid="803" ordinal="8" offset="48" sl="260" sc="26" el="260" ec="56" bec="0" bev="0" fileid="9" />
                <SequencePoint vc="0" uspid="804" ordinal="9" offset="57" sl="261" sc="17" el="261" ec="18" bec="0" bev="0" fileid="9" />
                <SequencePoint vc="0" uspid="805" ordinal="10" offset="58" sl="262" sc="21" el="263" ec="54" bec="2" bev="0" fileid="9" />
                <SequencePoint vc="0" uspid="806" ordinal="11" offset="104" sl="264" sc="21" el="264" ec="22" bec="0" bev="0" fileid="9" />
                <SequencePoint vc="0" uspid="807" ordinal="12" offset="105" sl="265" sc="25" el="265" ec="34" bec="0" bev="0" fileid="9" />
                <SequencePoint vc="0" uspid="808" ordinal="13" offset="110" sl="267" sc="21" el="267" ec="70" bec="0" bev="0" fileid="9" />
                <SequencePoint vc="0" uspid="809" ordinal="14" offset="129" sl="268" sc="21" el="268" ec="68" bec="0" bev="0" fileid="9" />
                <SequencePoint vc="0" uspid="810" ordinal="15" offset="148" sl="269" sc="21" el="270" ec="84" bec="2" bev="0" fileid="9" />
                <SequencePoint vc="0" uspid="811" ordinal="16" offset="181" sl="270" sc="85" el="270" ec="94" bec="0" bev="0" fileid="9" />
                <SequencePoint vc="0" uspid="812" ordinal="17" offset="183" sl="271" sc="21" el="271" ec="39" bec="0" bev="0" fileid="9" />
                <SequencePoint vc="0" uspid="813" ordinal="18" offset="186" sl="272" sc="21" el="272" ec="55" bec="2" bev="0" fileid="9" />
                <SequencePoint vc="0" uspid="814" ordinal="19" offset="208" sl="273" sc="21" el="273" ec="22" bec="0" bev="0" fileid="9" />
                <SequencePoint vc="0" uspid="815" ordinal="20" offset="209" sl="274" sc="25" el="274" ec="65" bec="0" bev="0" fileid="9" />
                <SequencePoint vc="0" uspid="816" ordinal="21" offset="227" sl="275" sc="21" el="275" ec="22" bec="0" bev="0" fileid="9" />
                <SequencePoint vc="0" uspid="817" ordinal="22" offset="228" sl="276" sc="21" el="280" ec="36" bec="0" bev="0" fileid="9" />
                <SequencePoint vc="0" uspid="818" ordinal="23" offset="260" sl="281" sc="21" el="281" ec="45" bec="0" bev="0" fileid="9" />
                <SequencePoint vc="0" uspid="819" ordinal="24" offset="269" sl="282" sc="17" el="282" ec="18" bec="0" bev="0" fileid="9" />
                <SequencePoint vc="0" uspid="820" ordinal="25" offset="270" sl="260" sc="57" el="260" ec="59" bec="0" bev="0" fileid="9" />
                <SequencePoint vc="0" uspid="821" ordinal="26" offset="299" sl="283" sc="13" el="283" ec="14" bec="0" bev="0" fileid="9" />
                <SequencePoint vc="0" uspid="822" ordinal="27" offset="313" sl="284" sc="13" el="284" ec="30" bec="0" bev="0" fileid="9" />
                <SequencePoint vc="0" uspid="823" ordinal="28" offset="318" sl="285" sc="9" el="285" ec="10" bec="0" bev="0" fileid="9" />
              </SequencePoints>
              <BranchPoints>
                <BranchPoint vc="0" uspid="826" ordinal="2" offset="102" sl="262" path="0" offsetend="104" fileid="9" />
                <BranchPoint vc="0" uspid="827" ordinal="3" offset="102" sl="262" path="1" offsetend="110" fileid="9" />
                <BranchPoint vc="0" uspid="834" ordinal="10" offset="179" sl="269" path="0" offsetchain="181" offsetend="270" fileid="9" />
                <BranchPoint vc="0" uspid="835" ordinal="11" offset="179" sl="269" path="1" offsetend="183" fileid="9" />
                <BranchPoint vc="0" uspid="836" ordinal="12" offset="206" sl="272" path="0" offsetend="208" fileid="9" />
                <BranchPoint vc="0" uspid="837" ordinal="13" offset="206" sl="272" path="1" offsetend="228" fileid="9" />
              </BranchPoints>
              <MethodPoint xsi:type="SequencePoint" vc="0" uspid="795" ordinal="0" offset="0" sl="253" sc="9" el="253" ec="10" bec="0" bev="0" fileid="9" />
            </Method>
          </Methods>
        </Class>
        <Class>
          <Summary numSequencePoints="2" visitedSequencePoints="0" numBranchPoints="2" visitedBranchPoints="0" sequenceCoverage="0" branchCoverage="0" maxCyclomaticComplexity="1" minCyclomaticComplexity="1" visitedClasses="0" numClasses="1" visitedMethods="0" numMethods="2" />
          <FullName>DB_Location_XReferencer.Core.Merger/&lt;&gt;c</FullName>
          <Methods>
            <Method visited="false" cyclomaticComplexity="1" nPathComplexity="0" sequenceCoverage="0" branchCoverage="0" isConstructor="true" isStatic="true" isGetter="false" isSetter="false">
              <Summary numSequencePoints="0" visitedSequencePoints="0" numBranchPoints="0" visitedBranchPoints="0" sequenceCoverage="0" branchCoverage="0" maxCyclomaticComplexity="1" minCyclomaticComplexity="1" visitedClasses="0" numClasses="0" visitedMethods="0" numMethods="0" />
              <MetadataToken>100663446</MetadataToken>
              <Name>System.Void DB_Location_XReferencer.Core.Merger/&lt;&gt;c::.cctor()</Name>
              <SequencePoints />
              <BranchPoints />
              <MethodPoint vc="0" uspid="840" ordinal="0" offset="0" />
            </Method>
            <Method visited="false" cyclomaticComplexity="1" nPathComplexity="0" sequenceCoverage="0" branchCoverage="0" isConstructor="true" isStatic="false" isGetter="false" isSetter="false">
              <Summary numSequencePoints="0" visitedSequencePoints="0" numBranchPoints="0" visitedBranchPoints="0" sequenceCoverage="0" branchCoverage="0" maxCyclomaticComplexity="1" minCyclomaticComplexity="1" visitedClasses="0" numClasses="0" visitedMethods="0" numMethods="0" />
              <MetadataToken>100663447</MetadataToken>
              <Name>System.Void DB_Location_XReferencer.Core.Merger/&lt;&gt;c::.ctor()</Name>
              <SequencePoints />
              <BranchPoints />
              <MethodPoint vc="0" uspid="841" ordinal="0" offset="0" />
            </Method>
            <Method visited="false" cyclomaticComplexity="1" nPathComplexity="0" sequenceCoverage="0" branchCoverage="0" isConstructor="false" isStatic="false" isGetter="false" isSetter="false">
              <Summary numSequencePoints="1" visitedSequencePoints="0" numBranchPoints="1" visitedBranchPoints="0" sequenceCoverage="0" branchCoverage="0" maxCyclomaticComplexity="1" minCyclomaticComplexity="1" visitedClasses="0" numClasses="0" visitedMethods="0" numMethods="1" />
              <MetadataToken>100663448</MetadataToken>
              <Name>System.String DB_Location_XReferencer.Core.Merger/&lt;&gt;c::&lt;ReadFromCsv&gt;b__4_0(System.String)</Name>
              <FileRef uid="9" />
              <SequencePoints>
                <SequencePoint vc="0" uspid="842" ordinal="0" offset="0" sl="196" sc="21" el="196" ec="76" bec="0" bev="0" fileid="9" />
              </SequencePoints>
              <BranchPoints />
              <MethodPoint xsi:type="SequencePoint" vc="0" uspid="842" ordinal="0" offset="0" sl="196" sc="21" el="196" ec="76" bec="0" bev="0" fileid="9" />
            </Method>
            <Method visited="false" cyclomaticComplexity="1" nPathComplexity="0" sequenceCoverage="0" branchCoverage="0" isConstructor="false" isStatic="false" isGetter="false" isSetter="false">
              <Summary numSequencePoints="1" visitedSequencePoints="0" numBranchPoints="1" visitedBranchPoints="0" sequenceCoverage="0" branchCoverage="0" maxCyclomaticComplexity="1" minCyclomaticComplexity="1" visitedClasses="0" numClasses="0" visitedMethods="0" numMethods="1" />
              <MetadataToken>100663449</MetadataToken>
              <Name>System.String DB_Location_XReferencer.Core.Merger/&lt;&gt;c::&lt;ReadFromCsv&gt;b__6_0(System.String)</Name>
              <FileRef uid="9" />
              <SequencePoints>
                <SequencePoint vc="0" uspid="843" ordinal="0" offset="0" sl="231" sc="21" el="231" ec="76" bec="0" bev="0" fileid="9" />
              </SequencePoints>
              <BranchPoints />
              <MethodPoint xsi:type="SequencePoint" vc="0" uspid="843" ordinal="0" offset="0" sl="231" sc="21" el="231" ec="76" bec="0" bev="0" fileid="9" />
            </Method>
          </Methods>
        </Class>
        <Class>
          <Summary numSequencePoints="25" visitedSequencePoints="0" numBranchPoints="13" visitedBranchPoints="0" sequenceCoverage="0" branchCoverage="0" maxCyclomaticComplexity="3" minCyclomaticComplexity="1" visitedClasses="0" numClasses="1" visitedMethods="0" numMethods="7" />
          <FullName>DB_Location_XReferencer.Core.Location</FullName>
          <Methods>
            <Method visited="false" cyclomaticComplexity="1" nPathComplexity="0" sequenceCoverage="0" branchCoverage="0" isConstructor="false" isStatic="false" isGetter="true" isSetter="false">
              <Summary numSequencePoints="1" visitedSequencePoints="0" numBranchPoints="1" visitedBranchPoints="0" sequenceCoverage="0" branchCoverage="0" maxCyclomaticComplexity="1" minCyclomaticComplexity="1" visitedClasses="0" numClasses="0" visitedMethods="0" numMethods="1" />
              <MetadataToken>100663394</MetadataToken>
              <Name>System.String DB_Location_XReferencer.Core.Location::get_Name()</Name>
              <FileRef uid="11" />
              <SequencePoints>
                <SequencePoint vc="0" uspid="844" ordinal="0" offset="0" sl="25" sc="30" el="25" ec="34" bec="0" bev="0" fileid="11" />
              </SequencePoints>
              <BranchPoints />
              <MethodPoint xsi:type="SequencePoint" vc="0" uspid="844" ordinal="0" offset="0" sl="25" sc="30" el="25" ec="34" bec="0" bev="0" fileid="11" />
            </Method>
            <Method visited="false" cyclomaticComplexity="1" nPathComplexity="0" sequenceCoverage="0" branchCoverage="0" isConstructor="false" isStatic="false" isGetter="true" isSetter="false">
              <Summary numSequencePoints="1" visitedSequencePoints="0" numBranchPoints="1" visitedBranchPoints="0" sequenceCoverage="0" branchCoverage="0" maxCyclomaticComplexity="1" minCyclomaticComplexity="1" visitedClasses="0" numClasses="0" visitedMethods="0" numMethods="1" />
              <MetadataToken>100663395</MetadataToken>
              <Name>System.String DB_Location_XReferencer.Core.Location::get_OtherName()</Name>
              <FileRef uid="11" />
              <SequencePoints>
                <SequencePoint vc="0" uspid="845" ordinal="0" offset="0" sl="31" sc="35" el="31" ec="39" bec="0" bev="0" fileid="11" />
              </SequencePoints>
              <BranchPoints />
              <MethodPoint xsi:type="SequencePoint" vc="0" uspid="845" ordinal="0" offset="0" sl="31" sc="35" el="31" ec="39" bec="0" bev="0" fileid="11" />
            </Method>
            <Method visited="false" cyclomaticComplexity="1" nPathComplexity="0" sequenceCoverage="0" branchCoverage="0" isConstructor="false" isStatic="false" isGetter="true" isSetter="false">
              <Summary numSequencePoints="1" visitedSequencePoints="0" numBranchPoints="1" visitedBranchPoints="0" sequenceCoverage="0" branchCoverage="0" maxCyclomaticComplexity="1" minCyclomaticComplexity="1" visitedClasses="0" numClasses="0" visitedMethods="0" numMethods="1" />
              <MetadataToken>100663396</MetadataToken>
              <Name>System.Nullable`1&lt;System.Int32&gt; DB_Location_XReferencer.Core.Location::get_Elevation()</Name>
              <FileRef uid="11" />
              <SequencePoints>
                <SequencePoint vc="0" uspid="846" ordinal="0" offset="0" sl="37" sc="33" el="37" ec="37" bec="0" bev="0" fileid="11" />
              </SequencePoints>
              <BranchPoints />
              <MethodPoint xsi:type="SequencePoint" vc="0" uspid="846" ordinal="0" offset="0" sl="37" sc="33" el="37" ec="37" bec="0" bev="0" fileid="11" />
            </Method>
            <Method visited="false" cyclomaticComplexity="1" nPathComplexity="0" sequenceCoverage="0" branchCoverage="0" isConstructor="false" isStatic="false" isGetter="true" isSetter="false">
              <Summary numSequencePoints="1" visitedSequencePoints="0" numBranchPoints="1" visitedBranchPoints="0" sequenceCoverage="0" branchCoverage="0" maxCyclomaticComplexity="1" minCyclomaticComplexity="1" visitedClasses="0" numClasses="0" visitedMethods="0" numMethods="1" />
              <MetadataToken>100663397</MetadataToken>
              <Name>System.Double DB_Location_XReferencer.Core.Location::get_Latitude()</Name>
              <FileRef uid="11" />
              <SequencePoints>
                <SequencePoint vc="0" uspid="847" ordinal="0" offset="0" sl="43" sc="34" el="43" ec="38" bec="0" bev="0" fileid="11" />
              </SequencePoints>
              <BranchPoints />
              <MethodPoint xsi:type="SequencePoint" vc="0" uspid="847" ordinal="0" offset="0" sl="43" sc="34" el="43" ec="38" bec="0" bev="0" fileid="11" />
            </Method>
            <Method visited="false" cyclomaticComplexity="1" nPathComplexity="0" sequenceCoverage="0" branchCoverage="0" isConstructor="false" isStatic="false" isGetter="true" isSetter="false">
              <Summary numSequencePoints="1" visitedSequencePoints="0" numBranchPoints="1" visitedBranchPoints="0" sequenceCoverage="0" branchCoverage="0" maxCyclomaticComplexity="1" minCyclomaticComplexity="1" visitedClasses="0" numClasses="0" visitedMethods="0" numMethods="1" />
              <MetadataToken>100663398</MetadataToken>
              <Name>System.Double DB_Location_XReferencer.Core.Location::get_Longitude()</Name>
              <FileRef uid="11" />
              <SequencePoints>
                <SequencePoint vc="0" uspid="848" ordinal="0" offset="0" sl="49" sc="35" el="49" ec="39" bec="0" bev="0" fileid="11" />
              </SequencePoints>
              <BranchPoints />
              <MethodPoint xsi:type="SequencePoint" vc="0" uspid="848" ordinal="0" offset="0" sl="49" sc="35" el="49" ec="39" bec="0" bev="0" fileid="11" />
            </Method>
            <Method visited="false" cyclomaticComplexity="2" nPathComplexity="2" sequenceCoverage="0" branchCoverage="0" isConstructor="true" isStatic="false" isGetter="false" isSetter="false">
              <Summary numSequencePoints="11" visitedSequencePoints="0" numBranchPoints="3" visitedBranchPoints="0" sequenceCoverage="0" branchCoverage="0" maxCyclomaticComplexity="2" minCyclomaticComplexity="2" visitedClasses="0" numClasses="0" visitedMethods="0" numMethods="1" />
              <MetadataToken>100663399</MetadataToken>
              <Name>System.Void DB_Location_XReferencer.Core.Location::.ctor(System.String,System.Double,System.Double,System.String,System.Int32)</Name>
              <FileRef uid="11" />
              <SequencePoints>
                <SequencePoint vc="0" uspid="849" ordinal="0" offset="0" sl="59" sc="9" el="63" ec="31" bec="0" bev="0" fileid="11" />
                <SequencePoint vc="0" uspid="850" ordinal="1" offset="7" sl="64" sc="9" el="64" ec="10" bec="0" bev="0" fileid="11" />
                <SequencePoint vc="0" uspid="851" ordinal="2" offset="8" sl="65" sc="13" el="65" ec="25" bec="0" bev="0" fileid="11" />
                <SequencePoint vc="0" uspid="852" ordinal="3" offset="15" sl="66" sc="13" el="66" ec="35" bec="0" bev="0" fileid="11" />
                <SequencePoint vc="0" uspid="853" ordinal="4" offset="23" sl="67" sc="13" el="67" ec="31" bec="2" bev="0" fileid="11" />
                <SequencePoint vc="0" uspid="854" ordinal="5" offset="32" sl="68" sc="13" el="68" ec="14" bec="0" bev="0" fileid="11" />
                <SequencePoint vc="0" uspid="855" ordinal="6" offset="33" sl="69" sc="17" el="69" ec="39" bec="0" bev="0" fileid="11" />
                <SequencePoint vc="0" uspid="856" ordinal="7" offset="46" sl="70" sc="13" el="70" ec="14" bec="0" bev="0" fileid="11" />
                <SequencePoint vc="0" uspid="857" ordinal="8" offset="47" sl="71" sc="13" el="71" ec="33" bec="0" bev="0" fileid="11" />
                <SequencePoint vc="0" uspid="858" ordinal="9" offset="54" sl="72" sc="13" el="72" ec="35" bec="0" bev="0" fileid="11" />
                <SequencePoint vc="0" uspid="859" ordinal="10" offset="61" sl="73" sc="9" el="73" ec="10" bec="0" bev="0" fileid="11" />
              </SequencePoints>
              <BranchPoints>
                <BranchPoint vc="0" uspid="860" ordinal="0" offset="30" sl="67" path="0" offsetend="32" fileid="11" />
                <BranchPoint vc="0" uspid="861" ordinal="1" offset="30" sl="67" path="1" offsetend="47" fileid="11" />
              </BranchPoints>
              <MethodPoint xsi:type="SequencePoint" vc="0" uspid="849" ordinal="0" offset="0" sl="59" sc="9" el="63" ec="31" bec="0" bev="0" fileid="11" />
            </Method>
            <Method visited="false" cyclomaticComplexity="3" nPathComplexity="4" sequenceCoverage="0" branchCoverage="0" isConstructor="false" isStatic="false" isGetter="false" isSetter="false">
              <Summary numSequencePoints="9" visitedSequencePoints="0" numBranchPoints="5" visitedBranchPoints="0" sequenceCoverage="0" branchCoverage="0" maxCyclomaticComplexity="3" minCyclomaticComplexity="3" visitedClasses="0" numClasses="0" visitedMethods="0" numMethods="1" />
              <MetadataToken>100663400</MetadataToken>
              <Name>System.String DB_Location_XReferencer.Core.Location::ToString()</Name>
              <FileRef uid="11" />
              <SequencePoints>
                <SequencePoint vc="0" uspid="862" ordinal="0" offset="0" sl="80" sc="9" el="80" ec="10" bec="0" bev="0" fileid="11" />
                <SequencePoint vc="0" uspid="863" ordinal="1" offset="1" sl="81" sc="13" el="81" ec="44" bec="2" bev="0" fileid="11" />
                <SequencePoint vc="0" uspid="864" ordinal="2" offset="16" sl="82" sc="13" el="82" ec="14" bec="0" bev="0" fileid="11" />
                <SequencePoint vc="0" uspid="865" ordinal="3" offset="17" sl="83" sc="17" el="83" ec="40" bec="0" bev="0" fileid="11" />
                <SequencePoint vc="0" uspid="866" ordinal="4" offset="26" sl="85" sc="13" el="85" ec="49" bec="2" bev="0" fileid="11" />
                <SequencePoint vc="0" uspid="867" ordinal="5" offset="41" sl="86" sc="13" el="86" ec="14" bec="0" bev="0" fileid="11" />
                <SequencePoint vc="0" uspid="868" ordinal="6" offset="42" sl="87" sc="17" el="87" ec="29" bec="0" bev="0" fileid="11" />
                <SequencePoint vc="0" uspid="869" ordinal="7" offset="51" sl="89" sc="13" el="89" ec="50" bec="0" bev="0" fileid="11" />
                <SequencePoint vc="0" uspid="870" ordinal="8" offset="81" sl="90" sc="9" el="90" ec="10" bec="0" bev="0" fileid="11" />
              </SequencePoints>
              <BranchPoints>
                <BranchPoint vc="0" uspid="871" ordinal="0" offset="14" sl="81" path="0" offsetend="16" fileid="11" />
                <BranchPoint vc="0" uspid="872" ordinal="1" offset="14" sl="81" path="1" offsetend="26" fileid="11" />
                <BranchPoint vc="0" uspid="873" ordinal="2" offset="39" sl="85" path="0" offsetend="41" fileid="11" />
                <BranchPoint vc="0" uspid="874" ordinal="3" offset="39" sl="85" path="1" offsetend="51" fileid="11" />
              </BranchPoints>
              <MethodPoint xsi:type="SequencePoint" vc="0" uspid="862" ordinal="0" offset="0" sl="80" sc="9" el="80" ec="10" bec="0" bev="0" fileid="11" />
            </Method>
          </Methods>
        </Class>
        <Class>
          <Summary numSequencePoints="34" visitedSequencePoints="0" numBranchPoints="34" visitedBranchPoints="0" sequenceCoverage="0" branchCoverage="0" maxCyclomaticComplexity="1" minCyclomaticComplexity="1" visitedClasses="0" numClasses="1" visitedMethods="0" numMethods="34" />
          <FullName>DB_Location_XReferencer.Core.PeakbaggerLocation</FullName>
          <Methods>
            <Method visited="false" cyclomaticComplexity="1" nPathComplexity="0" sequenceCoverage="0" branchCoverage="0" isConstructor="false" isStatic="false" isGetter="true" isSetter="false">
              <Summary numSequencePoints="1" visitedSequencePoints="0" numBranchPoints="1" visitedBranchPoints="0" sequenceCoverage="0" branchCoverage="0" maxCyclomaticComplexity="1" minCyclomaticComplexity="1" visitedClasses="0" numClasses="0" visitedMethods="0" numMethods="1" />
              <MetadataToken>100663401</MetadataToken>
              <Name>System.Int32 DB_Location_XReferencer.Core.PeakbaggerLocation::get_Index()</Name>
              <FileRef uid="12" />
              <SequencePoints>
                <SequencePoint vc="0" uspid="875" ordinal="0" offset="0" sl="25" sc="28" el="25" ec="32" bec="0" bev="0" fileid="12" />
              </SequencePoints>
              <BranchPoints />
              <MethodPoint xsi:type="SequencePoint" vc="0" uspid="875" ordinal="0" offset="0" sl="25" sc="28" el="25" ec="32" bec="0" bev="0" fileid="12" />
            </Method>
            <Method visited="false" cyclomaticComplexity="1" nPathComplexity="0" sequenceCoverage="0" branchCoverage="0" isConstructor="false" isStatic="false" isGetter="false" isSetter="true">
              <Summary numSequencePoints="1" visitedSequencePoints="0" numBranchPoints="1" visitedBranchPoints="0" sequenceCoverage="0" branchCoverage="0" maxCyclomaticComplexity="1" minCyclomaticComplexity="1" visitedClasses="0" numClasses="0" visitedMethods="0" numMethods="1" />
              <MetadataToken>100663402</MetadataToken>
              <Name>System.Void DB_Location_XReferencer.Core.PeakbaggerLocation::set_Index(System.Int32)</Name>
              <FileRef uid="12" />
              <SequencePoints>
                <SequencePoint vc="0" uspid="876" ordinal="0" offset="0" sl="25" sc="33" el="25" ec="37" bec="0" bev="0" fileid="12" />
              </SequencePoints>
              <BranchPoints />
              <MethodPoint xsi:type="SequencePoint" vc="0" uspid="876" ordinal="0" offset="0" sl="25" sc="33" el="25" ec="37" bec="0" bev="0" fileid="12" />
            </Method>
            <Method visited="false" cyclomaticComplexity="1" nPathComplexity="0" sequenceCoverage="0" branchCoverage="0" isConstructor="false" isStatic="false" isGetter="true" isSetter="false">
              <Summary numSequencePoints="1" visitedSequencePoints="0" numBranchPoints="1" visitedBranchPoints="0" sequenceCoverage="0" branchCoverage="0" maxCyclomaticComplexity="1" minCyclomaticComplexity="1" visitedClasses="0" numClasses="0" visitedMethods="0" numMethods="1" />
              <MetadataToken>100663403</MetadataToken>
              <Name>System.String DB_Location_XReferencer.Core.PeakbaggerLocation::get_Name()</Name>
              <FileRef uid="12" />
              <SequencePoints>
                <SequencePoint vc="0" uspid="877" ordinal="0" offset="0" sl="30" sc="30" el="30" ec="34" bec="0" bev="0" fileid="12" />
              </SequencePoints>
              <BranchPoints />
              <MethodPoint xsi:type="SequencePoint" vc="0" uspid="877" ordinal="0" offset="0" sl="30" sc="30" el="30" ec="34" bec="0" bev="0" fileid="12" />
            </Method>
            <Method visited="false" cyclomaticComplexity="1" nPathComplexity="0" sequenceCoverage="0" branchCoverage="0" isConstructor="false" isStatic="false" isGetter="false" isSetter="true">
              <Summary numSequencePoints="1" visitedSequencePoints="0" numBranchPoints="1" visitedBranchPoints="0" sequenceCoverage="0" branchCoverage="0" maxCyclomaticComplexity="1" minCyclomaticComplexity="1" visitedClasses="0" numClasses="0" visitedMethods="0" numMethods="1" />
              <MetadataToken>100663404</MetadataToken>
              <Name>System.Void DB_Location_XReferencer.Core.PeakbaggerLocation::set_Name(System.String)</Name>
              <FileRef uid="12" />
              <SequencePoints>
                <SequencePoint vc="0" uspid="878" ordinal="0" offset="0" sl="30" sc="35" el="30" ec="39" bec="0" bev="0" fileid="12" />
              </SequencePoints>
              <BranchPoints />
              <MethodPoint xsi:type="SequencePoint" vc="0" uspid="878" ordinal="0" offset="0" sl="30" sc="35" el="30" ec="39" bec="0" bev="0" fileid="12" />
            </Method>
            <Method visited="false" cyclomaticComplexity="1" nPathComplexity="0" sequenceCoverage="0" branchCoverage="0" isConstructor="false" isStatic="false" isGetter="true" isSetter="false">
              <Summary numSequencePoints="1" visitedSequencePoints="0" numBranchPoints="1" visitedBranchPoints="0" sequenceCoverage="0" branchCoverage="0" maxCyclomaticComplexity="1" minCyclomaticComplexity="1" visitedClasses="0" numClasses="0" visitedMethods="0" numMethods="1" />
              <MetadataToken>100663405</MetadataToken>
              <Name>System.String DB_Location_XReferencer.Core.PeakbaggerLocation::get_OtherName()</Name>
              <FileRef uid="12" />
              <SequencePoints>
                <SequencePoint vc="0" uspid="879" ordinal="0" offset="0" sl="35" sc="35" el="35" ec="39" bec="0" bev="0" fileid="12" />
              </SequencePoints>
              <BranchPoints />
              <MethodPoint xsi:type="SequencePoint" vc="0" uspid="879" ordinal="0" offset="0" sl="35" sc="35" el="35" ec="39" bec="0" bev="0" fileid="12" />
            </Method>
            <Method visited="false" cyclomaticComplexity="1" nPathComplexity="0" sequenceCoverage="0" branchCoverage="0" isConstructor="false" isStatic="false" isGetter="false" isSetter="true">
              <Summary numSequencePoints="1" visitedSequencePoints="0" numBranchPoints="1" visitedBranchPoints="0" sequenceCoverage="0" branchCoverage="0" maxCyclomaticComplexity="1" minCyclomaticComplexity="1" visitedClasses="0" numClasses="0" visitedMethods="0" numMethods="1" />
              <MetadataToken>100663406</MetadataToken>
              <Name>System.Void DB_Location_XReferencer.Core.PeakbaggerLocation::set_OtherName(System.String)</Name>
              <FileRef uid="12" />
              <SequencePoints>
                <SequencePoint vc="0" uspid="880" ordinal="0" offset="0" sl="35" sc="40" el="35" ec="44" bec="0" bev="0" fileid="12" />
              </SequencePoints>
              <BranchPoints />
              <MethodPoint xsi:type="SequencePoint" vc="0" uspid="880" ordinal="0" offset="0" sl="35" sc="40" el="35" ec="44" bec="0" bev="0" fileid="12" />
            </Method>
            <Method visited="false" cyclomaticComplexity="1" nPathComplexity="0" sequenceCoverage="0" branchCoverage="0" isConstructor="false" isStatic="false" isGetter="true" isSetter="false">
              <Summary numSequencePoints="1" visitedSequencePoints="0" numBranchPoints="1" visitedBranchPoints="0" sequenceCoverage="0" branchCoverage="0" maxCyclomaticComplexity="1" minCyclomaticComplexity="1" visitedClasses="0" numClasses="0" visitedMethods="0" numMethods="1" />
              <MetadataToken>100663407</MetadataToken>
              <Name>System.Nullable`1&lt;System.Int32&gt; DB_Location_XReferencer.Core.PeakbaggerLocation::get_Elevation()</Name>
              <FileRef uid="12" />
              <SequencePoints>
                <SequencePoint vc="0" uspid="881" ordinal="0" offset="0" sl="40" sc="33" el="40" ec="37" bec="0" bev="0" fileid="12" />
              </SequencePoints>
              <BranchPoints />
              <MethodPoint xsi:type="SequencePoint" vc="0" uspid="881" ordinal="0" offset="0" sl="40" sc="33" el="40" ec="37" bec="0" bev="0" fileid="12" />
            </Method>
            <Method visited="false" cyclomaticComplexity="1" nPathComplexity="0" sequenceCoverage="0" branchCoverage="0" isConstructor="false" isStatic="false" isGetter="false" isSetter="true">
              <Summary numSequencePoints="1" visitedSequencePoints="0" numBranchPoints="1" visitedBranchPoints="0" sequenceCoverage="0" branchCoverage="0" maxCyclomaticComplexity="1" minCyclomaticComplexity="1" visitedClasses="0" numClasses="0" visitedMethods="0" numMethods="1" />
              <MetadataToken>100663408</MetadataToken>
              <Name>System.Void DB_Location_XReferencer.Core.PeakbaggerLocation::set_Elevation(System.Nullable`1&lt;System.Int32&gt;)</Name>
              <FileRef uid="12" />
              <SequencePoints>
                <SequencePoint vc="0" uspid="882" ordinal="0" offset="0" sl="40" sc="38" el="40" ec="42" bec="0" bev="0" fileid="12" />
              </SequencePoints>
              <BranchPoints />
              <MethodPoint xsi:type="SequencePoint" vc="0" uspid="882" ordinal="0" offset="0" sl="40" sc="38" el="40" ec="42" bec="0" bev="0" fileid="12" />
            </Method>
            <Method visited="false" cyclomaticComplexity="1" nPathComplexity="0" sequenceCoverage="0" branchCoverage="0" isConstructor="false" isStatic="false" isGetter="true" isSetter="false">
              <Summary numSequencePoints="1" visitedSequencePoints="0" numBranchPoints="1" visitedBranchPoints="0" sequenceCoverage="0" branchCoverage="0" maxCyclomaticComplexity="1" minCyclomaticComplexity="1" visitedClasses="0" numClasses="0" visitedMethods="0" numMethods="1" />
              <MetadataToken>100663409</MetadataToken>
              <Name>System.Nullable`1&lt;System.Double&gt; DB_Location_XReferencer.Core.PeakbaggerLocation::get_Latitude()</Name>
              <FileRef uid="12" />
              <SequencePoints>
                <SequencePoint vc="0" uspid="883" ordinal="0" offset="0" sl="45" sc="35" el="45" ec="39" bec="0" bev="0" fileid="12" />
              </SequencePoints>
              <BranchPoints />
              <MethodPoint xsi:type="SequencePoint" vc="0" uspid="883" ordinal="0" offset="0" sl="45" sc="35" el="45" ec="39" bec="0" bev="0" fileid="12" />
            </Method>
            <Method visited="false" cyclomaticComplexity="1" nPathComplexity="0" sequenceCoverage="0" branchCoverage="0" isConstructor="false" isStatic="false" isGetter="false" isSetter="true">
              <Summary numSequencePoints="1" visitedSequencePoints="0" numBranchPoints="1" visitedBranchPoints="0" sequenceCoverage="0" branchCoverage="0" maxCyclomaticComplexity="1" minCyclomaticComplexity="1" visitedClasses="0" numClasses="0" visitedMethods="0" numMethods="1" />
              <MetadataToken>100663410</MetadataToken>
              <Name>System.Void DB_Location_XReferencer.Core.PeakbaggerLocation::set_Latitude(System.Nullable`1&lt;System.Double&gt;)</Name>
              <FileRef uid="12" />
              <SequencePoints>
                <SequencePoint vc="0" uspid="884" ordinal="0" offset="0" sl="45" sc="40" el="45" ec="44" bec="0" bev="0" fileid="12" />
              </SequencePoints>
              <BranchPoints />
              <MethodPoint xsi:type="SequencePoint" vc="0" uspid="884" ordinal="0" offset="0" sl="45" sc="40" el="45" ec="44" bec="0" bev="0" fileid="12" />
            </Method>
            <Method visited="false" cyclomaticComplexity="1" nPathComplexity="0" sequenceCoverage="0" branchCoverage="0" isConstructor="false" isStatic="false" isGetter="true" isSetter="false">
              <Summary numSequencePoints="1" visitedSequencePoints="0" numBranchPoints="1" visitedBranchPoints="0" sequenceCoverage="0" branchCoverage="0" maxCyclomaticComplexity="1" minCyclomaticComplexity="1" visitedClasses="0" numClasses="0" visitedMethods="0" numMethods="1" />
              <MetadataToken>100663411</MetadataToken>
              <Name>System.Nullable`1&lt;System.Double&gt; DB_Location_XReferencer.Core.PeakbaggerLocation::get_Longitude()</Name>
              <FileRef uid="12" />
              <SequencePoints>
                <SequencePoint vc="0" uspid="885" ordinal="0" offset="0" sl="50" sc="36" el="50" ec="40" bec="0" bev="0" fileid="12" />
              </SequencePoints>
              <BranchPoints />
              <MethodPoint xsi:type="SequencePoint" vc="0" uspid="885" ordinal="0" offset="0" sl="50" sc="36" el="50" ec="40" bec="0" bev="0" fileid="12" />
            </Method>
            <Method visited="false" cyclomaticComplexity="1" nPathComplexity="0" sequenceCoverage="0" branchCoverage="0" isConstructor="false" isStatic="false" isGetter="false" isSetter="true">
              <Summary numSequencePoints="1" visitedSequencePoints="0" numBranchPoints="1" visitedBranchPoints="0" sequenceCoverage="0" branchCoverage="0" maxCyclomaticComplexity="1" minCyclomaticComplexity="1" visitedClasses="0" numClasses="0" visitedMethods="0" numMethods="1" />
              <MetadataToken>100663412</MetadataToken>
              <Name>System.Void DB_Location_XReferencer.Core.PeakbaggerLocation::set_Longitude(System.Nullable`1&lt;System.Double&gt;)</Name>
              <FileRef uid="12" />
              <SequencePoints>
                <SequencePoint vc="0" uspid="886" ordinal="0" offset="0" sl="50" sc="41" el="50" ec="45" bec="0" bev="0" fileid="12" />
              </SequencePoints>
              <BranchPoints />
              <MethodPoint xsi:type="SequencePoint" vc="0" uspid="886" ordinal="0" offset="0" sl="50" sc="41" el="50" ec="45" bec="0" bev="0" fileid="12" />
            </Method>
            <Method visited="false" cyclomaticComplexity="1" nPathComplexity="0" sequenceCoverage="0" branchCoverage="0" isConstructor="false" isStatic="false" isGetter="true" isSetter="false">
              <Summary numSequencePoints="1" visitedSequencePoints="0" numBranchPoints="1" visitedBranchPoints="0" sequenceCoverage="0" branchCoverage="0" maxCyclomaticComplexity="1" minCyclomaticComplexity="1" visitedClasses="0" numClasses="0" visitedMethods="0" numMethods="1" />
              <MetadataToken>100663413</MetadataToken>
              <Name>System.String DB_Location_XReferencer.Core.PeakbaggerLocation::get_PeakType()</Name>
              <FileRef uid="12" />
              <SequencePoints>
                <SequencePoint vc="0" uspid="887" ordinal="0" offset="0" sl="55" sc="34" el="55" ec="38" bec="0" bev="0" fileid="12" />
              </SequencePoints>
              <BranchPoints />
              <MethodPoint xsi:type="SequencePoint" vc="0" uspid="887" ordinal="0" offset="0" sl="55" sc="34" el="55" ec="38" bec="0" bev="0" fileid="12" />
            </Method>
            <Method visited="false" cyclomaticComplexity="1" nPathComplexity="0" sequenceCoverage="0" branchCoverage="0" isConstructor="false" isStatic="false" isGetter="false" isSetter="true">
              <Summary numSequencePoints="1" visitedSequencePoints="0" numBranchPoints="1" visitedBranchPoints="0" sequenceCoverage="0" branchCoverage="0" maxCyclomaticComplexity="1" minCyclomaticComplexity="1" visitedClasses="0" numClasses="0" visitedMethods="0" numMethods="1" />
              <MetadataToken>100663414</MetadataToken>
              <Name>System.Void DB_Location_XReferencer.Core.PeakbaggerLocation::set_PeakType(System.String)</Name>
              <FileRef uid="12" />
              <SequencePoints>
                <SequencePoint vc="0" uspid="888" ordinal="0" offset="0" sl="55" sc="39" el="55" ec="43" bec="0" bev="0" fileid="12" />
              </SequencePoints>
              <BranchPoints />
              <MethodPoint xsi:type="SequencePoint" vc="0" uspid="888" ordinal="0" offset="0" sl="55" sc="39" el="55" ec="43" bec="0" bev="0" fileid="12" />
            </Method>
            <Method visited="false" cyclomaticComplexity="1" nPathComplexity="0" sequenceCoverage="0" branchCoverage="0" isConstructor="false" isStatic="false" isGetter="true" isSetter="false">
              <Summary numSequencePoints="1" visitedSequencePoints="0" numBranchPoints="1" visitedBranchPoints="0" sequenceCoverage="0" branchCoverage="0" maxCyclomaticComplexity="1" minCyclomaticComplexity="1" visitedClasses="0" numClasses="0" visitedMethods="0" numMethods="1" />
              <MetadataToken>100663415</MetadataToken>
              <Name>System.String DB_Location_XReferencer.Core.PeakbaggerLocation::get_Land()</Name>
              <FileRef uid="12" />
              <SequencePoints>
                <SequencePoint vc="0" uspid="889" ordinal="0" offset="0" sl="60" sc="30" el="60" ec="34" bec="0" bev="0" fileid="12" />
              </SequencePoints>
              <BranchPoints />
              <MethodPoint xsi:type="SequencePoint" vc="0" uspid="889" ordinal="0" offset="0" sl="60" sc="30" el="60" ec="34" bec="0" bev="0" fileid="12" />
            </Method>
            <Method visited="false" cyclomaticComplexity="1" nPathComplexity="0" sequenceCoverage="0" branchCoverage="0" isConstructor="false" isStatic="false" isGetter="false" isSetter="true">
              <Summary numSequencePoints="1" visitedSequencePoints="0" numBranchPoints="1" visitedBranchPoints="0" sequenceCoverage="0" branchCoverage="0" maxCyclomaticComplexity="1" minCyclomaticComplexity="1" visitedClasses="0" numClasses="0" visitedMethods="0" numMethods="1" />
              <MetadataToken>100663416</MetadataToken>
              <Name>System.Void DB_Location_XReferencer.Core.PeakbaggerLocation::set_Land(System.String)</Name>
              <FileRef uid="12" />
              <SequencePoints>
                <SequencePoint vc="0" uspid="890" ordinal="0" offset="0" sl="60" sc="35" el="60" ec="39" bec="0" bev="0" fileid="12" />
              </SequencePoints>
              <BranchPoints />
              <MethodPoint xsi:type="SequencePoint" vc="0" uspid="890" ordinal="0" offset="0" sl="60" sc="35" el="60" ec="39" bec="0" bev="0" fileid="12" />
            </Method>
            <Method visited="false" cyclomaticComplexity="1" nPathComplexity="0" sequenceCoverage="0" branchCoverage="0" isConstructor="false" isStatic="false" isGetter="true" isSetter="false">
              <Summary numSequencePoints="1" visitedSequencePoints="0" numBranchPoints="1" visitedBranchPoints="0" sequenceCoverage="0" branchCoverage="0" maxCyclomaticComplexity="1" minCyclomaticComplexity="1" visitedClasses="0" numClasses="0" visitedMethods="0" numMethods="1" />
              <MetadataToken>100663417</MetadataToken>
              <Name>System.String DB_Location_XReferencer.Core.PeakbaggerLocation::get_Wilderness_SpecialArea()</Name>
              <FileRef uid="12" />
              <SequencePoints>
                <SequencePoint vc="0" uspid="891" ordinal="0" offset="0" sl="65" sc="48" el="65" ec="52" bec="0" bev="0" fileid="12" />
              </SequencePoints>
              <BranchPoints />
              <MethodPoint xsi:type="SequencePoint" vc="0" uspid="891" ordinal="0" offset="0" sl="65" sc="48" el="65" ec="52" bec="0" bev="0" fileid="12" />
            </Method>
            <Method visited="false" cyclomaticComplexity="1" nPathComplexity="0" sequenceCoverage="0" branchCoverage="0" isConstructor="false" isStatic="false" isGetter="false" isSetter="true">
              <Summary numSequencePoints="1" visitedSequencePoints="0" numBranchPoints="1" visitedBranchPoints="0" sequenceCoverage="0" branchCoverage="0" maxCyclomaticComplexity="1" minCyclomaticComplexity="1" visitedClasses="0" numClasses="0" visitedMethods="0" numMethods="1" />
              <MetadataToken>100663418</MetadataToken>
              <Name>System.Void DB_Location_XReferencer.Core.PeakbaggerLocation::set_Wilderness_SpecialArea(System.String)</Name>
              <FileRef uid="12" />
              <SequencePoints>
                <SequencePoint vc="0" uspid="892" ordinal="0" offset="0" sl="65" sc="53" el="65" ec="57" bec="0" bev="0" fileid="12" />
              </SequencePoints>
              <BranchPoints />
              <MethodPoint xsi:type="SequencePoint" vc="0" uspid="892" ordinal="0" offset="0" sl="65" sc="53" el="65" ec="57" bec="0" bev="0" fileid="12" />
            </Method>
            <Method visited="false" cyclomaticComplexity="1" nPathComplexity="0" sequenceCoverage="0" branchCoverage="0" isConstructor="false" isStatic="false" isGetter="true" isSetter="false">
              <Summary numSequencePoints="1" visitedSequencePoints="0" numBranchPoints="1" visitedBranchPoints="0" sequenceCoverage="0" branchCoverage="0" maxCyclomaticComplexity="1" minCyclomaticComplexity="1" visitedClasses="0" numClasses="0" visitedMethods="0" numMethods="1" />
              <MetadataToken>100663419</MetadataToken>
              <Name>System.String DB_Location_XReferencer.Core.PeakbaggerLocation::get_State_Province1()</Name>
              <FileRef uid="12" />
              <SequencePoints>
                <SequencePoint vc="0" uspid="893" ordinal="0" offset="0" sl="70" sc="41" el="70" ec="45" bec="0" bev="0" fileid="12" />
              </SequencePoints>
              <BranchPoints />
              <MethodPoint xsi:type="SequencePoint" vc="0" uspid="893" ordinal="0" offset="0" sl="70" sc="41" el="70" ec="45" bec="0" bev="0" fileid="12" />
            </Method>
            <Method visited="false" cyclomaticComplexity="1" nPathComplexity="0" sequenceCoverage="0" branchCoverage="0" isConstructor="false" isStatic="false" isGetter="false" isSetter="true">
              <Summary numSequencePoints="1" visitedSequencePoints="0" numBranchPoints="1" visitedBranchPoints="0" sequenceCoverage="0" branchCoverage="0" maxCyclomaticComplexity="1" minCyclomaticComplexity="1" visitedClasses="0" numClasses="0" visitedMethods="0" numMethods="1" />
              <MetadataToken>100663420</MetadataToken>
              <Name>System.Void DB_Location_XReferencer.Core.PeakbaggerLocation::set_State_Province1(System.String)</Name>
              <FileRef uid="12" />
              <SequencePoints>
                <SequencePoint vc="0" uspid="894" ordinal="0" offset="0" sl="70" sc="46" el="70" ec="50" bec="0" bev="0" fileid="12" />
              </SequencePoints>
              <BranchPoints />
              <MethodPoint xsi:type="SequencePoint" vc="0" uspid="894" ordinal="0" offset="0" sl="70" sc="46" el="70" ec="50" bec="0" bev="0" fileid="12" />
            </Method>
            <Method visited="false" cyclomaticComplexity="1" nPathComplexity="0" sequenceCoverage="0" branchCoverage="0" isConstructor="false" isStatic="false" isGetter="true" isSetter="false">
              <Summary numSequencePoints="1" visitedSequencePoints="0" numBranchPoints="1" visitedBranchPoints="0" sequenceCoverage="0" branchCoverage="0" maxCyclomaticComplexity="1" minCyclomaticComplexity="1" visitedClasses="0" numClasses="0" visitedMethods="0" numMethods="1" />
              <MetadataToken>100663421</MetadataToken>
              <Name>System.String DB_Location_XReferencer.Core.PeakbaggerLocation::get_State_Province2()</Name>
              <FileRef uid="12" />
              <SequencePoints>
                <SequencePoint vc="0" uspid="895" ordinal="0" offset="0" sl="75" sc="41" el="75" ec="45" bec="0" bev="0" fileid="12" />
              </SequencePoints>
              <BranchPoints />
              <MethodPoint xsi:type="SequencePoint" vc="0" uspid="895" ordinal="0" offset="0" sl="75" sc="41" el="75" ec="45" bec="0" bev="0" fileid="12" />
            </Method>
            <Method visited="false" cyclomaticComplexity="1" nPathComplexity="0" sequenceCoverage="0" branchCoverage="0" isConstructor="false" isStatic="false" isGetter="false" isSetter="true">
              <Summary numSequencePoints="1" visitedSequencePoints="0" numBranchPoints="1" visitedBranchPoints="0" sequenceCoverage="0" branchCoverage="0" maxCyclomaticComplexity="1" minCyclomaticComplexity="1" visitedClasses="0" numClasses="0" visitedMethods="0" numMethods="1" />
              <MetadataToken>100663422</MetadataToken>
              <Name>System.Void DB_Location_XReferencer.Core.PeakbaggerLocation::set_State_Province2(System.String)</Name>
              <FileRef uid="12" />
              <SequencePoints>
                <SequencePoint vc="0" uspid="896" ordinal="0" offset="0" sl="75" sc="46" el="75" ec="50" bec="0" bev="0" fileid="12" />
              </SequencePoints>
              <BranchPoints />
              <MethodPoint xsi:type="SequencePoint" vc="0" uspid="896" ordinal="0" offset="0" sl="75" sc="46" el="75" ec="50" bec="0" bev="0" fileid="12" />
            </Method>
            <Method visited="false" cyclomaticComplexity="1" nPathComplexity="0" sequenceCoverage="0" branchCoverage="0" isConstructor="false" isStatic="false" isGetter="true" isSetter="false">
              <Summary numSequencePoints="1" visitedSequencePoints="0" numBranchPoints="1" visitedBranchPoints="0" sequenceCoverage="0" branchCoverage="0" maxCyclomaticComplexity="1" minCyclomaticComplexity="1" visitedClasses="0" numClasses="0" visitedMethods="0" numMethods="1" />
              <MetadataToken>100663423</MetadataToken>
              <Name>System.String DB_Location_XReferencer.Core.PeakbaggerLocation::get_Range1()</Name>
              <FileRef uid="12" />
              <SequencePoints>
                <SequencePoint vc="0" uspid="897" ordinal="0" offset="0" sl="80" sc="32" el="80" ec="36" bec="0" bev="0" fileid="12" />
              </SequencePoints>
              <BranchPoints />
              <MethodPoint xsi:type="SequencePoint" vc="0" uspid="897" ordinal="0" offset="0" sl="80" sc="32" el="80" ec="36" bec="0" bev="0" fileid="12" />
            </Method>
            <Method visited="false" cyclomaticComplexity="1" nPathComplexity="0" sequenceCoverage="0" branchCoverage="0" isConstructor="false" isStatic="false" isGetter="false" isSetter="true">
              <Summary numSequencePoints="1" visitedSequencePoints="0" numBranchPoints="1" visitedBranchPoints="0" sequenceCoverage="0" branchCoverage="0" maxCyclomaticComplexity="1" minCyclomaticComplexity="1" visitedClasses="0" numClasses="0" visitedMethods="0" numMethods="1" />
              <MetadataToken>100663424</MetadataToken>
              <Name>System.Void DB_Location_XReferencer.Core.PeakbaggerLocation::set_Range1(System.String)</Name>
              <FileRef uid="12" />
              <SequencePoints>
                <SequencePoint vc="0" uspid="898" ordinal="0" offset="0" sl="80" sc="37" el="80" ec="41" bec="0" bev="0" fileid="12" />
              </SequencePoints>
              <BranchPoints />
              <MethodPoint xsi:type="SequencePoint" vc="0" uspid="898" ordinal="0" offset="0" sl="80" sc="37" el="80" ec="41" bec="0" bev="0" fileid="12" />
            </Method>
            <Method visited="false" cyclomaticComplexity="1" nPathComplexity="0" sequenceCoverage="0" branchCoverage="0" isConstructor="false" isStatic="false" isGetter="true" isSetter="false">
              <Summary numSequencePoints="1" visitedSequencePoints="0" numBranchPoints="1" visitedBranchPoints="0" sequenceCoverage="0" branchCoverage="0" maxCyclomaticComplexity="1" minCyclomaticComplexity="1" visitedClasses="0" numClasses="0" visitedMethods="0" numMethods="1" />
              <MetadataToken>100663425</MetadataToken>
              <Name>System.String DB_Location_XReferencer.Core.PeakbaggerLocation::get_Range2()</Name>
              <FileRef uid="12" />
              <SequencePoints>
                <SequencePoint vc="0" uspid="899" ordinal="0" offset="0" sl="85" sc="32" el="85" ec="36" bec="0" bev="0" fileid="12" />
              </SequencePoints>
              <BranchPoints />
              <MethodPoint xsi:type="SequencePoint" vc="0" uspid="899" ordinal="0" offset="0" sl="85" sc="32" el="85" ec="36" bec="0" bev="0" fileid="12" />
            </Method>
            <Method visited="false" cyclomaticComplexity="1" nPathComplexity="0" sequenceCoverage="0" branchCoverage="0" isConstructor="false" isStatic="false" isGetter="false" isSetter="true">
              <Summary numSequencePoints="1" visitedSequencePoints="0" numBranchPoints="1" visitedBranchPoints="0" sequenceCoverage="0" branchCoverage="0" maxCyclomaticComplexity="1" minCyclomaticComplexity="1" visitedClasses="0" numClasses="0" visitedMethods="0" numMethods="1" />
              <MetadataToken>100663426</MetadataToken>
              <Name>System.Void DB_Location_XReferencer.Core.PeakbaggerLocation::set_Range2(System.String)</Name>
              <FileRef uid="12" />
              <SequencePoints>
                <SequencePoint vc="0" uspid="900" ordinal="0" offset="0" sl="85" sc="37" el="85" ec="41" bec="0" bev="0" fileid="12" />
              </SequencePoints>
              <BranchPoints />
              <MethodPoint xsi:type="SequencePoint" vc="0" uspid="900" ordinal="0" offset="0" sl="85" sc="37" el="85" ec="41" bec="0" bev="0" fileid="12" />
            </Method>
            <Method visited="false" cyclomaticComplexity="1" nPathComplexity="0" sequenceCoverage="0" branchCoverage="0" isConstructor="false" isStatic="false" isGetter="true" isSetter="false">
              <Summary numSequencePoints="1" visitedSequencePoints="0" numBranchPoints="1" visitedBranchPoints="0" sequenceCoverage="0" branchCoverage="0" maxCyclomaticComplexity="1" minCyclomaticComplexity="1" visitedClasses="0" numClasses="0" visitedMethods="0" numMethods="1" />
              <MetadataToken>100663427</MetadataToken>
              <Name>System.String DB_Location_XReferencer.Core.PeakbaggerLocation::get_Range3()</Name>
              <FileRef uid="12" />
              <SequencePoints>
                <SequencePoint vc="0" uspid="901" ordinal="0" offset="0" sl="90" sc="32" el="90" ec="36" bec="0" bev="0" fileid="12" />
              </SequencePoints>
              <BranchPoints />
              <MethodPoint xsi:type="SequencePoint" vc="0" uspid="901" ordinal="0" offset="0" sl="90" sc="32" el="90" ec="36" bec="0" bev="0" fileid="12" />
            </Method>
            <Method visited="false" cyclomaticComplexity="1" nPathComplexity="0" sequenceCoverage="0" branchCoverage="0" isConstructor="false" isStatic="false" isGetter="false" isSetter="true">
              <Summary numSequencePoints="1" visitedSequencePoints="0" numBranchPoints="1" visitedBranchPoints="0" sequenceCoverage="0" branchCoverage="0" maxCyclomaticComplexity="1" minCyclomaticComplexity="1" visitedClasses="0" numClasses="0" visitedMethods="0" numMethods="1" />
              <MetadataToken>100663428</MetadataToken>
              <Name>System.Void DB_Location_XReferencer.Core.PeakbaggerLocation::set_Range3(System.String)</Name>
              <FileRef uid="12" />
              <SequencePoints>
                <SequencePoint vc="0" uspid="902" ordinal="0" offset="0" sl="90" sc="37" el="90" ec="41" bec="0" bev="0" fileid="12" />
              </SequencePoints>
              <BranchPoints />
              <MethodPoint xsi:type="SequencePoint" vc="0" uspid="902" ordinal="0" offset="0" sl="90" sc="37" el="90" ec="41" bec="0" bev="0" fileid="12" />
            </Method>
            <Method visited="false" cyclomaticComplexity="1" nPathComplexity="0" sequenceCoverage="0" branchCoverage="0" isConstructor="false" isStatic="false" isGetter="true" isSetter="false">
              <Summary numSequencePoints="1" visitedSequencePoints="0" numBranchPoints="1" visitedBranchPoints="0" sequenceCoverage="0" branchCoverage="0" maxCyclomaticComplexity="1" minCyclomaticComplexity="1" visitedClasses="0" numClasses="0" visitedMethods="0" numMethods="1" />
              <MetadataToken>100663429</MetadataToken>
              <Name>System.String DB_Location_XReferencer.Core.PeakbaggerLocation::get_Range4()</Name>
              <FileRef uid="12" />
              <SequencePoints>
                <SequencePoint vc="0" uspid="903" ordinal="0" offset="0" sl="95" sc="32" el="95" ec="36" bec="0" bev="0" fileid="12" />
              </SequencePoints>
              <BranchPoints />
              <MethodPoint xsi:type="SequencePoint" vc="0" uspid="903" ordinal="0" offset="0" sl="95" sc="32" el="95" ec="36" bec="0" bev="0" fileid="12" />
            </Method>
            <Method visited="false" cyclomaticComplexity="1" nPathComplexity="0" sequenceCoverage="0" branchCoverage="0" isConstructor="false" isStatic="false" isGetter="false" isSetter="true">
              <Summary numSequencePoints="1" visitedSequencePoints="0" numBranchPoints="1" visitedBranchPoints="0" sequenceCoverage="0" branchCoverage="0" maxCyclomaticComplexity="1" minCyclomaticComplexity="1" visitedClasses="0" numClasses="0" visitedMethods="0" numMethods="1" />
              <MetadataToken>100663430</MetadataToken>
              <Name>System.Void DB_Location_XReferencer.Core.PeakbaggerLocation::set_Range4(System.String)</Name>
              <FileRef uid="12" />
              <SequencePoints>
                <SequencePoint vc="0" uspid="904" ordinal="0" offset="0" sl="95" sc="37" el="95" ec="41" bec="0" bev="0" fileid="12" />
              </SequencePoints>
              <BranchPoints />
              <MethodPoint xsi:type="SequencePoint" vc="0" uspid="904" ordinal="0" offset="0" sl="95" sc="37" el="95" ec="41" bec="0" bev="0" fileid="12" />
            </Method>
            <Method visited="false" cyclomaticComplexity="1" nPathComplexity="0" sequenceCoverage="0" branchCoverage="0" isConstructor="false" isStatic="false" isGetter="true" isSetter="false">
              <Summary numSequencePoints="1" visitedSequencePoints="0" numBranchPoints="1" visitedBranchPoints="0" sequenceCoverage="0" branchCoverage="0" maxCyclomaticComplexity="1" minCyclomaticComplexity="1" visitedClasses="0" numClasses="0" visitedMethods="0" numMethods="1" />
              <MetadataToken>100663431</MetadataToken>
              <Name>System.String DB_Location_XReferencer.Core.PeakbaggerLocation::get_Notes()</Name>
              <FileRef uid="12" />
              <SequencePoints>
                <SequencePoint vc="0" uspid="905" ordinal="0" offset="0" sl="100" sc="31" el="100" ec="35" bec="0" bev="0" fileid="12" />
              </SequencePoints>
              <BranchPoints />
              <MethodPoint xsi:type="SequencePoint" vc="0" uspid="905" ordinal="0" offset="0" sl="100" sc="31" el="100" ec="35" bec="0" bev="0" fileid="12" />
            </Method>
            <Method visited="false" cyclomaticComplexity="1" nPathComplexity="0" sequenceCoverage="0" branchCoverage="0" isConstructor="false" isStatic="false" isGetter="false" isSetter="true">
              <Summary numSequencePoints="1" visitedSequencePoints="0" numBranchPoints="1" visitedBranchPoints="0" sequenceCoverage="0" branchCoverage="0" maxCyclomaticComplexity="1" minCyclomaticComplexity="1" visitedClasses="0" numClasses="0" visitedMethods="0" numMethods="1" />
              <MetadataToken>100663432</MetadataToken>
              <Name>System.Void DB_Location_XReferencer.Core.PeakbaggerLocation::set_Notes(System.String)</Name>
              <FileRef uid="12" />
              <SequencePoints>
                <SequencePoint vc="0" uspid="906" ordinal="0" offset="0" sl="100" sc="36" el="100" ec="40" bec="0" bev="0" fileid="12" />
              </SequencePoints>
              <BranchPoints />
              <MethodPoint xsi:type="SequencePoint" vc="0" uspid="906" ordinal="0" offset="0" sl="100" sc="36" el="100" ec="40" bec="0" bev="0" fileid="12" />
            </Method>
            <Method visited="false" cyclomaticComplexity="1" nPathComplexity="0" sequenceCoverage="0" branchCoverage="0" isConstructor="false" isStatic="false" isGetter="true" isSetter="false">
              <Summary numSequencePoints="1" visitedSequencePoints="0" numBranchPoints="1" visitedBranchPoints="0" sequenceCoverage="0" branchCoverage="0" maxCyclomaticComplexity="1" minCyclomaticComplexity="1" visitedClasses="0" numClasses="0" visitedMethods="0" numMethods="1" />
              <MetadataToken>100663433</MetadataToken>
              <Name>System.String DB_Location_XReferencer.Core.PeakbaggerLocation::get_URL()</Name>
              <FileRef uid="12" />
              <SequencePoints>
                <SequencePoint vc="0" uspid="907" ordinal="0" offset="0" sl="105" sc="29" el="105" ec="33" bec="0" bev="0" fileid="12" />
              </SequencePoints>
              <BranchPoints />
              <MethodPoint xsi:type="SequencePoint" vc="0" uspid="907" ordinal="0" offset="0" sl="105" sc="29" el="105" ec="33" bec="0" bev="0" fileid="12" />
            </Method>
            <Method visited="false" cyclomaticComplexity="1" nPathComplexity="0" sequenceCoverage="0" branchCoverage="0" isConstructor="false" isStatic="false" isGetter="false" isSetter="true">
              <Summary numSequencePoints="1" visitedSequencePoints="0" numBranchPoints="1" visitedBranchPoints="0" sequenceCoverage="0" branchCoverage="0" maxCyclomaticComplexity="1" minCyclomaticComplexity="1" visitedClasses="0" numClasses="0" visitedMethods="0" numMethods="1" />
              <MetadataToken>100663434</MetadataToken>
              <Name>System.Void DB_Location_XReferencer.Core.PeakbaggerLocation::set_URL(System.String)</Name>
              <FileRef uid="12" />
              <SequencePoints>
                <SequencePoint vc="0" uspid="908" ordinal="0" offset="0" sl="105" sc="34" el="105" ec="38" bec="0" bev="0" fileid="12" />
              </SequencePoints>
              <BranchPoints />
              <MethodPoint xsi:type="SequencePoint" vc="0" uspid="908" ordinal="0" offset="0" sl="105" sc="34" el="105" ec="38" bec="0" bev="0" fileid="12" />
            </Method>
            <Method visited="false" cyclomaticComplexity="1" nPathComplexity="0" sequenceCoverage="0" branchCoverage="0" isConstructor="true" isStatic="false" isGetter="false" isSetter="false">
              <Summary numSequencePoints="0" visitedSequencePoints="0" numBranchPoints="0" visitedBranchPoints="0" sequenceCoverage="0" branchCoverage="0" maxCyclomaticComplexity="1" minCyclomaticComplexity="1" visitedClasses="0" numClasses="0" visitedMethods="0" numMethods="0" />
              <MetadataToken>100663435</MetadataToken>
              <Name>System.Void DB_Location_XReferencer.Core.PeakbaggerLocation::.ctor()</Name>
              <SequencePoints />
              <BranchPoints />
              <MethodPoint vc="0" uspid="909" ordinal="0" offset="0" />
            </Method>
          </Methods>
        </Class>
      </Classes>
    </Module>
  </Modules>
</CoverageSession>